Component: ARM Compiler 5.06 update 6 (build 750) Tool: armlink [4d35ed]

==============================================================================

Section Cross References

    system_stm32f0xx.o(i.SystemCoreClockUpdate) refers to uidiv.o(.text) for __aeabi_uidivmod
    system_stm32f0xx.o(i.SystemCoreClockUpdate) refers to system_stm32f0xx.o(.data) for .data
    system_stm32f0xx.o(i.SystemCoreClockUpdate) refers to system_stm32f0xx.o(.constdata) for .constdata
    stm32f0xx_ll_utils.o(i.LL_Init1msTick) refers to uidiv.o(.text) for __aeabi_uidivmod
    stm32f0xx_ll_utils.o(i.LL_PLL_ConfigSystemClock_HSE) refers to stm32f0xx_ll_utils.o(i.UTILS_PLL_IsBusy) for UTILS_PLL_IsBusy
    stm32f0xx_ll_utils.o(i.LL_PLL_ConfigSystemClock_HSE) refers to stm32f0xx_ll_utils.o(i.UTILS_GetPLLOutputFrequency) for UTILS_GetPLLOutputFrequency
    stm32f0xx_ll_utils.o(i.LL_PLL_ConfigSystemClock_HSE) refers to stm32f0xx_ll_utils.o(i.LL_RCC_PLL_ConfigDomain_SYS) for LL_RCC_PLL_ConfigDomain_SYS
    stm32f0xx_ll_utils.o(i.LL_PLL_ConfigSystemClock_HSE) refers to stm32f0xx_ll_utils.o(i.UTILS_EnablePLLAndSwitchSystem) for UTILS_EnablePLLAndSwitchSystem
    stm32f0xx_ll_utils.o(i.LL_PLL_ConfigSystemClock_HSI) refers to stm32f0xx_ll_utils.o(i.UTILS_PLL_IsBusy) for UTILS_PLL_IsBusy
    stm32f0xx_ll_utils.o(i.LL_PLL_ConfigSystemClock_HSI) refers to stm32f0xx_ll_utils.o(i.UTILS_GetPLLOutputFrequency) for UTILS_GetPLLOutputFrequency
    stm32f0xx_ll_utils.o(i.LL_PLL_ConfigSystemClock_HSI) refers to stm32f0xx_ll_utils.o(i.LL_RCC_PLL_ConfigDomain_SYS) for LL_RCC_PLL_ConfigDomain_SYS
    stm32f0xx_ll_utils.o(i.LL_PLL_ConfigSystemClock_HSI) refers to stm32f0xx_ll_utils.o(i.UTILS_EnablePLLAndSwitchSystem) for UTILS_EnablePLLAndSwitchSystem
    stm32f0xx_ll_utils.o(i.LL_PLL_ConfigSystemClock_HSI48) refers to stm32f0xx_ll_utils.o(i.UTILS_PLL_IsBusy) for UTILS_PLL_IsBusy
    stm32f0xx_ll_utils.o(i.LL_PLL_ConfigSystemClock_HSI48) refers to stm32f0xx_ll_utils.o(i.UTILS_GetPLLOutputFrequency) for UTILS_GetPLLOutputFrequency
    stm32f0xx_ll_utils.o(i.LL_PLL_ConfigSystemClock_HSI48) refers to stm32f0xx_ll_utils.o(i.LL_RCC_PLL_ConfigDomain_SYS) for LL_RCC_PLL_ConfigDomain_SYS
    stm32f0xx_ll_utils.o(i.LL_PLL_ConfigSystemClock_HSI48) refers to stm32f0xx_ll_utils.o(i.UTILS_EnablePLLAndSwitchSystem) for UTILS_EnablePLLAndSwitchSystem
    stm32f0xx_ll_utils.o(i.LL_SetSystemCoreClock) refers to system_stm32f0xx.o(.data) for SystemCoreClock
    stm32f0xx_ll_utils.o(i.UTILS_EnablePLLAndSwitchSystem) refers to stm32f0xx_ll_utils.o(i.UTILS_SetFlashLatency) for UTILS_SetFlashLatency
    stm32f0xx_ll_utils.o(i.UTILS_EnablePLLAndSwitchSystem) refers to system_stm32f0xx.o(.constdata) for AHBPrescTable
    stm32f0xx_ll_utils.o(i.UTILS_EnablePLLAndSwitchSystem) refers to system_stm32f0xx.o(.data) for SystemCoreClock
    stm32f0xx_ll_utils.o(i.UTILS_GetPLLOutputFrequency) refers to uidiv.o(.text) for __aeabi_uidivmod
    startup_stm32f072xb.o(RESET) refers to startup_stm32f072xb.o(STACK) for __initial_sp
    startup_stm32f072xb.o(RESET) refers to startup_stm32f072xb.o(.text) for Reset_Handler
    startup_stm32f072xb.o(RESET) refers to stm32f0xx_it.o(i.NMI_Handler) for NMI_Handler
    startup_stm32f072xb.o(RESET) refers to stm32f0xx_it.o(i.HardFault_Handler) for HardFault_Handler
    startup_stm32f072xb.o(RESET) refers to stm32f0xx_it.o(i.SVC_Handler) for SVC_Handler
    startup_stm32f072xb.o(RESET) refers to stm32f0xx_it.o(i.PendSV_Handler) for PendSV_Handler
    startup_stm32f072xb.o(RESET) refers to stm32f0xx_it.o(i.SysTick_Handler) for SysTick_Handler
    startup_stm32f072xb.o(RESET) refers to stm32f0xx_it.o(i.EXTI4_15_IRQHandler) for EXTI4_15_IRQHandler
    startup_stm32f072xb.o(RESET) refers to stm32f0xx_it.o(i.USART2_IRQHandler) for USART2_IRQHandler
    startup_stm32f072xb.o(.text) refers to system_stm32f0xx.o(i.SystemInit) for SystemInit
    startup_stm32f072xb.o(.text) refers to entry.o(.ARM.Collect$$$$00000000) for __main
    main.o(i.Configure_USART) refers to main.o(i.LL_AHB1_GRP1_EnableClock) for LL_AHB1_GRP1_EnableClock
    main.o(i.Configure_USART) refers to main.o(i.LL_GPIO_SetPinMode) for LL_GPIO_SetPinMode
    main.o(i.Configure_USART) refers to main.o(i.LL_GPIO_SetAFPin_0_7) for LL_GPIO_SetAFPin_0_7
    main.o(i.Configure_USART) refers to main.o(i.LL_GPIO_SetPinSpeed) for LL_GPIO_SetPinSpeed
    main.o(i.Configure_USART) refers to main.o(i.LL_GPIO_SetPinPull) for LL_GPIO_SetPinPull
    main.o(i.Configure_USART) refers to main.o(i.__NVIC_SetPriority) for __NVIC_SetPriority
    main.o(i.Configure_USART) refers to main.o(i.__NVIC_EnableIRQ) for __NVIC_EnableIRQ
    main.o(i.Configure_USART) refers to uidiv.o(.text) for __aeabi_uidivmod
    main.o(i.Configure_USART) refers to system_stm32f0xx.o(.data) for SystemCoreClock
    main.o(i.Error_Callback) refers to main.o(i.LED_Blinking) for LED_Blinking
    main.o(i.HandleContinuousReception) refers to main.o(i.UserDataTreatment) for UserDataTreatment
    main.o(i.HandleContinuousReception) refers to main.o(.data) for .data
    main.o(i.LED_Blinking) refers to stm32f0xx_ll_utils.o(i.LL_mDelay) for LL_mDelay
    main.o(i.LED_Init) refers to main.o(i.LL_AHB1_GRP1_EnableClock) for LL_AHB1_GRP1_EnableClock
    main.o(i.LED_Init) refers to main.o(i.LL_GPIO_SetPinMode) for LL_GPIO_SetPinMode
    main.o(i.StartReception) refers to main.o(i.PrintInfo) for PrintInfo
    main.o(i.StartReception) refers to main.o(.bss) for .bss
    main.o(i.StartReception) refers to main.o(.data) for .data
    main.o(i.SystemClock_Config) refers to stm32f0xx_ll_utils.o(i.LL_Init1msTick) for LL_Init1msTick
    main.o(i.SystemClock_Config) refers to stm32f0xx_ll_utils.o(i.LL_SetSystemCoreClock) for LL_SetSystemCoreClock
    main.o(i.USART_CharReception_Callback) refers to main.o(.data) for .data
    main.o(i.UserButton_Callback) refers to main.o(.data) for .data
    main.o(i.UserButton_Init) refers to main.o(i.LL_AHB1_GRP1_EnableClock) for LL_AHB1_GRP1_EnableClock
    main.o(i.UserButton_Init) refers to main.o(i.LL_GPIO_SetPinMode) for LL_GPIO_SetPinMode
    main.o(i.UserButton_Init) refers to main.o(i.LL_GPIO_SetPinPull) for LL_GPIO_SetPinPull
    main.o(i.UserButton_Init) refers to main.o(i.__NVIC_SetPriority) for __NVIC_SetPriority
    main.o(i.UserButton_Init) refers to main.o(i.__NVIC_EnableIRQ) for __NVIC_EnableIRQ
    main.o(i.UserDataTreatment) refers to main.o(i.PrintInfo) for PrintInfo
    main.o(i.UserDataTreatment) refers to main.o(.data) for .data
    main.o(i.WaitForUserButtonPress) refers to stm32f0xx_ll_utils.o(i.LL_mDelay) for LL_mDelay
    main.o(i.WaitForUserButtonPress) refers to main.o(.data) for .data
    main.o(i.main) refers to main.o(i.SystemClock_Config) for SystemClock_Config
    main.o(i.main) refers to main.o(i.LED_Init) for LED_Init
    main.o(i.main) refers to main.o(i.UserButton_Init) for UserButton_Init
    main.o(i.main) refers to main.o(i.Configure_USART) for Configure_USART
    main.o(i.main) refers to main.o(i.WaitForUserButtonPress) for WaitForUserButtonPress
    main.o(i.main) refers to main.o(i.StartReception) for StartReception
    main.o(i.main) refers to main.o(i.HandleContinuousReception) for HandleContinuousReception
    stm32f0xx_it.o(i.EXTI4_15_IRQHandler) refers to main.o(i.UserButton_Callback) for UserButton_Callback
    stm32f0xx_it.o(i.USART2_IRQHandler) refers to main.o(i.USART_CharReception_Callback) for USART_CharReception_Callback
    stm32f0xx_it.o(i.USART2_IRQHandler) refers to main.o(i.Error_Callback) for Error_Callback
    entry.o(.ARM.Collect$$$$00000000) refers (Special) to entry10a.o(.ARM.Collect$$$$0000000D) for __rt_final_cpp
    entry.o(.ARM.Collect$$$$00000000) refers (Special) to entry11a.o(.ARM.Collect$$$$0000000F) for __rt_final_exit
    entry.o(.ARM.Collect$$$$00000000) refers (Special) to entry7b.o(.ARM.Collect$$$$00000008) for _main_clock
    entry.o(.ARM.Collect$$$$00000000) refers (Special) to entry8b.o(.ARM.Collect$$$$0000000A) for _main_cpp_init
    entry.o(.ARM.Collect$$$$00000000) refers (Special) to entry9a.o(.ARM.Collect$$$$0000000B) for _main_init
    entry.o(.ARM.Collect$$$$00000000) refers (Special) to entry5.o(.ARM.Collect$$$$00000004) for _main_scatterload
    entry.o(.ARM.Collect$$$$00000000) refers (Special) to entry2.o(.ARM.Collect$$$$00000001) for _main_stk
    entry2.o(.ARM.Collect$$$$00000001) refers to entry2.o(.ARM.Collect$$$$00002712) for __lit__00000000
    entry2.o(.ARM.Collect$$$$00002712) refers to startup_stm32f072xb.o(STACK) for __initial_sp
    entry2.o(__vectab_stack_and_reset_area) refers to startup_stm32f072xb.o(STACK) for __initial_sp
    entry2.o(__vectab_stack_and_reset_area) refers to entry.o(.ARM.Collect$$$$00000000) for __main
    entry5.o(.ARM.Collect$$$$00000004) refers to init.o(.text) for __scatterload
    entry9a.o(.ARM.Collect$$$$0000000B) refers to main.o(i.main) for main
    entry9b.o(.ARM.Collect$$$$0000000C) refers to main.o(i.main) for main
    init.o(.text) refers to entry5.o(.ARM.Collect$$$$00000004) for __main_after_scatterload


==============================================================================

Removing Unused input sections from the image.

    Removing system_stm32f0xx.o(.rev16_text), (4 bytes).
    Removing system_stm32f0xx.o(.revsh_text), (4 bytes).
    Removing system_stm32f0xx.o(i.SystemCoreClockUpdate), (112 bytes).
    Removing system_stm32f0xx.o(.constdata), (16 bytes).
    Removing system_stm32f0xx.o(.constdata), (8 bytes).
    Removing stm32f0xx_ll_utils.o(.rev16_text), (4 bytes).
    Removing stm32f0xx_ll_utils.o(.revsh_text), (4 bytes).
    Removing stm32f0xx_ll_utils.o(i.LL_PLL_ConfigSystemClock_HSE), (100 bytes).
    Removing stm32f0xx_ll_utils.o(i.LL_PLL_ConfigSystemClock_HSI), (84 bytes).
    Removing stm32f0xx_ll_utils.o(i.LL_PLL_ConfigSystemClock_HSI48), (84 bytes).
    Removing stm32f0xx_ll_utils.o(i.LL_RCC_PLL_ConfigDomain_SYS), (36 bytes).
    Removing stm32f0xx_ll_utils.o(i.UTILS_EnablePLLAndSwitchSystem), (152 bytes).
    Removing stm32f0xx_ll_utils.o(i.UTILS_GetPLLOutputFrequency), (28 bytes).
    Removing stm32f0xx_ll_utils.o(i.UTILS_PLL_IsBusy), (20 bytes).
    Removing stm32f0xx_ll_utils.o(i.UTILS_SetFlashLatency), (52 bytes).
    Removing startup_stm32f072xb.o(HEAP), (512 bytes).
    Removing main.o(.rev16_text), (4 bytes).
    Removing main.o(.revsh_text), (4 bytes).
    Removing main.o(i.LED_Off), (10 bytes).
    Removing stm32f0xx_it.o(.rev16_text), (4 bytes).
    Removing stm32f0xx_it.o(.revsh_text), (4 bytes).

21 unused section(s) (total 1246 bytes) removed from the image.

==============================================================================

Image Symbol Table

    Local Symbols

    Symbol Name                              Value     Ov Type        Size  Object(Section)

    ../../../../../../Drivers/STM32F0xx_HAL_Driver/Src/stm32f0xx_ll_utils.c 0x00000000   Number         0  stm32f0xx_ll_utils.o ABSOLUTE
    ../Src/main.c                            0x00000000   Number         0  main.o ABSOLUTE
    ../Src/stm32f0xx_it.c                    0x00000000   Number         0  stm32f0xx_it.o ABSOLUTE
    ../Src/system_stm32f0xx.c                0x00000000   Number         0  system_stm32f0xx.o ABSOLUTE
    ../clib/microlib/division.c              0x00000000   Number         0  uidiv.o ABSOLUTE
    ../clib/microlib/init/entry.s            0x00000000   Number         0  entry8a.o ABSOLUTE
    ../clib/microlib/init/entry.s            0x00000000   Number         0  entry11a.o ABSOLUTE
    ../clib/microlib/init/entry.s            0x00000000   Number         0  entry10b.o ABSOLUTE
    ../clib/microlib/init/entry.s            0x00000000   Number         0  entry10a.o ABSOLUTE
    ../clib/microlib/init/entry.s            0x00000000   Number         0  entry9b.o ABSOLUTE
    ../clib/microlib/init/entry.s            0x00000000   Number         0  entry11b.o ABSOLUTE
    ../clib/microlib/init/entry.s            0x00000000   Number         0  entry.o ABSOLUTE
    ../clib/microlib/init/entry.s            0x00000000   Number         0  entry2.o ABSOLUTE
    ../clib/microlib/init/entry.s            0x00000000   Number         0  entry5.o ABSOLUTE
    ../clib/microlib/init/entry.s            0x00000000   Number         0  entry8b.o ABSOLUTE
    ../clib/microlib/init/entry.s            0x00000000   Number         0  entry7a.o ABSOLUTE
    ../clib/microlib/init/entry.s            0x00000000   Number         0  entry7b.o ABSOLUTE
    ../clib/microlib/init/entry.s            0x00000000   Number         0  entry9a.o ABSOLUTE
    ..\..\..\..\..\..\Drivers\STM32F0xx_HAL_Driver\Src\stm32f0xx_ll_utils.c 0x00000000   Number         0  stm32f0xx_ll_utils.o ABSOLUTE
    ..\Src\main.c                            0x00000000   Number         0  main.o ABSOLUTE
    ..\Src\stm32f0xx_it.c                    0x00000000   Number         0  stm32f0xx_it.o ABSOLUTE
    ..\Src\system_stm32f0xx.c                0x00000000   Number         0  system_stm32f0xx.o ABSOLUTE
    dc.s                                     0x00000000   Number         0  dc.o ABSOLUTE
    handlers.s                               0x00000000   Number         0  handlers.o ABSOLUTE
    init.s                                   0x00000000   Number         0  init.o ABSOLUTE
    startup_stm32f072xb.s                    0x00000000   Number         0  startup_stm32f072xb.o ABSOLUTE
    RESET                                    0x08000000   Section      192  startup_stm32f072xb.o(RESET)
    .ARM.Collect$$$$00000000                 0x080000c0   Section        0  entry.o(.ARM.Collect$$$$00000000)
    .ARM.Collect$$$$00000001                 0x080000c0   Section        4  entry2.o(.ARM.Collect$$$$00000001)
    .ARM.Collect$$$$00000004                 0x080000c4   Section        4  entry5.o(.ARM.Collect$$$$00000004)
    .ARM.Collect$$$$00000008                 0x080000c8   Section        0  entry7b.o(.ARM.Collect$$$$00000008)
    .ARM.Collect$$$$0000000A                 0x080000c8   Section        0  entry8b.o(.ARM.Collect$$$$0000000A)
    .ARM.Collect$$$$0000000B                 0x080000c8   Section        8  entry9a.o(.ARM.Collect$$$$0000000B)
    .ARM.Collect$$$$0000000D                 0x080000d0   Section        0  entry10a.o(.ARM.Collect$$$$0000000D)
    .ARM.Collect$$$$0000000F                 0x080000d0   Section        0  entry11a.o(.ARM.Collect$$$$0000000F)
    .ARM.Collect$$$$00002712                 0x080000d0   Section        4  entry2.o(.ARM.Collect$$$$00002712)
    __lit__00000000                          0x080000d0   Data           4  entry2.o(.ARM.Collect$$$$00002712)
    .text                                    0x080000d4   Section       28  startup_stm32f072xb.o(.text)
    .text                                    0x080000f0   Section        0  uidiv.o(.text)
    .text                                    0x0800011c   Section       36  init.o(.text)
    i.Configure_USART                        0x08000140   Section        0  main.o(i.Configure_USART)
    i.EXTI4_15_IRQHandler                    0x08000230   Section        0  stm32f0xx_it.o(i.EXTI4_15_IRQHandler)
    i.Error_Callback                         0x0800024c   Section        0  main.o(i.Error_Callback)
    i.HandleContinuousReception              0x08000280   Section        0  main.o(i.HandleContinuousReception)
    i.HardFault_Handler                      0x0800029c   Section        0  stm32f0xx_it.o(i.HardFault_Handler)
    i.LED_Blinking                           0x0800029e   Section        0  main.o(i.LED_Blinking)
    i.LED_Init                               0x080002b4   Section        0  main.o(i.LED_Init)
    i.LL_AHB1_GRP1_EnableClock               0x080002cc   Section        0  main.o(i.LL_AHB1_GRP1_EnableClock)
    LL_AHB1_GRP1_EnableClock                 0x080002cd   Thumb Code    18  main.o(i.LL_AHB1_GRP1_EnableClock)
    i.LL_GPIO_SetAFPin_0_7                   0x080002e4   Section        0  main.o(i.LL_GPIO_SetAFPin_0_7)
    LL_GPIO_SetAFPin_0_7                     0x080002e5   Thumb Code    26  main.o(i.LL_GPIO_SetAFPin_0_7)
    i.LL_GPIO_SetPinMode                     0x080002fe   Section        0  main.o(i.LL_GPIO_SetPinMode)
    LL_GPIO_SetPinMode                       0x080002ff   Thumb Code    20  main.o(i.LL_GPIO_SetPinMode)
    i.LL_GPIO_SetPinPull                     0x08000312   Section        0  main.o(i.LL_GPIO_SetPinPull)
    LL_GPIO_SetPinPull                       0x08000313   Thumb Code    20  main.o(i.LL_GPIO_SetPinPull)
    i.LL_GPIO_SetPinSpeed                    0x08000326   Section        0  main.o(i.LL_GPIO_SetPinSpeed)
    LL_GPIO_SetPinSpeed                      0x08000327   Thumb Code    20  main.o(i.LL_GPIO_SetPinSpeed)
    i.LL_Init1msTick                         0x0800033c   Section        0  stm32f0xx_ll_utils.o(i.LL_Init1msTick)
    i.LL_SetSystemCoreClock                  0x0800035c   Section        0  stm32f0xx_ll_utils.o(i.LL_SetSystemCoreClock)
    i.LL_mDelay                              0x08000368   Section        0  stm32f0xx_ll_utils.o(i.LL_mDelay)
    i.NMI_Handler                            0x08000388   Section        0  stm32f0xx_it.o(i.NMI_Handler)
    i.PendSV_Handler                         0x0800038a   Section        0  stm32f0xx_it.o(i.PendSV_Handler)
    i.PrintInfo                              0x0800038c   Section        0  main.o(i.PrintInfo)
    i.SVC_Handler                            0x080003b8   Section        0  stm32f0xx_it.o(i.SVC_Handler)
    i.StartReception                         0x080003bc   Section        0  main.o(i.StartReception)
    i.SysTick_Handler                        0x080003fc   Section        0  stm32f0xx_it.o(i.SysTick_Handler)
    i.SystemClock_Config                     0x08000400   Section        0  main.o(i.SystemClock_Config)
    i.SystemInit                             0x08000494   Section        0  system_stm32f0xx.o(i.SystemInit)
    i.USART2_IRQHandler                      0x080004f0   Section        0  stm32f0xx_it.o(i.USART2_IRQHandler)
    i.USART_CharReception_Callback           0x08000514   Section        0  main.o(i.USART_CharReception_Callback)
    i.UserButton_Callback                    0x08000548   Section        0  main.o(i.UserButton_Callback)
    i.UserButton_Init                        0x08000554   Section        0  main.o(i.UserButton_Init)
    i.UserDataTreatment                      0x080005c4   Section        0  main.o(i.UserDataTreatment)
    i.WaitForUserButtonPress                 0x080005f8   Section        0  main.o(i.WaitForUserButtonPress)
    i.__NVIC_EnableIRQ                       0x08000620   Section        0  main.o(i.__NVIC_EnableIRQ)
    __NVIC_EnableIRQ                         0x08000621   Thumb Code    18  main.o(i.__NVIC_EnableIRQ)
    i.__NVIC_SetPriority                     0x08000638   Section        0  main.o(i.__NVIC_SetPriority)
    __NVIC_SetPriority                       0x08000639   Thumb Code    60  main.o(i.__NVIC_SetPriority)
    i.__scatterload_copy                     0x0800067c   Section       14  handlers.o(i.__scatterload_copy)
    i.__scatterload_null                     0x0800068a   Section        2  handlers.o(i.__scatterload_null)
    i.__scatterload_zeroinit                 0x0800068c   Section       14  handlers.o(i.__scatterload_zeroinit)
    i.main                                   0x0800069a   Section        0  main.o(i.main)
    .data                                    0x20000000   Section        4  system_stm32f0xx.o(.data)
    .data                                    0x20000004   Section      164  main.o(.data)
    .bss                                     0x200000a8   Section       24  main.o(.bss)
    STACK                                    0x200000c0   Section     1024  startup_stm32f072xb.o(STACK)

    Global Symbols

    Symbol Name                              Value     Ov Type        Size  Object(Section)

    BuildAttributes$$THM_ISAv3M$S$PE$A:L22$X:L11$S22$IEEE1$IW$USESV6$~STKCKD$USESV7$~SHL$OSPACE$EBA8$MICROLIB$REQ8$PRES8$EABIv2 0x00000000   Number         0  anon$$obj.o ABSOLUTE
    __ARM_use_no_argv                        0x00000000   Number         0  main.o ABSOLUTE
    __cpp_initialize__aeabi_                  - Undefined Weak Reference
    __cxa_finalize                            - Undefined Weak Reference
    __decompress                              - Undefined Weak Reference
    _clock_init                               - Undefined Weak Reference
    _microlib_exit                            - Undefined Weak Reference
    __Vectors_Size                           0x000000c0   Number         0  startup_stm32f072xb.o ABSOLUTE
    __Vectors                                0x08000000   Data           4  startup_stm32f072xb.o(RESET)
    __Vectors_End                            0x080000c0   Data           0  startup_stm32f072xb.o(RESET)
    __main                                   0x080000c1   Thumb Code     0  entry.o(.ARM.Collect$$$$00000000)
    _main_stk                                0x080000c1   Thumb Code     0  entry2.o(.ARM.Collect$$$$00000001)
    _main_scatterload                        0x080000c5   Thumb Code     0  entry5.o(.ARM.Collect$$$$00000004)
    __main_after_scatterload                 0x080000c9   Thumb Code     0  entry5.o(.ARM.Collect$$$$00000004)
    _main_clock                              0x080000c9   Thumb Code     0  entry7b.o(.ARM.Collect$$$$00000008)
    _main_cpp_init                           0x080000c9   Thumb Code     0  entry8b.o(.ARM.Collect$$$$0000000A)
    _main_init                               0x080000c9   Thumb Code     0  entry9a.o(.ARM.Collect$$$$0000000B)
    __rt_final_cpp                           0x080000d1   Thumb Code     0  entry10a.o(.ARM.Collect$$$$0000000D)
    __rt_final_exit                          0x080000d1   Thumb Code     0  entry11a.o(.ARM.Collect$$$$0000000F)
    Reset_Handler                            0x080000d5   Thumb Code     8  startup_stm32f072xb.o(.text)
    ADC1_COMP_IRQHandler                     0x080000e7   Thumb Code     0  startup_stm32f072xb.o(.text)
    CEC_CAN_IRQHandler                       0x080000e7   Thumb Code     0  startup_stm32f072xb.o(.text)
    DMA1_Channel1_IRQHandler                 0x080000e7   Thumb Code     0  startup_stm32f072xb.o(.text)
    DMA1_Channel2_3_IRQHandler               0x080000e7   Thumb Code     0  startup_stm32f072xb.o(.text)
    DMA1_Channel4_5_6_7_IRQHandler           0x080000e7   Thumb Code     0  startup_stm32f072xb.o(.text)
    EXTI0_1_IRQHandler                       0x080000e7   Thumb Code     0  startup_stm32f072xb.o(.text)
    EXTI2_3_IRQHandler                       0x080000e7   Thumb Code     0  startup_stm32f072xb.o(.text)
    FLASH_IRQHandler                         0x080000e7   Thumb Code     0  startup_stm32f072xb.o(.text)
    I2C1_IRQHandler                          0x080000e7   Thumb Code     0  startup_stm32f072xb.o(.text)
    I2C2_IRQHandler                          0x080000e7   Thumb Code     0  startup_stm32f072xb.o(.text)
    PVD_VDDIO2_IRQHandler                    0x080000e7   Thumb Code     0  startup_stm32f072xb.o(.text)
    RCC_CRS_IRQHandler                       0x080000e7   Thumb Code     0  startup_stm32f072xb.o(.text)
    RTC_IRQHandler                           0x080000e7   Thumb Code     0  startup_stm32f072xb.o(.text)
    SPI1_IRQHandler                          0x080000e7   Thumb Code     0  startup_stm32f072xb.o(.text)
    SPI2_IRQHandler                          0x080000e7   Thumb Code     0  startup_stm32f072xb.o(.text)
    TIM14_IRQHandler                         0x080000e7   Thumb Code     0  startup_stm32f072xb.o(.text)
    TIM15_IRQHandler                         0x080000e7   Thumb Code     0  startup_stm32f072xb.o(.text)
    TIM16_IRQHandler                         0x080000e7   Thumb Code     0  startup_stm32f072xb.o(.text)
    TIM17_IRQHandler                         0x080000e7   Thumb Code     0  startup_stm32f072xb.o(.text)
    TIM1_BRK_UP_TRG_COM_IRQHandler           0x080000e7   Thumb Code     0  startup_stm32f072xb.o(.text)
    TIM1_CC_IRQHandler                       0x080000e7   Thumb Code     0  startup_stm32f072xb.o(.text)
    TIM2_IRQHandler                          0x080000e7   Thumb Code     0  startup_stm32f072xb.o(.text)
    TIM3_IRQHandler                          0x080000e7   Thumb Code     0  startup_stm32f072xb.o(.text)
    TIM6_DAC_IRQHandler                      0x080000e7   Thumb Code     0  startup_stm32f072xb.o(.text)
    TIM7_IRQHandler                          0x080000e7   Thumb Code     0  startup_stm32f072xb.o(.text)
    TSC_IRQHandler                           0x080000e7   Thumb Code     0  startup_stm32f072xb.o(.text)
    USART1_IRQHandler                        0x080000e7   Thumb Code     0  startup_stm32f072xb.o(.text)
    USART3_4_IRQHandler                      0x080000e7   Thumb Code     0  startup_stm32f072xb.o(.text)
    USB_IRQHandler                           0x080000e7   Thumb Code     0  startup_stm32f072xb.o(.text)
    WWDG_IRQHandler                          0x080000e7   Thumb Code     0  startup_stm32f072xb.o(.text)
    __aeabi_uidiv                            0x080000f1   Thumb Code     0  uidiv.o(.text)
    __aeabi_uidivmod                         0x080000f1   Thumb Code    44  uidiv.o(.text)
    __scatterload                            0x0800011d   Thumb Code    28  init.o(.text)
    __scatterload_rt2                        0x0800011d   Thumb Code     0  init.o(.text)
    Configure_USART                          0x08000141   Thumb Code   224  main.o(i.Configure_USART)
    EXTI4_15_IRQHandler                      0x08000231   Thumb Code    24  stm32f0xx_it.o(i.EXTI4_15_IRQHandler)
    Error_Callback                           0x0800024d   Thumb Code    42  main.o(i.Error_Callback)
    HandleContinuousReception                0x08000281   Thumb Code    24  main.o(i.HandleContinuousReception)
    HardFault_Handler                        0x0800029d   Thumb Code     2  stm32f0xx_it.o(i.HardFault_Handler)
    LED_Blinking                             0x0800029f   Thumb Code    22  main.o(i.LED_Blinking)
    LED_Init                                 0x080002b5   Thumb Code    24  main.o(i.LED_Init)
    LL_Init1msTick                           0x0800033d   Thumb Code    26  stm32f0xx_ll_utils.o(i.LL_Init1msTick)
    LL_SetSystemCoreClock                    0x0800035d   Thumb Code     6  stm32f0xx_ll_utils.o(i.LL_SetSystemCoreClock)
    LL_mDelay                                0x08000369   Thumb Code    28  stm32f0xx_ll_utils.o(i.LL_mDelay)
    NMI_Handler                              0x08000389   Thumb Code     2  stm32f0xx_it.o(i.NMI_Handler)
    PendSV_Handler                           0x0800038b   Thumb Code     2  stm32f0xx_it.o(i.PendSV_Handler)
    PrintInfo                                0x0800038d   Thumb Code    38  main.o(i.PrintInfo)
    SVC_Handler                              0x080003b9   Thumb Code     2  stm32f0xx_it.o(i.SVC_Handler)
    StartReception                           0x080003bd   Thumb Code    50  main.o(i.StartReception)
    SysTick_Handler                          0x080003fd   Thumb Code     2  stm32f0xx_it.o(i.SysTick_Handler)
    SystemClock_Config                       0x08000401   Thumb Code   136  main.o(i.SystemClock_Config)
    SystemInit                               0x08000495   Thumb Code    76  system_stm32f0xx.o(i.SystemInit)
    USART2_IRQHandler                        0x080004f1   Thumb Code    32  stm32f0xx_it.o(i.USART2_IRQHandler)
    USART_CharReception_Callback             0x08000515   Thumb Code    42  main.o(i.USART_CharReception_Callback)
    UserButton_Callback                      0x08000549   Thumb Code     8  main.o(i.UserButton_Callback)
    UserButton_Init                          0x08000555   Thumb Code    96  main.o(i.UserButton_Init)
    UserDataTreatment                        0x080005c5   Thumb Code    46  main.o(i.UserDataTreatment)
    WaitForUserButtonPress                   0x080005f9   Thumb Code    36  main.o(i.WaitForUserButtonPress)
    __scatterload_copy                       0x0800067d   Thumb Code    14  handlers.o(i.__scatterload_copy)
    __scatterload_null                       0x0800068b   Thumb Code     2  handlers.o(i.__scatterload_null)
    __scatterload_zeroinit                   0x0800068d   Thumb Code    14  handlers.o(i.__scatterload_zeroinit)
    main                                     0x0800069b   Thumb Code    38  main.o(i.main)
    Region$$Table$$Base                      0x080006c0   Number         0  anon$$obj.o(Region$$Table)
    Region$$Table$$Limit                     0x080006e0   Number         0  anon$$obj.o(Region$$Table)
    SystemCoreClock                          0x20000000   Data           4  system_stm32f0xx.o(.data)
    ubButtonPress                            0x20000004   Data           1  main.o(.data)
    uwNbReceivedChars                        0x20000008   Data           4  main.o(.data)
    uwBufferReadyIndication                  0x2000000c   Data           4  main.o(.data)
    pBufferReadyForUser                      0x20000010   Data           4  main.o(.data)
    pBufferReadyForReception                 0x20000014   Data           4  main.o(.data)
    aTextInfoStart                           0x20000018   Data          64  main.o(.data)
    aTextInfoSwap1                           0x20000058   Data          33  main.o(.data)
    aTextInfoSwap2                           0x20000079   Data          47  main.o(.data)
    aRXBufferA                               0x200000a8   Data          12  main.o(.bss)
    aRXBufferB                               0x200000b4   Data          12  main.o(.bss)
    __initial_sp                             0x200004c0   Data           0  startup_stm32f072xb.o(STACK)



==============================================================================

Memory Map of the image

  Image Entry point : 0x080000c1

  Load Region LR_IROM1 (Base: 0x08000000, Size: 0x00000788, Max: 0x00020000, ABSOLUTE)

    Execution Region ER_IROM1 (Exec base: 0x08000000, Load base: 0x08000000, Size: 0x000006e0, Max: 0x00020000, ABSOLUTE)

    Exec Addr    Load Addr    Size         Type   Attr      Idx    E Section Name        Object

    0x08000000   0x08000000   0x000000c0   Data   RO          149    RESET               startup_stm32f072xb.o
    0x080000c0   0x080000c0   0x00000000   Code   RO          400  * .ARM.Collect$$$$00000000  mc_p.l(entry.o)
    0x080000c0   0x080000c0   0x00000004   Code   RO          405    .ARM.Collect$$$$00000001  mc_p.l(entry2.o)
    0x080000c4   0x080000c4   0x00000004   Code   RO          408    .ARM.Collect$$$$00000004  mc_p.l(entry5.o)
    0x080000c8   0x080000c8   0x00000000   Code   RO          410    .ARM.Collect$$$$00000008  mc_p.l(entry7b.o)
    0x080000c8   0x080000c8   0x00000000   Code   RO          412    .ARM.Collect$$$$0000000A  mc_p.l(entry8b.o)
    0x080000c8   0x080000c8   0x00000008   Code   RO          413    .ARM.Collect$$$$0000000B  mc_p.l(entry9a.o)
    0x080000d0   0x080000d0   0x00000000   Code   RO          415    .ARM.Collect$$$$0000000D  mc_p.l(entry10a.o)
    0x080000d0   0x080000d0   0x00000000   Code   RO          417    .ARM.Collect$$$$0000000F  mc_p.l(entry11a.o)
    0x080000d0   0x080000d0   0x00000004   Code   RO          406    .ARM.Collect$$$$00002712  mc_p.l(entry2.o)
    0x080000d4   0x080000d4   0x0000001c   Code   RO          150    .text               startup_stm32f072xb.o
    0x080000f0   0x080000f0   0x0000002c   Code   RO          403    .text               mc_p.l(uidiv.o)
    0x0800011c   0x0800011c   0x00000024   Code   RO          419    .text               mc_p.l(init.o)
    0x08000140   0x08000140   0x000000f0   Code   RO          156    i.Configure_USART   main.o
    0x08000230   0x08000230   0x0000001c   Code   RO          325    i.EXTI4_15_IRQHandler  stm32f0xx_it.o
    0x0800024c   0x0800024c   0x00000034   Code   RO          157    i.Error_Callback    main.o
    0x08000280   0x08000280   0x0000001c   Code   RO          158    i.HandleContinuousReception  main.o
    0x0800029c   0x0800029c   0x00000002   Code   RO          326    i.HardFault_Handler  stm32f0xx_it.o
    0x0800029e   0x0800029e   0x00000016   Code   RO          159    i.LED_Blinking      main.o
    0x080002b4   0x080002b4   0x00000018   Code   RO          160    i.LED_Init          main.o
    0x080002cc   0x080002cc   0x00000018   Code   RO          162    i.LL_AHB1_GRP1_EnableClock  main.o
    0x080002e4   0x080002e4   0x0000001a   Code   RO          163    i.LL_GPIO_SetAFPin_0_7  main.o
    0x080002fe   0x080002fe   0x00000014   Code   RO          164    i.LL_GPIO_SetPinMode  main.o
    0x08000312   0x08000312   0x00000014   Code   RO          165    i.LL_GPIO_SetPinPull  main.o
    0x08000326   0x08000326   0x00000014   Code   RO          166    i.LL_GPIO_SetPinSpeed  main.o
    0x0800033a   0x0800033a   0x00000002   PAD
    0x0800033c   0x0800033c   0x00000020   Code   RO           61    i.LL_Init1msTick    stm32f0xx_ll_utils.o
    0x0800035c   0x0800035c   0x0000000c   Code   RO           66    i.LL_SetSystemCoreClock  stm32f0xx_ll_utils.o
    0x08000368   0x08000368   0x00000020   Code   RO           67    i.LL_mDelay         stm32f0xx_ll_utils.o
    0x08000388   0x08000388   0x00000002   Code   RO          327    i.NMI_Handler       stm32f0xx_it.o
    0x0800038a   0x0800038a   0x00000002   Code   RO          328    i.PendSV_Handler    stm32f0xx_it.o
    0x0800038c   0x0800038c   0x0000002c   Code   RO          167    i.PrintInfo         main.o
    0x080003b8   0x080003b8   0x00000002   Code   RO          329    i.SVC_Handler       stm32f0xx_it.o
    0x080003ba   0x080003ba   0x00000002   PAD
    0x080003bc   0x080003bc   0x00000040   Code   RO          168    i.StartReception    main.o
    0x080003fc   0x080003fc   0x00000002   Code   RO          330    i.SysTick_Handler   stm32f0xx_it.o
    0x080003fe   0x080003fe   0x00000002   PAD
    0x08000400   0x08000400   0x00000094   Code   RO          169    i.SystemClock_Config  main.o
    0x08000494   0x08000494   0x0000005c   Code   RO            4    i.SystemInit        system_stm32f0xx.o
    0x080004f0   0x080004f0   0x00000024   Code   RO          331    i.USART2_IRQHandler  stm32f0xx_it.o
    0x08000514   0x08000514   0x00000034   Code   RO          170    i.USART_CharReception_Callback  main.o
    0x08000548   0x08000548   0x0000000c   Code   RO          171    i.UserButton_Callback  main.o
    0x08000554   0x08000554   0x00000070   Code   RO          172    i.UserButton_Init   main.o
    0x080005c4   0x080005c4   0x00000034   Code   RO          173    i.UserDataTreatment  main.o
    0x080005f8   0x080005f8   0x00000028   Code   RO          174    i.WaitForUserButtonPress  main.o
    0x08000620   0x08000620   0x00000018   Code   RO          175    i.__NVIC_EnableIRQ  main.o
    0x08000638   0x08000638   0x00000044   Code   RO          176    i.__NVIC_SetPriority  main.o
    0x0800067c   0x0800067c   0x0000000e   Code   RO          423    i.__scatterload_copy  mc_p.l(handlers.o)
    0x0800068a   0x0800068a   0x00000002   Code   RO          424    i.__scatterload_null  mc_p.l(handlers.o)
    0x0800068c   0x0800068c   0x0000000e   Code   RO          425    i.__scatterload_zeroinit  mc_p.l(handlers.o)
    0x0800069a   0x0800069a   0x00000026   Code   RO          177    i.main              main.o
    0x080006c0   0x080006c0   0x00000020   Data   RO          421    Region$$Table       anon$$obj.o


    Execution Region RW_IRAM1 (Exec base: 0x20000000, Load base: 0x080006e0, Size: 0x000004c0, Max: 0x00004000, ABSOLUTE)

    Exec Addr    Load Addr    Size         Type   Attr      Idx    E Section Name        Object

    0x20000000   0x080006e0   0x00000004   Data   RW            7    .data               system_stm32f0xx.o
    0x20000004   0x080006e4   0x000000a4   Data   RW          179    .data               main.o
    0x200000a8        -       0x00000018   Zero   RW          178    .bss                main.o
    0x200000c0        -       0x00000400   Zero   RW          147    STACK               startup_stm32f072xb.o


==============================================================================

Image component sizes


      Code (inc. data)   RO Data    RW Data    ZI Data      Debug   Object Name

      1130        122          0        164         24      71238   main.o
        28          8        192          0       1024        688   startup_stm32f072xb.o
        74          8          0          0          0      23777   stm32f0xx_it.o
        76         16          0          0          0       6581   stm32f0xx_ll_utils.o
        92         16          0          4          0     388103   system_stm32f0xx.o

    ----------------------------------------------------------------------
      1406        170        224        168       1048     490387   Object Totals
         0          0         32          0          0          0   (incl. Generated)
         6          0          0          0          0          0   (incl. Padding)

    ----------------------------------------------------------------------

      Code (inc. data)   RO Data    RW Data    ZI Data      Debug   Library Member Name

         0          0          0          0          0          0   entry.o
         0          0          0          0          0          0   entry10a.o
         0          0          0          0          0          0   entry11a.o
         8          4          0          0          0          0   entry2.o
         4          0          0          0          0          0   entry5.o
         0          0          0          0          0          0   entry7b.o
         0          0          0          0          0          0   entry8b.o
         8          4          0          0          0          0   entry9a.o
        30          0          0          0          0          0   handlers.o
        36          8          0          0          0         68   init.o
        44          0          0          0          0         72   uidiv.o

    ----------------------------------------------------------------------
       130         16          0          0          0        140   Library Totals
         0          0          0          0          0          0   (incl. Padding)

    ----------------------------------------------------------------------

      Code (inc. data)   RO Data    RW Data    ZI Data      Debug   Library Name

       130         16          0          0          0        140   mc_p.l

    ----------------------------------------------------------------------
       130         16          0          0          0        140   Library Totals

    ----------------------------------------------------------------------

==============================================================================


      Code (inc. data)   RO Data    RW Data    ZI Data      Debug   

      1536        186        224        168       1048     489447   Grand Totals
      1536        186        224        168       1048     489447   ELF Image Totals
      1536        186        224        168          0          0   ROM Totals

==============================================================================

    Total RO  Size (Code + RO Data)                 1760 (   1.72kB)
    Total RW  Size (RW Data + ZI Data)              1216 (   1.19kB)
    Total ROM Size (Code + RO Data + RW Data)       1928 (   1.88kB)

==============================================================================

