Component: ARM Compiler 5.06 update 6 (build 750) Tool: armlink [4d35ed]

==============================================================================

Section Cross References

    main.o(i.SystemClock_Config) refers to rt_memclr.o(.text) for __aeabi_memclr4
    main.o(i.SystemClock_Config) refers to stm32f0xx_hal_rcc.o(i.HAL_RCC_OscConfig) for HAL_RCC_OscConfig
    main.o(i.SystemClock_Config) refers to stm32f0xx_hal_rcc.o(i.HAL_RCC_ClockConfig) for HAL_RCC_ClockConfig
    main.o(i.SystemClock_Config) refers to stm32f0xx_hal_rcc_ex.o(i.HAL_RCCEx_PeriphCLKConfig) for HAL_RCCEx_PeriphCLKConfig
    main.o(i.Thread1) refers to rt_memcpy.o(.emb_text) for __aeabi_memcpy4
    main.o(i.Thread1) refers to stm32f0xx_hal_uart.o(i.HAL_UART_Transmit) for HAL_UART_Transmit
    main.o(i.Thread1) refers to stm32f0xx_hal_gpio.o(i.HAL_GPIO_TogglePin) for HAL_GPIO_TogglePin
    main.o(i.Thread1) refers to rt_cmsis.o(i.osDelay) for osDelay
    main.o(i.Thread1) refers to noretval__2sprintf.o(.text) for __2sprintf
    main.o(i.Thread1) refers to main.o(.bss) for .bss
    main.o(i.Thread2) refers to rt_memcpy.o(.emb_text) for __aeabi_memcpy4
    main.o(i.Thread2) refers to stm32f0xx_hal_uart.o(i.HAL_UART_Transmit) for HAL_UART_Transmit
    main.o(i.Thread2) refers to stm32f0xx_hal_gpio.o(i.HAL_GPIO_TogglePin) for HAL_GPIO_TogglePin
    main.o(i.Thread2) refers to rt_cmsis.o(i.osDelay) for osDelay
    main.o(i.Thread2) refers to noretval__2sprintf.o(.text) for __2sprintf
    main.o(i.Thread2) refers to main.o(.bss) for .bss
    main.o(i.bsp_led_config) refers to stm32f0xx_hal_gpio.o(i.HAL_GPIO_Init) for HAL_GPIO_Init
    main.o(i.bsp_led_config) refers to stm32f0xx_hal_gpio.o(i.HAL_GPIO_WritePin) for HAL_GPIO_WritePin
    main.o(i.main) refers to stm32f0xx_hal.o(i.HAL_Init) for HAL_Init
    main.o(i.main) refers to main.o(i.SystemClock_Config) for SystemClock_Config
    main.o(i.main) refers to main.o(i.bsp_led_config) for bsp_led_config
    main.o(i.main) refers to main.o(i.uart1_config) for uart1_config
    main.o(i.main) refers to rt_cmsis.o(i.osThreadCreate) for osThreadCreate
    main.o(i.main) refers to rt_cmsis.o(i.osKernelStart) for osKernelStart
    main.o(i.main) refers to stm32f0xx_hal_uart.o(i.HAL_UART_Transmit) for HAL_UART_Transmit
    main.o(i.main) refers to rt_cmsis.o(i.osDelay) for osDelay
    main.o(i.main) refers to main.o(.constdata) for .constdata
    main.o(i.main) refers to main.o(.data) for .data
    main.o(i.main) refers to main.o(.bss) for .bss
    main.o(i.uart1_config) refers to stm32f0xx_hal_gpio.o(i.HAL_GPIO_Init) for HAL_GPIO_Init
    main.o(i.uart1_config) refers to stm32f0xx_hal_uart.o(i.HAL_UART_DeInit) for HAL_UART_DeInit
    main.o(i.uart1_config) refers to stm32f0xx_hal_uart.o(i.HAL_UART_Init) for HAL_UART_Init
    main.o(i.uart1_config) refers to main.o(.bss) for .bss
    main.o(.constdata) refers to main.o(i.Thread1) for Thread1
    main.o(.constdata) refers to main.o(i.Thread2) for Thread2
    rtx_conf_cm.o(.emb_text) refers to rt_cmsis.o(i.osKernelInitialize) for osKernelInitialize
    rtx_conf_cm.o(.emb_text) refers to rt_cmsis.o(i.osThreadCreate) for osThreadCreate
    rtx_conf_cm.o(.emb_text) refers to rt_cmsis.o(i.osKernelStart) for osKernelStart
    rtx_conf_cm.o(.emb_text) refers to exit.o(.text) for exit
    rtx_conf_cm.o(.emb_text) refers to rtx_conf_cm.o(.constdata) for os_thread_def_main
    rtx_conf_cm.o(i.__user_perthread_libspace) refers to rt_task.o(i.rt_tsk_self) for rt_tsk_self
    rtx_conf_cm.o(i.__user_perthread_libspace) refers to rt_cmsis.o(.data) for os_running
    rtx_conf_cm.o(i.__user_perthread_libspace) refers to rtx_conf_cm.o(.bss) for .bss
    rtx_conf_cm.o(i.__user_perthread_libspace) refers to libspace.o(.bss) for __libspace_start
    rtx_conf_cm.o(i._mutex_acquire) refers to rt_cmsis.o(.data) for os_running
    rtx_conf_cm.o(i._mutex_acquire) refers to rt_mutex.o(i.rt_mut_wait) for rt_mut_wait
    rtx_conf_cm.o(i._mutex_initialize) refers to rt_mutex.o(i.rt_mut_init) for rt_mut_init
    rtx_conf_cm.o(i._mutex_initialize) refers to rtx_conf_cm.o(.data) for .data
    rtx_conf_cm.o(i._mutex_initialize) refers to rtx_conf_cm.o(.bss) for .bss
    rtx_conf_cm.o(i._mutex_release) refers to rt_cmsis.o(.data) for os_running
    rtx_conf_cm.o(i._mutex_release) refers to rt_mutex.o(i.rt_mut_release) for rt_mut_release
    rtx_conf_cm.o(.constdata) refers to rt_cmsis.o(i.osTimerThread) for osTimerThread
    rtx_conf_cm.o(.constdata) refers to rtx_conf_cm.o(.bss) for os_messageQ_q_osTimerMessageQ
    rtx_conf_cm.o(.constdata) refers to main.o(i.main) for main
    stm32f0xx_hal.o(i.HAL_DeInit) refers to stm32f0xx_hal.o(i.HAL_MspDeInit) for HAL_MspDeInit
    stm32f0xx_hal.o(i.HAL_Delay) refers to stm32f0xx_hal.o(i.HAL_GetTick) for HAL_GetTick
    stm32f0xx_hal.o(i.HAL_Delay) refers to stm32f0xx_hal.o(.data) for .data
    stm32f0xx_hal.o(i.HAL_GetTick) refers to stm32f0xx_hal.o(.data) for .data
[...]
    C:\\Users\\Almus\\AppData\\Local\\Arm\\Packs\\Keil\\STM32F0xx_DFP\\2.1.0\\Drivers\\STM32F0xx_HAL_Driver\\Src\\stm32f0xx_hal_cortex.c 0x00000000   Number         0  stm32f0xx_hal_cortex.o ABSOLUTE
    C:\\Users\\Almus\\AppData\\Local\\Arm\\Packs\\Keil\\STM32F0xx_DFP\\2.1.0\\Drivers\\STM32F0xx_HAL_Driver\\Src\\stm32f0xx_hal_crc.c 0x00000000   Number         0  stm32f0xx_hal_crc.o ABSOLUTE
    C:\\Users\\Almus\\AppData\\Local\\Arm\\Packs\\Keil\\STM32F0xx_DFP\\2.1.0\\Drivers\\STM32F0xx_HAL_Driver\\Src\\stm32f0xx_hal_crc_ex.c 0x00000000   Number         0  stm32f0xx_hal_crc_ex.o ABSOLUTE
    C:\\Users\\Almus\\AppData\\Local\\Arm\\Packs\\Keil\\STM32F0xx_DFP\\2.1.0\\Drivers\\STM32F0xx_HAL_Driver\\Src\\stm32f0xx_hal_dac.c 0x00000000   Number         0  stm32f0xx_hal_dac.o ABSOLUTE
    C:\\Users\\Almus\\AppData\\Local\\Arm\\Packs\\Keil\\STM32F0xx_DFP\\2.1.0\\Drivers\\STM32F0xx_HAL_Driver\\Src\\stm32f0xx_hal_dac_ex.c 0x00000000   Number         0  stm32f0xx_hal_dac_ex.o ABSOLUTE
    C:\\Users\\Almus\\AppData\\Local\\Arm\\Packs\\Keil\\STM32F0xx_DFP\\2.1.0\\Drivers\\STM32F0xx_HAL_Driver\\Src\\stm32f0xx_hal_dma.c 0x00000000   Number         0  stm32f0xx_hal_dma.o ABSOLUTE
    C:\\Users\\Almus\\AppData\\Local\\Arm\\Packs\\Keil\\STM32F0xx_DFP\\2.1.0\\Drivers\\STM32F0xx_HAL_Driver\\Src\\stm32f0xx_hal_exti.c 0x00000000   Number         0  stm32f0xx_hal_exti.o ABSOLUTE
    C:\\Users\\Almus\\AppData\\Local\\Arm\\Packs\\Keil\\STM32F0xx_DFP\\2.1.0\\Drivers\\STM32F0xx_HAL_Driver\\Src\\stm32f0xx_hal_flash.c 0x00000000   Number         0  stm32f0xx_hal_flash.o ABSOLUTE
    C:\\Users\\Almus\\AppData\\Local\\Arm\\Packs\\Keil\\STM32F0xx_DFP\\2.1.0\\Drivers\\STM32F0xx_HAL_Driver\\Src\\stm32f0xx_hal_flash_ex.c 0x00000000   Number         0  stm32f0xx_hal_flash_ex.o ABSOLUTE
    C:\\Users\\Almus\\AppData\\Local\\Arm\\Packs\\Keil\\STM32F0xx_DFP\\2.1.0\\Drivers\\STM32F0xx_HAL_Driver\\Src\\stm32f0xx_hal_gpio.c 0x00000000   Number         0  stm32f0xx_hal_gpio.o ABSOLUTE
    C:\\Users\\Almus\\AppData\\Local\\Arm\\Packs\\Keil\\STM32F0xx_DFP\\2.1.0\\Drivers\\STM32F0xx_HAL_Driver\\Src\\stm32f0xx_hal_i2c.c 0x00000000   Number         0  stm32f0xx_hal_i2c.o ABSOLUTE
    C:\\Users\\Almus\\AppData\\Local\\Arm\\Packs\\Keil\\STM32F0xx_DFP\\2.1.0\\Drivers\\STM32F0xx_HAL_Driver\\Src\\stm32f0xx_hal_i2c_ex.c 0x00000000   Number         0  stm32f0xx_hal_i2c_ex.o ABSOLUTE
    C:\\Users\\Almus\\AppData\\Local\\Arm\\Packs\\Keil\\STM32F0xx_DFP\\2.1.0\\Drivers\\STM32F0xx_HAL_Driver\\Src\\stm32f0xx_hal_i2s.c 0x00000000   Number         0  stm32f0xx_hal_i2s.o ABSOLUTE
    C:\\Users\\Almus\\AppData\\Local\\Arm\\Packs\\Keil\\STM32F0xx_DFP\\2.1.0\\Drivers\\STM32F0xx_HAL_Driver\\Src\\stm32f0xx_hal_iwdg.c 0x00000000   Number         0  stm32f0xx_hal_iwdg.o ABSOLUTE
    C:\\Users\\Almus\\AppData\\Local\\Arm\\Packs\\Keil\\STM32F0xx_DFP\\2.1.0\\Drivers\\STM32F0xx_HAL_Driver\\Src\\stm32f0xx_hal_pwr.c 0x00000000   Number         0  stm32f0xx_hal_pwr.o ABSOLUTE
    C:\\Users\\Almus\\AppData\\Local\\Arm\\Packs\\Keil\\STM32F0xx_DFP\\2.1.0\\Drivers\\STM32F0xx_HAL_Driver\\Src\\stm32f0xx_hal_pwr_ex.c 0x00000000   Number         0  stm32f0xx_hal_pwr_ex.o ABSOLUTE
    C:\\Users\\Almus\\AppData\\Local\\Arm\\Packs\\Keil\\STM32F0xx_DFP\\2.1.0\\Drivers\\STM32F0xx_HAL_Driver\\Src\\stm32f0xx_hal_rcc.c 0x00000000   Number         0  stm32f0xx_hal_rcc.o ABSOLUTE
    C:\\Users\\Almus\\AppData\\Local\\Arm\\Packs\\Keil\\STM32F0xx_DFP\\2.1.0\\Drivers\\STM32F0xx_HAL_Driver\\Src\\stm32f0xx_hal_rcc_ex.c 0x00000000   Number         0  stm32f0xx_hal_rcc_ex.o ABSOLUTE
    C:\\Users\\Almus\\AppData\\Local\\Arm\\Packs\\Keil\\STM32F0xx_DFP\\2.1.0\\Drivers\\STM32F0xx_HAL_Driver\\Src\\stm32f0xx_hal_rtc.c 0x00000000   Number         0  stm32f0xx_hal_rtc.o ABSOLUTE
    C:\\Users\\Almus\\AppData\\Local\\Arm\\Packs\\Keil\\STM32F0xx_DFP\\2.1.0\\Drivers\\STM32F0xx_HAL_Driver\\Src\\stm32f0xx_hal_rtc_ex.c 0x00000000   Number         0  stm32f0xx_hal_rtc_ex.o ABSOLUTE
    C:\\Users\\Almus\\AppData\\Local\\Arm\\Packs\\Keil\\STM32F0xx_DFP\\2.1.0\\Drivers\\STM32F0xx_HAL_Driver\\Src\\stm32f0xx_hal_spi.c 0x00000000   Number         0  stm32f0xx_hal_spi.o ABSOLUTE
    C:\\Users\\Almus\\AppData\\Local\\Arm\\Packs\\Keil\\STM32F0xx_DFP\\2.1.0\\Drivers\\STM32F0xx_HAL_Driver\\Src\\stm32f0xx_hal_spi_ex.c 0x00000000   Number         0  stm32f0xx_hal_spi_ex.o ABSOLUTE
    C:\\Users\\Almus\\AppData\\Local\\Arm\\Packs\\Keil\\STM32F0xx_DFP\\2.1.0\\Drivers\\STM32F0xx_HAL_Driver\\Src\\stm32f0xx_hal_tim.c 0x00000000   Number         0  stm32f0xx_hal_tim.o ABSOLUTE
    C:\\Users\\Almus\\AppData\\Local\\Arm\\Packs\\Keil\\STM32F0xx_DFP\\2.1.0\\Drivers\\STM32F0xx_HAL_Driver\\Src\\stm32f0xx_hal_tim_ex.c 0x00000000   Number         0  stm32f0xx_hal_tim_ex.o ABSOLUTE
    C:\\Users\\Almus\\AppData\\Local\\Arm\\Packs\\Keil\\STM32F0xx_DFP\\2.1.0\\Drivers\\STM32F0xx_HAL_Driver\\Src\\stm32f0xx_hal_uart.c 0x00000000   Number         0  stm32f0xx_hal_uart.o ABSOLUTE
    C:\\Users\\Almus\\AppData\\Local\\Arm\\Packs\\Keil\\STM32F0xx_DFP\\2.1.0\\Drivers\\STM32F0xx_HAL_Driver\\Src\\stm32f0xx_hal_uart_ex.c 0x00000000   Number         0  stm32f0xx_hal_uart_ex.o ABSOLUTE
    C:\\Users\\Almus\\AppData\\Local\\Arm\\Packs\\Keil\\STM32F0xx_DFP\\2.1.0\\Drivers\\STM32F0xx_HAL_Driver\\Src\\stm32f0xx_hal_wwdg.c 0x00000000   Number         0  stm32f0xx_hal_wwdg.o ABSOLUTE
    HAL_CM0.c                                0x00000000   Number         0  hal_cm0.o ABSOLUTE
    HAL_CM0.c                                0x00000000   Number         0  hal_cm0.o ABSOLUTE
    RTE\CMSIS\RTX_Conf_CM.c                  0x00000000   Number         0  rtx_conf_cm.o ABSOLUTE
    RTE\Device\STM32F051R8Tx\startup_stm32f051x8.s 0x00000000   Number         0  startup_stm32f051x8.o ABSOLUTE
    RTE\Device\STM32F051R8Tx\system_stm32f0xx.c 0x00000000   Number         0  system_stm32f0xx.o ABSOLUTE
    RTE\\CMSIS\\RTX_Conf_CM.c                0x00000000   Number         0  rtx_conf_cm.o ABSOLUTE
    RTE\\Device\\STM32F051R8Tx\\system_stm32f0xx.c 0x00000000   Number         0  system_stm32f0xx.o ABSOLUTE
    SVC_Table.s                              0x00000000   Number         0  svc_table.o ABSOLUTE
    dc.s                                     0x00000000   Number         0  dc.o ABSOLUTE
    main.c                                   0x00000000   Number         0  main.o ABSOLUTE
    main.c                                   0x00000000   Number         0  main.o ABSOLUTE
    RESET                                    0x08000000   Section      188  startup_stm32f051x8.o(RESET)
    !!!main                                  0x080000bc   Section        8  __main.o(!!!main)
    !!!scatter                               0x080000c4   Section       60  __scatter.o(!!!scatter)
    !!handler_copy                           0x08000100   Section       26  __scatter_copy.o(!!handler_copy)
    !!handler_zi                             0x0800011c   Section       28  __scatter_zi.o(!!handler_zi)
    .ARM.Collect$$libinit$$00000000          0x08000138   Section        2  libinit.o(.ARM.Collect$$libinit$$00000000)
    .ARM.Collect$$libinit$$00000002          0x0800013a   Section        0  libinit2.o(.ARM.Collect$$libinit$$00000002)
    .ARM.Collect$$libinit$$00000004          0x0800013a   Section        0  libinit2.o(.ARM.Collect$$libinit$$00000004)
    .ARM.Collect$$libinit$$0000000A          0x0800013a   Section        0  libinit2.o(.ARM.Collect$$libinit$$0000000A)
    .ARM.Collect$$libinit$$0000000C          0x0800013a   Section        0  libinit2.o(.ARM.Collect$$libinit$$0000000C)
    .ARM.Collect$$libinit$$0000000E          0x0800013a   Section        0  libinit2.o(.ARM.Collect$$libinit$$0000000E)
    .ARM.Collect$$libinit$$00000011          0x0800013a   Section        0  libinit2.o(.ARM.Collect$$libinit$$00000011)
    .ARM.Collect$$libinit$$00000013          0x0800013a   Section        0  libinit2.o(.ARM.Collect$$libinit$$00000013)
    .ARM.Collect$$libinit$$00000015          0x0800013a   Section        0  libinit2.o(.ARM.Collect$$libinit$$00000015)
    .ARM.Collect$$libinit$$00000017          0x0800013a   Section        0  libinit2.o(.ARM.Collect$$libinit$$00000017)
    .ARM.Collect$$libinit$$00000019          0x0800013a   Section        0  libinit2.o(.ARM.Collect$$libinit$$00000019)
    .ARM.Collect$$libinit$$0000001B          0x0800013a   Section        0  libinit2.o(.ARM.Collect$$libinit$$0000001B)
    .ARM.Collect$$libinit$$0000001D          0x0800013a   Section        0  libinit2.o(.ARM.Collect$$libinit$$0000001D)
    .ARM.Collect$$libinit$$0000001F          0x0800013a   Section        0  libinit2.o(.ARM.Collect$$libinit$$0000001F)
    .ARM.Collect$$libinit$$00000021          0x0800013a   Section        0  libinit2.o(.ARM.Collect$$libinit$$00000021)
    .ARM.Collect$$libinit$$00000023          0x0800013a   Section        0  libinit2.o(.ARM.Collect$$libinit$$00000023)
    .ARM.Collect$$libinit$$00000025          0x0800013a   Section        0  libinit2.o(.ARM.Collect$$libinit$$00000025)
    .ARM.Collect$$libinit$$0000002C          0x0800013a   Section        0  libinit2.o(.ARM.Collect$$libinit$$0000002C)
    .ARM.Collect$$libinit$$0000002E          0x0800013a   Section        0  libinit2.o(.ARM.Collect$$libinit$$0000002E)
    .ARM.Collect$$libinit$$00000030          0x0800013a   Section        0  libinit2.o(.ARM.Collect$$libinit$$00000030)
    .ARM.Collect$$libinit$$00000032          0x0800013a   Section        0  libinit2.o(.ARM.Collect$$libinit$$00000032)
    .ARM.Collect$$libinit$$00000033          0x0800013a   Section        2  libinit2.o(.ARM.Collect$$libinit$$00000033)
    .ARM.Collect$$libshutdown$$00000000      0x0800013c   Section        2  libshutdown.o(.ARM.Collect$$libshutdown$$00000000)
    .ARM.Collect$$libshutdown$$00000002      0x0800013e   Section        0  libshutdown2.o(.ARM.Collect$$libshutdown$$00000002)
    .ARM.Collect$$libshutdown$$00000004      0x0800013e   Section        0  libshutdown2.o(.ARM.Collect$$libshutdown$$00000004)
    .ARM.Collect$$libshutdown$$00000007      0x0800013e   Section        0  libshutdown2.o(.ARM.Collect$$libshutdown$$00000007)
    .ARM.Collect$$libshutdown$$0000000A      0x0800013e   Section        0  libshutdown2.o(.ARM.Collect$$libshutdown$$0000000A)
    .ARM.Collect$$libshutdown$$0000000C      0x0800013e   Section        0  libshutdown2.o(.ARM.Collect$$libshutdown$$0000000C)
    .ARM.Collect$$libshutdown$$0000000F      0x0800013e   Section        0  libshutdown2.o(.ARM.Collect$$libshutdown$$0000000F)
    .ARM.Collect$$libshutdown$$00000010      0x0800013e   Section        2  libshutdown2.o(.ARM.Collect$$libshutdown$$00000010)
    .ARM.Collect$$rtentry$$00000000          0x08000140   Section        0  __rtentry.o(.ARM.Collect$$rtentry$$00000000)
    .ARM.Collect$$rtentry$$00000002          0x08000140   Section        0  __rtentry2.o(.ARM.Collect$$rtentry$$00000002)
    .ARM.Collect$$rtentry$$00000004          0x08000140   Section        6  __rtentry4.o(.ARM.Collect$$rtentry$$00000004)
    .ARM.Collect$$rtentry$$00000009          0x08000146   Section        0  __rtentry2.o(.ARM.Collect$$rtentry$$00000009)
    .ARM.Collect$$rtentry$$0000000A          0x08000146   Section        4  __rtentry2.o(.ARM.Collect$$rtentry$$0000000A)
    .ARM.Collect$$rtentry$$0000000B          0x0800014a   Section        8  __rtentry2.o(.ARM.Collect$$rtentry$$0000000B)
    .ARM.Collect$$rtentry$$0000000D          0x08000152   Section        8  __rtentry2.o(.ARM.Collect$$rtentry$$0000000D)
    .ARM.Collect$$rtexit$$00000000           0x0800015a   Section        2  rtexit.o(.ARM.Collect$$rtexit$$00000000)
    .ARM.Collect$$rtexit$$00000002           0x0800015c   Section        0  rtexit2.o(.ARM.Collect$$rtexit$$00000002)
    .ARM.Collect$$rtexit$$00000003           0x0800015c   Section        4  rtexit2.o(.ARM.Collect$$rtexit$$00000003)
    .ARM.Collect$$rtexit$$00000004           0x08000160   Section        6  rtexit2.o(.ARM.Collect$$rtexit$$00000004)
    .emb_text                                0x08000168   Section        2  main.o(.emb_text)
    .emb_text                                0x0800016c   Section       28  rtx_conf_cm.o(.emb_text)
    .emb_text                                0x08000188   Section      356  hal_cm0.o(.emb_text)
    .emb_text                                0x080002ec   Section       56  rt_memcpy.o(.emb_text)
    .text                                    0x08000324   Section       56  startup_stm32f051x8.o(.text)
    .text                                    0x0800035c   Section        8  libspace.o(.text)
    .text                                    0x08000364   Section        0  lludiv.o(.text)
    .text                                    0x08000468   Section        0  noretval__2sprintf.o(.text)
    .text                                    0x08000490   Section        0  exit.o(.text)
    .text                                    0x080004a0   Section        0  rt_memclr.o(.text)
    .text                                    0x080004e0   Section      346  aeabi_sdiv.o(.text)
    .text                                    0x0800063a   Section        0  heapauxi.o(.text)
    .text                                    0x08000640   Section        0  _printf_char_common.o(.text)
    _printf_input_char                       0x08000641   Thumb Code    10  _printf_char_common.o(.text)
    .text                                    0x08000670   Section        0  _sputc.o(.text)
    .text                                    0x0800067a   Section        0  __printf_nopercent.o(.text)
    .text                                    0x080006a0   Section        0  sys_exit.o(.text)
    .text                                    0x080006ac   Section       62  sys_stackheap_outer.o(.text)
    .text                                    0x080006ea   Section        2  use_no_semi.o(.text)
    .text                                    0x080006ec   Section        0  indicate_semi.o(.text)
    SVC_TABLE                                0x080006ec   Section        4  svc_table.o(SVC_TABLE)
    i.HAL_GPIO_Init                          0x080006f0   Section        0  stm32f0xx_hal_gpio.o(i.HAL_GPIO_Init)
    i.HAL_GPIO_TogglePin                     0x08000838   Section        0  stm32f0xx_hal_gpio.o(i.HAL_GPIO_TogglePin)
    i.HAL_GPIO_WritePin                      0x08000844   Section        0  stm32f0xx_hal_gpio.o(i.HAL_GPIO_WritePin)
    i.HAL_GetTick                            0x08000850   Section        0  stm32f0xx_hal.o(i.HAL_GetTick)
    i.HAL_Init                               0x0800085c   Section        0  stm32f0xx_hal.o(i.HAL_Init)
    i.HAL_InitTick                           0x0800087c   Section        0  stm32f0xx_hal.o(i.HAL_InitTick)
    i.HAL_MspInit                            0x080008c0   Section        0  stm32f0xx_hal.o(i.HAL_MspInit)
    i.HAL_NVIC_SetPriority                   0x080008c2   Section        0  stm32f0xx_hal_cortex.o(i.HAL_NVIC_SetPriority)
    i.HAL_RCCEx_PeriphCLKConfig              0x080008cc   Section        0  stm32f0xx_hal_rcc_ex.o(i.HAL_RCCEx_PeriphCLKConfig)
    i.HAL_RCC_ClockConfig                    0x080009c4   Section        0  stm32f0xx_hal_rcc.o(i.HAL_RCC_ClockConfig)
    i.HAL_RCC_GetPCLK1Freq                   0x08000acc   Section        0  stm32f0xx_hal_rcc.o(i.HAL_RCC_GetPCLK1Freq)
    i.HAL_RCC_GetSysClockFreq                0x08000aec   Section        0  stm32f0xx_hal_rcc.o(i.HAL_RCC_GetSysClockFreq)
    i.HAL_RCC_OscConfig                      0x08000b6c   Section        0  stm32f0xx_hal_rcc.o(i.HAL_RCC_OscConfig)
    i.HAL_SYSTICK_Config                     0x08000ef4   Section        0  stm32f0xx_hal_cortex.o(i.HAL_SYSTICK_Config)
    i.HAL_UART_DeInit                        0x08000f24   Section        0  stm32f0xx_hal_uart.o(i.HAL_UART_DeInit)
    i.HAL_UART_Init                          0x08000f5e   Section        0  stm32f0xx_hal_uart.o(i.HAL_UART_Init)
    i.HAL_UART_MspDeInit                     0x08000fc8   Section        0  stm32f0xx_hal_uart.o(i.HAL_UART_MspDeInit)
    i.HAL_UART_MspInit                       0x08000fca   Section        0  stm32f0xx_hal_uart.o(i.HAL_UART_MspInit)
    i.HAL_UART_Transmit                      0x08000fcc   Section        0  stm32f0xx_hal_uart.o(i.HAL_UART_Transmit)
    i.SystemClock_Config                     0x0800109c   Section        0  main.o(i.SystemClock_Config)
    i.SystemInit                             0x08001120   Section        0  system_stm32f0xx.o(i.SystemInit)
    i.Thread1                                0x08001124   Section        0  main.o(i.Thread1)
    Thread1                                  0x08001125   Thumb Code    68  main.o(i.Thread1)
    i.Thread2                                0x080011a4   Section        0  main.o(i.Thread2)
    Thread2                                  0x080011a5   Thumb Code    68  main.o(i.Thread2)
    i.UART_AdvFeatureConfig                  0x08001228   Section        0  stm32f0xx_hal_uart.o(i.UART_AdvFeatureConfig)
    i.UART_CheckIdleState                    0x080012f4   Section        0  stm32f0xx_hal_uart.o(i.UART_CheckIdleState)
    i.UART_SetConfig                         0x08001354   Section        0  stm32f0xx_hal_uart.o(i.UART_SetConfig)
    i.UART_WaitOnFlagUntilTimeout            0x0800149c   Section        0  stm32f0xx_hal_uart.o(i.UART_WaitOnFlagUntilTimeout)
    i.__ARM_common_ll_muluu                  0x08001538   Section        0  stm32f0xx_hal_rcc.o(i.__ARM_common_ll_muluu)
    i.__NVIC_SetPriority                     0x08001568   Section        0  stm32f0xx_hal_cortex.o(i.__NVIC_SetPriority)
    __NVIC_SetPriority                       0x08001569   Thumb Code    60  stm32f0xx_hal_cortex.o(i.__NVIC_SetPriority)
    i._init_box                              0x080015ac   Section        0  rt_membox.o(i._init_box)
    i._mutex_acquire                         0x080015f4   Section        0  rtx_conf_cm.o(i._mutex_acquire)
    __tagsym$$used                           0x080015f5   Number         0  rtx_conf_cm.o(i._mutex_acquire)
    i._mutex_release                         0x08001618   Section        0  rtx_conf_cm.o(i._mutex_release)
    __tagsym$$used                           0x08001619   Number         0  rtx_conf_cm.o(i._mutex_release)
    i.bsp_led_config                         0x08001634   Section        0  main.o(i.bsp_led_config)
    i.isrMessageGet                          0x0800168c   Section        0  rt_cmsis.o(i.isrMessageGet)
    i.isrMessagePut                          0x080016ba   Section        0  rt_cmsis.o(i.isrMessagePut)
    i.isr_mbx_receive                        0x080016ea   Section        0  rt_mailbox.o(i.isr_mbx_receive)
    i.isr_mbx_send                           0x08001736   Section        0  rt_mailbox.o(i.isr_mbx_send)
    i.main                                   0x08001744   Section        0  main.o(i.main)
    i.osDelay                                0x080017b8   Section        0  rt_cmsis.o(i.osDelay)
    i.osKernelInitialize                     0x080017d4   Section        0  rt_cmsis.o(i.osKernelInitialize)
    i.osKernelStart                          0x080017fc   Section        0  rt_cmsis.o(i.osKernelStart)
    i.osMessageGet                           0x08001868   Section        0  rt_cmsis.o(i.osMessageGet)
    i.osThreadCreate                         0x08001884   Section        0  rt_cmsis.o(i.osThreadCreate)
    i.osThreadExit                           0x080018b8   Section        0  rt_cmsis.o(i.osThreadExit)
    i.osTimerCall                            0x080018d0   Section        0  rt_cmsis.o(i.osTimerCall)
    i.osTimerThread                          0x080018e0   Section        0  rt_cmsis.o(i.osTimerThread)
    i.os_error                               0x0800190c   Section        0  rtx_conf_cm.o(i.os_error)
    i.os_idle_demon                          0x0800190e   Section        0  rtx_conf_cm.o(i.os_idle_demon)
    i.os_tick_init                           0x08001910   Section        0  rt_system.o(i.os_tick_init)
    i.os_tick_irqack                         0x0800193c   Section        0  rt_system.o(i.os_tick_irqack)
    i.rt_alloc_box                           0x0800193e   Section        0  rt_membox.o(i.rt_alloc_box)
    i.rt_alloc_mem                           0x0800195c   Section        0  rt_memory.o(i.rt_alloc_mem)
    i.rt_block                               0x080019a0   Section        0  rt_task.o(i.rt_block)
    i.rt_chk_robin                           0x080019d8   Section        0  rt_robin.o(i.rt_chk_robin)
    i.rt_dec_dly                             0x08001a1c   Section        0  rt_list.o(i.rt_dec_dly)
    i.rt_dispatch                            0x08001a90   Section        0  rt_task.o(i.rt_dispatch)
    i.rt_dly_wait                            0x08001ad0   Section        0  rt_time.o(i.rt_dly_wait)
    i.rt_evt_psh                             0x08001adc   Section        0  rt_event.o(i.rt_evt_psh)
    i.rt_free_box                            0x08001b2c   Section        0  rt_membox.o(i.rt_free_box)
    i.rt_free_mem                            0x08001b52   Section        0  rt_memory.o(i.rt_free_mem)
    i.rt_get_first                           0x08001b82   Section        0  rt_list.o(i.rt_get_first)
    i.rt_id2obj                              0x08001bac   Section        0  rt_cmsis.o(i.rt_id2obj)
    rt_id2obj                                0x08001bad   Thumb Code     8  rt_cmsis.o(i.rt_id2obj)
    i.rt_init_context                        0x08001bb4   Section        0  rt_task.o(i.rt_init_context)
    rt_init_context                          0x08001bb5   Thumb Code    66  rt_task.o(i.rt_init_context)
    i.rt_init_mem                            0x08001bfc   Section        0  rt_memory.o(i.rt_init_mem)
    i.rt_init_robin                          0x08001c18   Section        0  rt_robin.o(i.rt_init_robin)
    i.rt_init_stack                          0x08001c30   Section        0  hal_cm.o(i.rt_init_stack)
    i.rt_mbx_check                           0x08001ca8   Section        0  rt_mailbox.o(i.rt_mbx_check)
    i.rt_mbx_init                            0x08001cb0   Section        0  rt_mailbox.o(i.rt_mbx_init)
    i.rt_mbx_psh                             0x08001cd4   Section        0  rt_mailbox.o(i.rt_mbx_psh)
    i.rt_mbx_wait                            0x08001da4   Section        0  rt_mailbox.o(i.rt_mbx_wait)
    i.rt_ms2tick                             0x08001e54   Section        0  rt_cmsis.o(i.rt_ms2tick)
    rt_ms2tick                               0x08001e55   Thumb Code    56  rt_cmsis.o(i.rt_ms2tick)
    i.rt_mut_release                         0x08001e98   Section        0  rt_mutex.o(i.rt_mut_release)
    i.rt_mut_wait                            0x08001f70   Section        0  rt_mutex.o(i.rt_mut_wait)
    i.rt_pop_req                             0x08001ff0   Section        0  rt_system.o(i.rt_pop_req)
    i.rt_psh_req                             0x08002060   Section        0  rt_system.o(i.rt_psh_req)
    i.rt_psq_enq                             0x08002080   Section        0  rt_list.o(i.rt_psq_enq)
    i.rt_put_dly                             0x080020c0   Section        0  rt_list.o(i.rt_put_dly)
    i.rt_put_prio                            0x08002110   Section        0  rt_list.o(i.rt_put_prio)
    i.rt_put_rdy_first                       0x0800214c   Section        0  rt_list.o(i.rt_put_rdy_first)
    i.rt_resort_prio                         0x08002160   Section        0  rt_list.o(i.rt_resort_prio)
    i.rt_ret_val                             0x08002190   Section        0  hal_cm.o(i.rt_ret_val)
    i.rt_ret_val2                            0x08002196   Section        0  hal_cm.o(i.rt_ret_val2)
    i.rt_rmv_dly                             0x0800219e   Section        0  rt_list.o(i.rt_rmv_dly)
    i.rt_rmv_list                            0x080021c8   Section        0  rt_list.o(i.rt_rmv_list)
    i.rt_sem_psh                             0x080021fc   Section        0  rt_semaphore.o(i.rt_sem_psh)
    i.rt_stk_check                           0x08002230   Section        0  rt_system.o(i.rt_stk_check)
    i.rt_switch_req                          0x08002258   Section        0  rt_task.o(i.rt_switch_req)
    i.rt_sys_init                            0x08002268   Section        0  rt_task.o(i.rt_sys_init)
    i.rt_sys_start                           0x08002330   Section        0  rt_task.o(i.rt_sys_start)
    i.rt_systick                             0x08002394   Section        0  rt_system.o(i.rt_systick)
    i.rt_tid2ptcb                            0x080023d0   Section        0  rt_cmsis.o(i.rt_tid2ptcb)
    rt_tid2ptcb                              0x080023d1   Thumb Code    18  rt_cmsis.o(i.rt_tid2ptcb)
    i.rt_timer_insert                        0x080023e4   Section        0  rt_cmsis.o(i.rt_timer_insert)
    rt_timer_insert                          0x080023e5   Thumb Code    52  rt_cmsis.o(i.rt_timer_insert)
    i.rt_tsk_create                          0x0800241c   Section        0  rt_task.o(i.rt_tsk_create)
    i.rt_tsk_delete                          0x08002494   Section        0  rt_task.o(i.rt_tsk_delete)
    i.rt_tsk_prio                            0x080025ec   Section        0  rt_task.o(i.rt_tsk_prio)
    i.rt_tsk_self                            0x0800266c   Section        0  rt_task.o(i.rt_tsk_self)
    i.svcDelay                               0x0800267c   Section        0  rt_cmsis.o(i.svcDelay)
    i.svcKernelInitialize                    0x08002690   Section        0  rt_cmsis.o(i.svcKernelInitialize)
    i.svcKernelStart                         0x08002708   Section        0  rt_cmsis.o(i.svcKernelStart)
    i.svcMessageCreate                       0x08002754   Section        0  rt_cmsis.o(i.svcMessageCreate)
    i.svcMessageGet                          0x0800277e   Section        0  rt_cmsis.o(i.svcMessageGet)
    i.svcThreadCreate                        0x080027bc   Section        0  rt_cmsis.o(i.svcThreadCreate)
    i.svcThreadGetId                         0x08002830   Section        0  rt_cmsis.o(i.svcThreadGetId)
    i.svcThreadTerminate                     0x0800284c   Section        0  rt_cmsis.o(i.svcThreadTerminate)
    i.svcTimerCall                           0x08002888   Section        0  rt_cmsis.o(i.svcTimerCall)
    i.sysTimerTick                           0x080028a4   Section        0  rt_cmsis.o(i.sysTimerTick)
    i.uart1_config                           0x080028fc   Section        0  main.o(i.uart1_config)
    .constdata                               0x08002984   Section       32  main.o(.constdata)
    .constdata                               0x080029a4   Section        2  rtx_conf_cm.o(.constdata)
    .constdata                               0x080029a8   Section        4  rtx_conf_cm.o(.constdata)
    .constdata                               0x080029ac   Section        4  rtx_conf_cm.o(.constdata)
    .constdata                               0x080029b0   Section        4  rtx_conf_cm.o(.constdata)
    .constdata                               0x080029b4   Section        1  rtx_conf_cm.o(.constdata)
    .constdata                               0x080029b8   Section       16  rtx_conf_cm.o(.constdata)
    __tagsym$$used                           0x080029b8   Number         0  rtx_conf_cm.o(.constdata)
    __tagsym$$used                           0x080029bc   Number         0  rtx_conf_cm.o(.constdata)
    __tagsym$$used                           0x080029c0   Number         0  rtx_conf_cm.o(.constdata)
    __tagsym$$used                           0x080029c4   Number         0  rtx_conf_cm.o(.constdata)
    .constdata                               0x080029c8   Section        2  rtx_conf_cm.o(.constdata)
    .constdata                               0x080029cc   Section        4  rtx_conf_cm.o(.constdata)
    .constdata                               0x080029d0   Section        4  rtx_conf_cm.o(.constdata)
    .constdata                               0x080029d4   Section        1  rtx_conf_cm.o(.constdata)
    .constdata                               0x080029d8   Section       16  rtx_conf_cm.o(.constdata)
    .constdata                               0x080029e8   Section        8  rtx_conf_cm.o(.constdata)
    .constdata                               0x080029f0   Section        2  rtx_conf_cm.o(.constdata)
    .constdata                               0x080029f4   Section       16  rtx_conf_cm.o(.constdata)
    .constdata                               0x08002a04   Section       16  system_stm32f0xx.o(.constdata)
    .constdata                               0x08002a14   Section        8  system_stm32f0xx.o(.constdata)
    .data                                    0x20000000   Section        8  main.o(.data)
    .data                                    0x20000008   Section        4  rtx_conf_cm.o(.data)
    .data                                    0x2000000c   Section        4  rtx_conf_cm.o(.data)
    .data                                    0x20000010   Section        4  rtx_conf_cm.o(.data)
    .data                                    0x20000014   Section       12  stm32f0xx_hal.o(.data)
    .data                                    0x20000020   Section        4  system_stm32f0xx.o(.data)
    .data                                    0x20000024   Section        8  rt_cmsis.o(.data)
    .data                                    0x2000002c   Section        8  rt_task.o(.data)
    .data                                    0x20000034   Section        8  rt_system.o(.data)
    os_lock                                  0x20000034   Data           1  rt_system.o(.data)
    os_psh_flag                              0x20000035   Data           1  rt_system.o(.data)
    pend_flags                               0x20000036   Data           1  rt_system.o(.data)
    .data                                    0x2000003c   Section        4  rt_time.o(.data)
    .data                                    0x20000040   Section        8  rt_robin.o(.data)
    .bss                                     0x20000048   Section      128  main.o(.bss)
    .bss                                     0x200000c8   Section       32  rtx_conf_cm.o(.bss)
    .bss                                     0x200000e8   Section      220  rtx_conf_cm.o(.bss)
    .bss                                     0x200001c8   Section     2416  rtx_conf_cm.o(.bss)
    .bss                                     0x20000b38   Section     1032  rtx_conf_cm.o(.bss)
    .bss                                     0x20000f40   Section      132  rtx_conf_cm.o(.bss)
    .bss                                     0x20000fc4   Section       16  rtx_conf_cm.o(.bss)
    .bss                                     0x20000fd4   Section       52  rt_task.o(.bss)
    .bss                                     0x20001008   Section       48  rt_list.o(.bss)
    .bss                                     0x20001038   Section       96  libspace.o(.bss)
    HEAP                                     0x20001098   Section      512  startup_stm32f051x8.o(HEAP)
    Heap_Mem                                 0x20001098   Data         512  startup_stm32f051x8.o(HEAP)
    STACK                                    0x20001298   Section     1024  startup_stm32f051x8.o(STACK)
    Stack_Mem                                0x20001298   Data        1024  startup_stm32f051x8.o(STACK)
    __initial_sp                             0x20001698   Data           0  startup_stm32f051x8.o(STACK)

    Global Symbols

    Symbol Name                              Value     Ov Type        Size  Object(Section)

    BuildAttributes$$THM_ISAv3M$S$PE$A:L22$X:L11$S22$IEEE1$IW$USESV6$~STKCKD$USESV7$~SHL$OSPACE$ROPI$EBA8$UX$STANDARDLIB$REQ8$PRES8$EABIv2 0x00000000   Number         0  anon$$obj.o ABSOLUTE
    __ARM_use_no_argv                        0x00000000   Number         0  main.o ABSOLUTE
    __ARM_exceptions_init                     - Undefined Weak Reference
    __alloca_initialize                       - Undefined Weak Reference
    __arm_preinit_                            - Undefined Weak Reference
    __cpp_initialize__aeabi_                  - Undefined Weak Reference
    __cxa_finalize                            - Undefined Weak Reference
    __rt_locale                               - Undefined Weak Reference
    __sigvec_lookup                           - Undefined Weak Reference
    _atexit_init                              - Undefined Weak Reference
    _call_atexit_fns                          - Undefined Weak Reference
    _clock_init                               - Undefined Weak Reference
    _fp_trap_init                             - Undefined Weak Reference
    _fp_trap_shutdown                         - Undefined Weak Reference
    _get_lc_collate                           - Undefined Weak Reference
    _get_lc_ctype                             - Undefined Weak Reference
    _get_lc_monetary                          - Undefined Weak Reference
    _get_lc_numeric                           - Undefined Weak Reference
    _get_lc_time                              - Undefined Weak Reference
    _getenv_init                              - Undefined Weak Reference
    _handle_redirection                       - Undefined Weak Reference
    _init_alloc                               - Undefined Weak Reference
    _init_user_alloc                          - Undefined Weak Reference
    _initio                                   - Undefined Weak Reference
    _rand_init                                - Undefined Weak Reference
    _signal_finish                            - Undefined Weak Reference
    _signal_init                              - Undefined Weak Reference
    _terminate_alloc                          - Undefined Weak Reference
    _terminate_user_alloc                     - Undefined Weak Reference
    _terminateio                              - Undefined Weak Reference
    __Vectors_Size                           0x000000bc   Number         0  startup_stm32f051x8.o ABSOLUTE
    __RL_RTX_VER                             0x00000482   Number         0  rt_system.o ABSOLUTE
    __Vectors                                0x08000000   Data           4  startup_stm32f051x8.o(RESET)
    __Vectors_End                            0x080000bc   Data           0  startup_stm32f051x8.o(RESET)
    __main                                   0x080000bd   Thumb Code     8  __main.o(!!!main)
    __scatterload                            0x080000c5   Thumb Code     0  __scatter.o(!!!scatter)
    __scatterload_rt2                        0x080000c5   Thumb Code    52  __scatter.o(!!!scatter)
    __scatterload_rt2_thumb_only             0x080000c5   Thumb Code     0  __scatter.o(!!!scatter)
    __scatterload_null                       0x080000d5   Thumb Code     0  __scatter.o(!!!scatter)
    __scatterload_copy                       0x08000101   Thumb Code    26  __scatter_copy.o(!!handler_copy)
    __scatterload_zeroinit                   0x0800011d   Thumb Code    28  __scatter_zi.o(!!handler_zi)
    __rt_lib_init                            0x08000139   Thumb Code     0  libinit.o(.ARM.Collect$$libinit$$00000000)
    __rt_lib_init_alloca_1                   0x0800013b   Thumb Code     0  libinit2.o(.ARM.Collect$$libinit$$0000002E)
    __rt_lib_init_argv_1                     0x0800013b   Thumb Code     0  libinit2.o(.ARM.Collect$$libinit$$0000002C)
    __rt_lib_init_atexit_1                   0x0800013b   Thumb Code     0  libinit2.o(.ARM.Collect$$libinit$$0000001B)
    __rt_lib_init_clock_1                    0x0800013b   Thumb Code     0  libinit2.o(.ARM.Collect$$libinit$$00000021)
    __rt_lib_init_cpp_1                      0x0800013b   Thumb Code     0  libinit2.o(.ARM.Collect$$libinit$$00000032)
    __rt_lib_init_exceptions_1               0x0800013b   Thumb Code     0  libinit2.o(.ARM.Collect$$libinit$$00000030)
    __rt_lib_init_fp_1                       0x0800013b   Thumb Code     0  libinit2.o(.ARM.Collect$$libinit$$00000002)
    __rt_lib_init_fp_trap_1                  0x0800013b   Thumb Code     0  libinit2.o(.ARM.Collect$$libinit$$0000001F)
    __rt_lib_init_getenv_1                   0x0800013b   Thumb Code     0  libinit2.o(.ARM.Collect$$libinit$$00000023)
    __rt_lib_init_heap_1                     0x0800013b   Thumb Code     0  libinit2.o(.ARM.Collect$$libinit$$0000000A)
    __rt_lib_init_lc_collate_1               0x0800013b   Thumb Code     0  libinit2.o(.ARM.Collect$$libinit$$00000011)
    __rt_lib_init_lc_ctype_1                 0x0800013b   Thumb Code     0  libinit2.o(.ARM.Collect$$libinit$$00000013)
    __rt_lib_init_lc_monetary_1              0x0800013b   Thumb Code     0  libinit2.o(.ARM.Collect$$libinit$$00000015)
    __rt_lib_init_lc_numeric_1               0x0800013b   Thumb Code     0  libinit2.o(.ARM.Collect$$libinit$$00000017)
    __rt_lib_init_lc_time_1                  0x0800013b   Thumb Code     0  libinit2.o(.ARM.Collect$$libinit$$00000019)
    __rt_lib_init_preinit_1                  0x0800013b   Thumb Code     0  libinit2.o(.ARM.Collect$$libinit$$00000004)
    __rt_lib_init_rand_1                     0x0800013b   Thumb Code     0  libinit2.o(.ARM.Collect$$libinit$$0000000E)
    __rt_lib_init_return                     0x0800013b   Thumb Code     0  libinit2.o(.ARM.Collect$$libinit$$00000033)
    __rt_lib_init_signal_1                   0x0800013b   Thumb Code     0  libinit2.o(.ARM.Collect$$libinit$$0000001D)
    __rt_lib_init_stdio_1                    0x0800013b   Thumb Code     0  libinit2.o(.ARM.Collect$$libinit$$00000025)
    __rt_lib_init_user_alloc_1               0x0800013b   Thumb Code     0  libinit2.o(.ARM.Collect$$libinit$$0000000C)
    __rt_lib_shutdown                        0x0800013d   Thumb Code     0  libshutdown.o(.ARM.Collect$$libshutdown$$00000000)
    __rt_lib_shutdown_cpp_1                  0x0800013f   Thumb Code     0  libshutdown2.o(.ARM.Collect$$libshutdown$$00000002)
    __rt_lib_shutdown_fp_trap_1              0x0800013f   Thumb Code     0  libshutdown2.o(.ARM.Collect$$libshutdown$$00000007)
    __rt_lib_shutdown_heap_1                 0x0800013f   Thumb Code     0  libshutdown2.o(.ARM.Collect$$libshutdown$$0000000F)
    __rt_lib_shutdown_return                 0x0800013f   Thumb Code     0  libshutdown2.o(.ARM.Collect$$libshutdown$$00000010)
    __rt_lib_shutdown_signal_1               0x0800013f   Thumb Code     0  libshutdown2.o(.ARM.Collect$$libshutdown$$0000000A)
    __rt_lib_shutdown_stdio_1                0x0800013f   Thumb Code     0  libshutdown2.o(.ARM.Collect$$libshutdown$$00000004)
    __rt_lib_shutdown_user_alloc_1           0x0800013f   Thumb Code     0  libshutdown2.o(.ARM.Collect$$libshutdown$$0000000C)
    __rt_entry                               0x08000141   Thumb Code     0  __rtentry.o(.ARM.Collect$$rtentry$$00000000)
    __rt_entry_presh_1                       0x08000141   Thumb Code     0  __rtentry2.o(.ARM.Collect$$rtentry$$00000002)
    __rt_entry_sh                            0x08000141   Thumb Code     0  __rtentry4.o(.ARM.Collect$$rtentry$$00000004)
    __rt_entry_li                            0x08000147   Thumb Code     0  __rtentry2.o(.ARM.Collect$$rtentry$$0000000A)
    __rt_entry_postsh_1                      0x08000147   Thumb Code     0  __rtentry2.o(.ARM.Collect$$rtentry$$00000009)
    __rt_entry_postli_1                      0x0800014b   Thumb Code     0  __rtentry2.o(.ARM.Collect$$rtentry$$0000000B)
    __rt_entry_main                          0x08000153   Thumb Code     0  __rtentry2.o(.ARM.Collect$$rtentry$$0000000D)
    __rt_exit                                0x0800015b   Thumb Code     0  rtexit.o(.ARM.Collect$$rtexit$$00000000)
    __rt_exit_ls                             0x0800015d   Thumb Code     0  rtexit2.o(.ARM.Collect$$rtexit$$00000003)
    __rt_exit_prels_1                        0x0800015d   Thumb Code     0  rtexit2.o(.ARM.Collect$$rtexit$$00000002)
    __rt_exit_exit                           0x08000161   Thumb Code     0  rtexit2.o(.ARM.Collect$$rtexit$$00000004)
    HardFault_Handler                        0x08000169   Thumb Code     2  main.o(.emb_text)
    _platform_post_lib_init                  0x0800016d   Thumb Code    24  rtx_conf_cm.o(.emb_text)
    rt_set_PSP                               0x08000189   Thumb Code     6  hal_cm0.o(.emb_text)
    rt_get_PSP                               0x0800018f   Thumb Code     6  hal_cm0.o(.emb_text)
    os_set_env                               0x08000195   Thumb Code    32  hal_cm0.o(.emb_text)
    _alloc_box                               0x080001b9   Thumb Code    28  hal_cm0.o(.emb_text)
    _free_box                                0x080001d9   Thumb Code    28  hal_cm0.o(.emb_text)
    SVC_Handler                              0x080001f9   Thumb Code   136  hal_cm0.o(.emb_text)
    PendSV_Handler                           0x0800028d   Thumb Code    72  hal_cm0.o(.emb_text)
    SysTick_Handler                          0x080002d9   Thumb Code     8  hal_cm0.o(.emb_text)
    OS_Tick_Handler                          0x080002e1   Thumb Code    12  hal_cm0.o(.emb_text)
    __aeabi_memcpy4                          0x080002ed   Thumb Code    56  rt_memcpy.o(.emb_text)
    __aeabi_memcpy8                          0x080002ed   Thumb Code     0  rt_memcpy.o(.emb_text)
    Reset_Handler                            0x08000325   Thumb Code     8  startup_stm32f051x8.o(.text)
    NMI_Handler                              0x0800032d   Thumb Code     2  startup_stm32f051x8.o(.text)
    ADC1_COMP_IRQHandler                     0x08000337   Thumb Code     0  startup_stm32f051x8.o(.text)
    CEC_IRQHandler                           0x08000337   Thumb Code     0  startup_stm32f051x8.o(.text)
    DMA1_Channel1_IRQHandler                 0x08000337   Thumb Code     0  startup_stm32f051x8.o(.text)
    DMA1_Channel2_3_IRQHandler               0x08000337   Thumb Code     0  startup_stm32f051x8.o(.text)
    DMA1_Channel4_5_IRQHandler               0x08000337   Thumb Code     0  startup_stm32f051x8.o(.text)
    EXTI0_1_IRQHandler                       0x08000337   Thumb Code     0  startup_stm32f051x8.o(.text)
    EXTI2_3_IRQHandler                       0x08000337   Thumb Code     0  startup_stm32f051x8.o(.text)
    EXTI4_15_IRQHandler                      0x08000337   Thumb Code     0  startup_stm32f051x8.o(.text)
    FLASH_IRQHandler                         0x08000337   Thumb Code     0  startup_stm32f051x8.o(.text)
    I2C1_IRQHandler                          0x08000337   Thumb Code     0  startup_stm32f051x8.o(.text)
    I2C2_IRQHandler                          0x08000337   Thumb Code     0  startup_stm32f051x8.o(.text)
    PVD_IRQHandler                           0x08000337   Thumb Code     0  startup_stm32f051x8.o(.text)
    RCC_IRQHandler                           0x08000337   Thumb Code     0  startup_stm32f051x8.o(.text)
    RTC_IRQHandler                           0x08000337   Thumb Code     0  startup_stm32f051x8.o(.text)
    SPI1_IRQHandler                          0x08000337   Thumb Code     0  startup_stm32f051x8.o(.text)
    SPI2_IRQHandler                          0x08000337   Thumb Code     0  startup_stm32f051x8.o(.text)
    TIM14_IRQHandler                         0x08000337   Thumb Code     0  startup_stm32f051x8.o(.text)
    TIM15_IRQHandler                         0x08000337   Thumb Code     0  startup_stm32f051x8.o(.text)
    TIM16_IRQHandler                         0x08000337   Thumb Code     0  startup_stm32f051x8.o(.text)
    TIM17_IRQHandler                         0x08000337   Thumb Code     0  startup_stm32f051x8.o(.text)
    TIM1_BRK_UP_TRG_COM_IRQHandler           0x08000337   Thumb Code     0  startup_stm32f051x8.o(.text)
    TIM1_CC_IRQHandler                       0x08000337   Thumb Code     0  startup_stm32f051x8.o(.text)
    TIM2_IRQHandler                          0x08000337   Thumb Code     0  startup_stm32f051x8.o(.text)
    TIM3_IRQHandler                          0x08000337   Thumb Code     0  startup_stm32f051x8.o(.text)
    TIM6_DAC_IRQHandler                      0x08000337   Thumb Code     0  startup_stm32f051x8.o(.text)
    TSC_IRQHandler                           0x08000337   Thumb Code     0  startup_stm32f051x8.o(.text)
    USART1_IRQHandler                        0x08000337   Thumb Code     0  startup_stm32f051x8.o(.text)
    USART2_IRQHandler                        0x08000337   Thumb Code     0  startup_stm32f051x8.o(.text)
    WWDG_IRQHandler                          0x08000337   Thumb Code     0  startup_stm32f051x8.o(.text)
    __user_initial_stackheap                 0x08000339   Thumb Code     0  startup_stm32f051x8.o(.text)
    __user_libspace                          0x0800035d   Thumb Code     8  libspace.o(.text)
    __user_perproc_libspace                  0x0800035d   Thumb Code     0  libspace.o(.text)
    __aeabi_uldivmod                         0x08000365   Thumb Code   258  lludiv.o(.text)
    _ll_udiv                                 0x08000365   Thumb Code     0  lludiv.o(.text)
    __2sprintf                               0x08000469   Thumb Code    36  noretval__2sprintf.o(.text)
    exit                                     0x08000491   Thumb Code    16  exit.o(.text)
    _memset_w                                0x080004a1   Thumb Code    26  rt_memclr.o(.text)
    _memset                                  0x080004bb   Thumb Code    30  rt_memclr.o(.text)
    __aeabi_memclr                           0x080004d9   Thumb Code     4  rt_memclr.o(.text)
    __rt_memclr                              0x080004d9   Thumb Code     0  rt_memclr.o(.text)
    __aeabi_memclr4                          0x080004dd   Thumb Code     0  rt_memclr.o(.text)
    __aeabi_memclr8                          0x080004dd   Thumb Code     0  rt_memclr.o(.text)
    __rt_memclr_w                            0x080004dd   Thumb Code     4  rt_memclr.o(.text)
    __aeabi_uidiv                            0x080004e1   Thumb Code     0  aeabi_sdiv.o(.text)
    __aeabi_uidivmod                         0x080004e1   Thumb Code    20  aeabi_sdiv.o(.text)
    __aeabi_idiv                             0x080004f5   Thumb Code     0  aeabi_sdiv.o(.text)
    __aeabi_idivmod                          0x080004f5   Thumb Code   326  aeabi_sdiv.o(.text)
    __use_two_region_memory                  0x0800063b   Thumb Code     2  heapauxi.o(.text)
    __rt_heap_escrow$2region                 0x0800063d   Thumb Code     2  heapauxi.o(.text)
    __rt_heap_expand$2region                 0x0800063f   Thumb Code     2  heapauxi.o(.text)
    _printf_char_common                      0x0800064b   Thumb Code    32  _printf_char_common.o(.text)
    _sputc                                   0x08000671   Thumb Code    10  _sputc.o(.text)
    __printf                                 0x0800067b   Thumb Code    36  __printf_nopercent.o(.text)
    _sys_exit                                0x080006a1   Thumb Code     8  sys_exit.o(.text)
    __user_setup_stackheap                   0x080006ad   Thumb Code    62  sys_stackheap_outer.o(.text)
    __I$use$semihosting                      0x080006eb   Thumb Code     0  use_no_semi.o(.text)
    __use_no_semihosting_swi                 0x080006eb   Thumb Code     2  use_no_semi.o(.text)
    SVC_Count                                0x080006ec   Data           4  svc_table.o(SVC_TABLE)
    __semihosting_library_function           0x080006ed   Thumb Code     0  indicate_semi.o(.text)
    HAL_GPIO_Init                            0x080006f1   Thumb Code   302  stm32f0xx_hal_gpio.o(i.HAL_GPIO_Init)
    SVC_Table                                0x080006f0   Data           0  svc_table.o(SVC_TABLE)
    HAL_GPIO_TogglePin                       0x08000839   Thumb Code    12  stm32f0xx_hal_gpio.o(i.HAL_GPIO_TogglePin)
    HAL_GPIO_WritePin                        0x08000845   Thumb Code    12  stm32f0xx_hal_gpio.o(i.HAL_GPIO_WritePin)
    HAL_GetTick                              0x08000851   Thumb Code     6  stm32f0xx_hal.o(i.HAL_GetTick)
    HAL_Init                                 0x0800085d   Thumb Code    26  stm32f0xx_hal.o(i.HAL_Init)
    HAL_InitTick                             0x0800087d   Thumb Code    58  stm32f0xx_hal.o(i.HAL_InitTick)
    HAL_MspInit                              0x080008c1   Thumb Code     2  stm32f0xx_hal.o(i.HAL_MspInit)
    HAL_NVIC_SetPriority                     0x080008c3   Thumb Code     8  stm32f0xx_hal_cortex.o(i.HAL_NVIC_SetPriority)
    HAL_RCCEx_PeriphCLKConfig                0x080008cd   Thumb Code   236  stm32f0xx_hal_rcc_ex.o(i.HAL_RCCEx_PeriphCLKConfig)
    HAL_RCC_ClockConfig                      0x080009c5   Thumb Code   242  stm32f0xx_hal_rcc.o(i.HAL_RCC_ClockConfig)
    HAL_RCC_GetPCLK1Freq                     0x08000acd   Thumb Code    20  stm32f0xx_hal_rcc.o(i.HAL_RCC_GetPCLK1Freq)
    HAL_RCC_GetSysClockFreq                  0x08000aed   Thumb Code    84  stm32f0xx_hal_rcc.o(i.HAL_RCC_GetSysClockFreq)
    HAL_RCC_OscConfig                        0x08000b6d   Thumb Code   890  stm32f0xx_hal_rcc.o(i.HAL_RCC_OscConfig)
    HAL_SYSTICK_Config                       0x08000ef5   Thumb Code    38  stm32f0xx_hal_cortex.o(i.HAL_SYSTICK_Config)
    HAL_UART_DeInit                          0x08000f25   Thumb Code    58  stm32f0xx_hal_uart.o(i.HAL_UART_DeInit)
    HAL_UART_Init                            0x08000f5f   Thumb Code   106  stm32f0xx_hal_uart.o(i.HAL_UART_Init)
    HAL_UART_MspDeInit                       0x08000fc9   Thumb Code     2  stm32f0xx_hal_uart.o(i.HAL_UART_MspDeInit)
    HAL_UART_MspInit                         0x08000fcb   Thumb Code     2  stm32f0xx_hal_uart.o(i.HAL_UART_MspInit)
    HAL_UART_Transmit                        0x08000fcd   Thumb Code   206  stm32f0xx_hal_uart.o(i.HAL_UART_Transmit)
    SystemClock_Config                       0x0800109d   Thumb Code   128  main.o(i.SystemClock_Config)
    SystemInit                               0x08001121   Thumb Code     2  system_stm32f0xx.o(i.SystemInit)
    UART_AdvFeatureConfig                    0x08001229   Thumb Code   202  stm32f0xx_hal_uart.o(i.UART_AdvFeatureConfig)
    UART_CheckIdleState                      0x080012f5   Thumb Code    90  stm32f0xx_hal_uart.o(i.UART_CheckIdleState)
    UART_SetConfig                           0x08001355   Thumb Code   300  stm32f0xx_hal_uart.o(i.UART_SetConfig)
    UART_WaitOnFlagUntilTimeout              0x0800149d   Thumb Code   156  stm32f0xx_hal_uart.o(i.UART_WaitOnFlagUntilTimeout)
    __ARM_common_ll_muluu                    0x08001539   Thumb Code    48  stm32f0xx_hal_rcc.o(i.__ARM_common_ll_muluu)
    _init_box                                0x080015ad   Thumb Code    72  rt_membox.o(i._init_box)
    _mutex_acquire                           0x080015f5   Thumb Code    22  rtx_conf_cm.o(i._mutex_acquire)
    _mutex_release                           0x08001619   Thumb Code    20  rtx_conf_cm.o(i._mutex_release)
    bsp_led_config                           0x08001635   Thumb Code    80  main.o(i.bsp_led_config)
    isrMessageGet                            0x0800168d   Thumb Code    46  rt_cmsis.o(i.isrMessageGet)
    isrMessagePut                            0x080016bb   Thumb Code    48  rt_cmsis.o(i.isrMessagePut)
    isr_mbx_receive                          0x080016eb   Thumb Code    76  rt_mailbox.o(i.isr_mbx_receive)
    isr_mbx_send                             0x08001737   Thumb Code    12  rt_mailbox.o(i.isr_mbx_send)
    main                                     0x08001745   Thumb Code    86  main.o(i.main)
    osDelay                                  0x080017b9   Thumb Code    22  rt_cmsis.o(i.osDelay)
    osKernelInitialize                       0x080017d5   Thumb Code    36  rt_cmsis.o(i.osKernelInitialize)
    osKernelStart                            0x080017fd   Thumb Code   100  rt_cmsis.o(i.osKernelStart)
    osMessageGet                             0x08001869   Thumb Code    24  rt_cmsis.o(i.osMessageGet)
    osThreadCreate                           0x08001885   Thumb Code    44  rt_cmsis.o(i.osThreadCreate)
    osThreadExit                             0x080018b9   Thumb Code    14  rt_cmsis.o(i.osThreadExit)
    osTimerCall                              0x080018d1   Thumb Code    10  rt_cmsis.o(i.osTimerCall)
    osTimerThread                            0x080018e1   Thumb Code    38  rt_cmsis.o(i.osTimerThread)
    os_error                                 0x0800190d   Thumb Code     2  rtx_conf_cm.o(i.os_error)
    os_idle_demon                            0x0800190f   Thumb Code     2  rtx_conf_cm.o(i.os_idle_demon)
    os_tick_init                             0x08001911   Thumb Code    32  rt_system.o(i.os_tick_init)
    os_tick_irqack                           0x0800193d   Thumb Code     2  rt_system.o(i.os_tick_irqack)
    rt_alloc_box                             0x0800193f   Thumb Code    30  rt_membox.o(i.rt_alloc_box)
    rt_alloc_mem                             0x0800195d   Thumb Code    66  rt_memory.o(i.rt_alloc_mem)
    rt_block                                 0x080019a1   Thumb Code    42  rt_task.o(i.rt_block)
    rt_chk_robin                             0x080019d9   Thumb Code    56  rt_robin.o(i.rt_chk_robin)
    rt_dec_dly                               0x08001a1d   Thumb Code   108  rt_list.o(i.rt_dec_dly)
    rt_dispatch                              0x08001a91   Thumb Code    56  rt_task.o(i.rt_dispatch)
    rt_dly_wait                              0x08001ad1   Thumb Code    10  rt_time.o(i.rt_dly_wait)
    rt_evt_psh                               0x08001add   Thumb Code    74  rt_event.o(i.rt_evt_psh)
    rt_free_box                              0x08001b2d   Thumb Code    38  rt_membox.o(i.rt_free_box)
    rt_free_mem                              0x08001b53   Thumb Code    48  rt_memory.o(i.rt_free_mem)
    rt_get_first                             0x08001b83   Thumb Code    42  rt_list.o(i.rt_get_first)
    rt_init_mem                              0x08001bfd   Thumb Code    28  rt_memory.o(i.rt_init_mem)
    rt_init_robin                            0x08001c19   Thumb Code    14  rt_robin.o(i.rt_init_robin)
    rt_init_stack                            0x08001c31   Thumb Code   106  hal_cm.o(i.rt_init_stack)
    rt_mbx_check                             0x08001ca9   Thumb Code     8  rt_mailbox.o(i.rt_mbx_check)
    rt_mbx_init                              0x08001cb1   Thumb Code    30  rt_mailbox.o(i.rt_mbx_init)
    rt_mbx_psh                               0x08001cd5   Thumb Code   204  rt_mailbox.o(i.rt_mbx_psh)
    rt_mbx_wait                              0x08001da5   Thumb Code   170  rt_mailbox.o(i.rt_mbx_wait)
    rt_mut_release                           0x08001e99   Thumb Code   206  rt_mutex.o(i.rt_mut_release)
    rt_mut_wait                              0x08001f71   Thumb Code   118  rt_mutex.o(i.rt_mut_wait)
    rt_pop_req                               0x08001ff1   Thumb Code   100  rt_system.o(i.rt_pop_req)
    rt_psh_req                               0x08002061   Thumb Code    24  rt_system.o(i.rt_psh_req)
    rt_psq_enq                               0x08002081   Thumb Code    60  rt_list.o(i.rt_psq_enq)
    rt_put_dly                               0x080020c1   Thumb Code    74  rt_list.o(i.rt_put_dly)
    rt_put_prio                              0x08002111   Thumb Code    60  rt_list.o(i.rt_put_prio)
    rt_put_rdy_first                         0x0800214d   Thumb Code    14  rt_list.o(i.rt_put_rdy_first)
    rt_resort_prio                           0x08002161   Thumb Code    44  rt_list.o(i.rt_resort_prio)
    rt_ret_val                               0x08002191   Thumb Code     6  hal_cm.o(i.rt_ret_val)
    rt_ret_val2                              0x08002197   Thumb Code     8  hal_cm.o(i.rt_ret_val2)
    rt_rmv_dly                               0x0800219f   Thumb Code    42  rt_list.o(i.rt_rmv_dly)
    rt_rmv_list                              0x080021c9   Thumb Code    46  rt_list.o(i.rt_rmv_list)
    rt_sem_psh                               0x080021fd   Thumb Code    48  rt_semaphore.o(i.rt_sem_psh)
    rt_stk_check                             0x08002231   Thumb Code    30  rt_system.o(i.rt_stk_check)
    rt_switch_req                            0x08002259   Thumb Code    10  rt_task.o(i.rt_switch_req)
    rt_sys_init                              0x08002269   Thumb Code   134  rt_task.o(i.rt_sys_init)
    rt_sys_start                             0x08002331   Thumb Code    82  rt_task.o(i.rt_sys_start)
    rt_systick                               0x08002395   Thumb Code    48  rt_system.o(i.rt_systick)
    rt_tsk_create                            0x0800241d   Thumb Code   106  rt_task.o(i.rt_tsk_create)
    rt_tsk_delete                            0x08002495   Thumb Code   318  rt_task.o(i.rt_tsk_delete)
    rt_tsk_prio                              0x080025ed   Thumb Code   112  rt_task.o(i.rt_tsk_prio)
    rt_tsk_self                              0x0800266d   Thumb Code    12  rt_task.o(i.rt_tsk_self)
    svcDelay                                 0x0800267d   Thumb Code    18  rt_cmsis.o(i.svcDelay)
    svcKernelInitialize                      0x08002691   Thumb Code    86  rt_cmsis.o(i.svcKernelInitialize)
    svcKernelStart                           0x08002709   Thumb Code    66  rt_cmsis.o(i.svcKernelStart)
    svcMessageCreate                         0x08002755   Thumb Code    42  rt_cmsis.o(i.svcMessageCreate)
    svcMessageGet                            0x0800277f   Thumb Code    60  rt_cmsis.o(i.svcMessageGet)
    svcThreadCreate                          0x080027bd   Thumb Code   102  rt_cmsis.o(i.svcThreadCreate)
    svcThreadGetId                           0x08002831   Thumb Code    22  rt_cmsis.o(i.svcThreadGetId)
    svcThreadTerminate                       0x0800284d   Thumb Code    56  rt_cmsis.o(i.svcThreadTerminate)
    svcTimerCall                             0x08002889   Thumb Code    28  rt_cmsis.o(i.svcTimerCall)
    sysTimerTick                             0x080028a5   Thumb Code    78  rt_cmsis.o(i.sysTimerTick)
    uart1_config                             0x080028fd   Thumb Code   124  main.o(i.uart1_config)
    os_maxtaskrun                            0x080029a4   Data           2  rtx_conf_cm.o(.constdata)
    os_stackinfo                             0x080029a8   Data           4  rtx_conf_cm.o(.constdata)
    os_rrobin                                0x080029ac   Data           4  rtx_conf_cm.o(.constdata)
    os_trv                                   0x080029b0   Data           4  rtx_conf_cm.o(.constdata)
    os_flags                                 0x080029b4   Data           1  rtx_conf_cm.o(.constdata)
    CMSIS_RTOS_API_Version                   0x080029b8   Data           4  rtx_conf_cm.o(.constdata)
    CMSIS_RTOS_RTX_Version                   0x080029bc   Data           4  rtx_conf_cm.o(.constdata)
    os_clockrate                             0x080029c0   Data           4  rtx_conf_cm.o(.constdata)
    os_timernum                              0x080029c4   Data           4  rtx_conf_cm.o(.constdata)
    mp_tcb_size                              0x080029c8   Data           2  rtx_conf_cm.o(.constdata)
    mp_stk_size                              0x080029cc   Data           4  rtx_conf_cm.o(.constdata)
    os_stack_sz                              0x080029d0   Data           4  rtx_conf_cm.o(.constdata)
    os_fifo_size                             0x080029d4   Data           1  rtx_conf_cm.o(.constdata)
    os_thread_def_osTimerThread              0x080029d8   Data          16  rtx_conf_cm.o(.constdata)
    os_messageQ_def_osTimerMessageQ          0x080029e8   Data           8  rtx_conf_cm.o(.constdata)
    mp_tmr_size                              0x080029f0   Data           2  rtx_conf_cm.o(.constdata)
    os_thread_def_main                       0x080029f4   Data          16  rtx_conf_cm.o(.constdata)
    AHBPrescTable                            0x08002a04   Data          16  system_stm32f0xx.o(.constdata)
    APBPrescTable                            0x08002a14   Data           8  system_stm32f0xx.o(.constdata)
    Region$$Table$$Base                      0x08002a1c   Number         0  anon$$obj.o(Region$$Table)
    Region$$Table$$Limit                     0x08002a3c   Number         0  anon$$obj.o(Region$$Table)
    LEDThread1Handle                         0x20000000   Data           4  main.o(.data)
    LEDThread2Handle                         0x20000004   Data           4  main.o(.data)
    m_tmr                                    0x20000008   Data           4  rtx_conf_cm.o(.data)
    osThreadId_osTimerThread                 0x2000000c   Data           4  rtx_conf_cm.o(.data)
    osMessageQId_osTimerMessageQ             0x20000010   Data           4  rtx_conf_cm.o(.data)
    uwTickFreq                               0x20000014   Data           1  stm32f0xx_hal.o(.data)
    uwTickPrio                               0x20000018   Data           4  stm32f0xx_hal.o(.data)
    uwTick                                   0x2000001c   Data           4  stm32f0xx_hal.o(.data)
    SystemCoreClock                          0x20000020   Data           4  system_stm32f0xx.o(.data)
    os_initialized                           0x20000024   Data           1  rt_cmsis.o(.data)
    os_running                               0x20000025   Data           1  rt_cmsis.o(.data)
    os_timer_head                            0x20000028   Data           4  rt_cmsis.o(.data)
    os_tsk                                   0x2000002c   Data           8  rt_task.o(.data)
    os_tick_irqn                             0x20000038   Data           4  rt_system.o(.data)
    os_time                                  0x2000003c   Data           4  rt_time.o(.data)
    os_robin                                 0x20000040   Data           8  rt_robin.o(.data)
    UartHandle                               0x20000048   Data         128  main.o(.bss)
    os_messageQ_q_osTimerMessageQ            0x200000c8   Data          32  rtx_conf_cm.o(.bss)
    mp_tcb                                   0x200000e8   Data         220  rtx_conf_cm.o(.bss)
    mp_stk                                   0x200001c8   Data        2416  rtx_conf_cm.o(.bss)
    os_stack_mem                             0x20000b38   Data        1032  rtx_conf_cm.o(.bss)
    os_fifo                                  0x20000f40   Data         132  rtx_conf_cm.o(.bss)
    os_active_TCB                            0x20000fc4   Data          16  rtx_conf_cm.o(.bss)
    os_idle_TCB                              0x20000fd4   Data          52  rt_task.o(.bss)
    os_rdy                                   0x20001008   Data          24  rt_list.o(.bss)
    os_dly                                   0x20001020   Data          24  rt_list.o(.bss)
    __libspace_start                         0x20001038   Data          96  libspace.o(.bss)
    __temporary_stack_top$libspace           0x20001098   Data           0  libspace.o(.bss)



==============================================================================

Memory Map of the image

  Image Entry point : 0x080000bd

  Load Region LR_IROM1 (Base: 0x08000000, Size: 0x00002a84, Max: 0x00010000, ABSOLUTE)

    Execution Region ER_IROM1 (Exec base: 0x08000000, Load base: 0x08000000, Size: 0x00002a3c, Max: 0x00010000, ABSOLUTE)

    Exec Addr    Load Addr    Size         Type   Attr      Idx    E Section Name        Object

    0x08000000   0x08000000   0x000000bc   Data   RO         4549    RESET               startup_stm32f051x8.o
    0x080000bc   0x080000bc   0x00000008   Code   RO         5800  * !!!main             c_p.l(__main.o)
    0x080000c4   0x080000c4   0x0000003c   Code   RO         5973    !!!scatter          c_p.l(__scatter.o)
    0x08000100   0x08000100   0x0000001a   Code   RO         5975    !!handler_copy      c_p.l(__scatter_copy.o)
    0x0800011a   0x0800011a   0x00000002   PAD
    0x0800011c   0x0800011c   0x0000001c   Code   RO         5977    !!handler_zi        c_p.l(__scatter_zi.o)
    0x08000138   0x08000138   0x00000002   Code   RO         5858    .ARM.Collect$$libinit$$00000000  c_p.l(libinit.o)
    0x0800013a   0x0800013a   0x00000000   Code   RO         5871    .ARM.Collect$$libinit$$00000002  c_p.l(libinit2.o)
    0x0800013a   0x0800013a   0x00000000   Code   RO         5873    .ARM.Collect$$libinit$$00000004  c_p.l(libinit2.o)
    0x0800013a   0x0800013a   0x00000000   Code   RO         5876    .ARM.Collect$$libinit$$0000000A  c_p.l(libinit2.o)
    0x0800013a   0x0800013a   0x00000000   Code   RO         5878    .ARM.Collect$$libinit$$0000000C  c_p.l(libinit2.o)
    0x0800013a   0x0800013a   0x00000000   Code   RO         5880    .ARM.Collect$$libinit$$0000000E  c_p.l(libinit2.o)
    0x0800013a   0x0800013a   0x00000000   Code   RO         5883    .ARM.Collect$$libinit$$00000011  c_p.l(libinit2.o)
    0x0800013a   0x0800013a   0x00000000   Code   RO         5885    .ARM.Collect$$libinit$$00000013  c_p.l(libinit2.o)
    0x0800013a   0x0800013a   0x00000000   Code   RO         5887    .ARM.Collect$$libinit$$00000015  c_p.l(libinit2.o)
    0x0800013a   0x0800013a   0x00000000   Code   RO         5889    .ARM.Collect$$libinit$$00000017  c_p.l(libinit2.o)
    0x0800013a   0x0800013a   0x00000000   Code   RO         5891    .ARM.Collect$$libinit$$00000019  c_p.l(libinit2.o)
    0x0800013a   0x0800013a   0x00000000   Code   RO         5893    .ARM.Collect$$libinit$$0000001B  c_p.l(libinit2.o)
    0x0800013a   0x0800013a   0x00000000   Code   RO         5895    .ARM.Collect$$libinit$$0000001D  c_p.l(libinit2.o)
    0x0800013a   0x0800013a   0x00000000   Code   RO         5897    .ARM.Collect$$libinit$$0000001F  c_p.l(libinit2.o)
    0x0800013a   0x0800013a   0x00000000   Code   RO         5899    .ARM.Collect$$libinit$$00000021  c_p.l(libinit2.o)
    0x0800013a   0x0800013a   0x00000000   Code   RO         5901    .ARM.Collect$$libinit$$00000023  c_p.l(libinit2.o)
    0x0800013a   0x0800013a   0x00000000   Code   RO         5903    .ARM.Collect$$libinit$$00000025  c_p.l(libinit2.o)
    0x0800013a   0x0800013a   0x00000000   Code   RO         5907    .ARM.Collect$$libinit$$0000002C  c_p.l(libinit2.o)
    0x0800013a   0x0800013a   0x00000000   Code   RO         5909    .ARM.Collect$$libinit$$0000002E  c_p.l(libinit2.o)
    0x0800013a   0x0800013a   0x00000000   Code   RO         5911    .ARM.Collect$$libinit$$00000030  c_p.l(libinit2.o)
    0x0800013a   0x0800013a   0x00000000   Code   RO         5913    .ARM.Collect$$libinit$$00000032  c_p.l(libinit2.o)
    0x0800013a   0x0800013a   0x00000002   Code   RO         5914    .ARM.Collect$$libinit$$00000033  c_p.l(libinit2.o)
    0x0800013c   0x0800013c   0x00000002   Code   RO         5859    .ARM.Collect$$libshutdown$$00000000  c_p.l(libshutdown.o)
    0x0800013e   0x0800013e   0x00000000   Code   RO         5916    .ARM.Collect$$libshutdown$$00000002  c_p.l(libshutdown2.o)
    0x0800013e   0x0800013e   0x00000000   Code   RO         5918    .ARM.Collect$$libshutdown$$00000004  c_p.l(libshutdown2.o)
    0x0800013e   0x0800013e   0x00000000   Code   RO         5921    .ARM.Collect$$libshutdown$$00000007  c_p.l(libshutdown2.o)
    0x0800013e   0x0800013e   0x00000000   Code   RO         5924    .ARM.Collect$$libshutdown$$0000000A  c_p.l(libshutdown2.o)
    0x0800013e   0x0800013e   0x00000000   Code   RO         5926    .ARM.Collect$$libshutdown$$0000000C  c_p.l(libshutdown2.o)
    0x0800013e   0x0800013e   0x00000000   Code   RO         5929    .ARM.Collect$$libshutdown$$0000000F  c_p.l(libshutdown2.o)
    0x0800013e   0x0800013e   0x00000002   Code   RO         5930    .ARM.Collect$$libshutdown$$00000010  c_p.l(libshutdown2.o)
    0x08000140   0x08000140   0x00000000   Code   RO         5802    .ARM.Collect$$rtentry$$00000000  c_p.l(__rtentry.o)
    0x08000140   0x08000140   0x00000000   Code   RO         5818    .ARM.Collect$$rtentry$$00000002  c_p.l(__rtentry2.o)
    0x08000140   0x08000140   0x00000006   Code   RO         5830    .ARM.Collect$$rtentry$$00000004  c_p.l(__rtentry4.o)
    0x08000146   0x08000146   0x00000000   Code   RO         5820    .ARM.Collect$$rtentry$$00000009  c_p.l(__rtentry2.o)
    0x08000146   0x08000146   0x00000004   Code   RO         5821    .ARM.Collect$$rtentry$$0000000A  c_p.l(__rtentry2.o)
    0x0800014a   0x0800014a   0x00000008   Code   RO         5822    .ARM.Collect$$rtentry$$0000000B  c_p.l(__rtentry2.o)
    0x08000152   0x08000152   0x00000008   Code   RO         5824    .ARM.Collect$$rtentry$$0000000D  c_p.l(__rtentry2.o)
    0x0800015a   0x0800015a   0x00000002   Code   RO         5803    .ARM.Collect$$rtexit$$00000000  c_p.l(rtexit.o)
    0x0800015c   0x0800015c   0x00000000   Code   RO         5833    .ARM.Collect$$rtexit$$00000002  c_p.l(rtexit2.o)
    0x0800015c   0x0800015c   0x00000004   Code   RO         5834    .ARM.Collect$$rtexit$$00000003  c_p.l(rtexit2.o)
    0x08000160   0x08000160   0x00000006   Code   RO         5835    .ARM.Collect$$rtexit$$00000004  c_p.l(rtexit2.o)
    0x08000166   0x08000166   0x00000002   PAD
    0x08000168   0x08000168   0x00000002   Code   RO            3    .emb_text           main.o
    0x0800016a   0x0800016a   0x00000002   PAD
    0x0800016c   0x0800016c   0x0000001c   Code   RO          210    .emb_text           rtx_conf_cm.o
    0x08000188   0x08000188   0x00000164   Code   RO         5758    .emb_text           RTX_CM0.lib(hal_cm0.o)
    0x080002ec   0x080002ec   0x00000038   Code   RO         5786    .emb_text           c_p.l(rt_memcpy.o)
    0x08000324   0x08000324   0x00000038   Code   RO         4550    .text               startup_stm32f051x8.o
    0x0800035c   0x0800035c   0x00000008   Code   RO         5773    .text               c_p.l(libspace.o)
    0x08000364   0x08000364   0x00000102   Code   RO         5778    .text               c_p.l(lludiv.o)
    0x08000466   0x08000466   0x00000002   PAD
    0x08000468   0x08000468   0x00000028   Code   RO         5782    .text               c_p.l(noretval__2sprintf.o)
    0x08000490   0x08000490   0x00000010   Code   RO         5784    .text               c_p.l(exit.o)
    0x080004a0   0x080004a0   0x00000040   Code   RO         5790    .text               c_p.l(rt_memclr.o)
    0x080004e0   0x080004e0   0x0000015a   Code   RO         5794    .text               c_p.l(aeabi_sdiv.o)
    0x0800063a   0x0800063a   0x00000006   Code   RO         5798    .text               c_p.l(heapauxi.o)
    0x08000640   0x08000640   0x00000030   Code   RO         5813    .text               c_p.l(_printf_char_common.o)
    0x08000670   0x08000670   0x0000000a   Code   RO         5815    .text               c_p.l(_sputc.o)
    0x0800067a   0x0800067a   0x00000024   Code   RO         5841    .text               c_p.l(__printf_nopercent.o)
    0x0800069e   0x0800069e   0x00000002   PAD
    0x080006a0   0x080006a0   0x0000000c   Code   RO         5843    .text               c_p.l(sys_exit.o)
    0x080006ac   0x080006ac   0x0000003e   Code   RO         5845    .text               c_p.l(sys_stackheap_outer.o)
    0x080006ea   0x080006ea   0x00000002   Code   RO         5860    .text               c_p.l(use_no_semi.o)
    0x080006ec   0x080006ec   0x00000000   Code   RO         5862    .text               c_p.l(indicate_semi.o)
    0x080006ec   0x080006ec   0x00000004   Code   RO         5768    SVC_TABLE           RTX_CM0.lib(svc_table.o)
    0x080006f0   0x080006f0   0x00000148   Code   RO         1485    i.HAL_GPIO_Init     stm32f0xx_hal_gpio.o
    0x08000838   0x08000838   0x0000000c   Code   RO         1488    i.HAL_GPIO_TogglePin  stm32f0xx_hal_gpio.o
    0x08000844   0x08000844   0x0000000c   Code   RO         1489    i.HAL_GPIO_WritePin  stm32f0xx_hal_gpio.o
    0x08000850   0x08000850   0x0000000c   Code   RO          305    i.HAL_GetTick       stm32f0xx_hal.o
    0x0800085c   0x0800085c   0x00000020   Code   RO          312    i.HAL_Init          stm32f0xx_hal.o
    0x0800087c   0x0800087c   0x00000044   Code   RO          313    i.HAL_InitTick      stm32f0xx_hal.o
    0x080008c0   0x080008c0   0x00000002   Code   RO          315    i.HAL_MspInit       stm32f0xx_hal.o
    0x080008c2   0x080008c2   0x00000008   Code   RO          763    i.HAL_NVIC_SetPriority  stm32f0xx_hal_cortex.o
    0x080008ca   0x080008ca   0x00000002   PAD
    0x080008cc   0x080008cc   0x000000f8   Code   RO         2469    i.HAL_RCCEx_PeriphCLKConfig  stm32f0xx_hal_rcc_ex.o
    0x080009c4   0x080009c4   0x00000108   Code   RO         2374    i.HAL_RCC_ClockConfig  stm32f0xx_hal_rcc.o
    0x08000acc   0x08000acc   0x00000020   Code   RO         2381    i.HAL_RCC_GetPCLK1Freq  stm32f0xx_hal_rcc.o
    0x08000aec   0x08000aec   0x00000080   Code   RO         2382    i.HAL_RCC_GetSysClockFreq  stm32f0xx_hal_rcc.o
    0x08000b6c   0x08000b6c   0x00000388   Code   RO         2385    i.HAL_RCC_OscConfig  stm32f0xx_hal_rcc.o
    0x08000ef4   0x08000ef4   0x00000030   Code   RO          767    i.HAL_SYSTICK_Config  stm32f0xx_hal_cortex.o
    0x08000f24   0x08000f24   0x0000003a   Code   RO         4106    i.HAL_UART_DeInit   stm32f0xx_hal_uart.o
    0x08000f5e   0x08000f5e   0x0000006a   Code   RO         4113    i.HAL_UART_Init     stm32f0xx_hal_uart.o
    0x08000fc8   0x08000fc8   0x00000002   Code   RO         4114    i.HAL_UART_MspDeInit  stm32f0xx_hal_uart.o
    0x08000fca   0x08000fca   0x00000002   Code   RO         4115    i.HAL_UART_MspInit  stm32f0xx_hal_uart.o
    0x08000fcc   0x08000fcc   0x000000ce   Code   RO         4122    i.HAL_UART_Transmit  stm32f0xx_hal_uart.o
    0x0800109a   0x0800109a   0x00000002   PAD
    0x0800109c   0x0800109c   0x00000084   Code   RO            4    i.SystemClock_Config  main.o
    0x08001120   0x08001120   0x00000002   Code   RO         4557    i.SystemInit        system_stm32f0xx.o
    0x08001122   0x08001122   0x00000002   PAD
    0x08001124   0x08001124   0x00000080   Code   RO            5    i.Thread1           main.o
    0x080011a4   0x080011a4   0x00000084   Code   RO            6    i.Thread2           main.o
    0x08001228   0x08001228   0x000000ca   Code   RO         4127    i.UART_AdvFeatureConfig  stm32f0xx_hal_uart.o
    0x080012f2   0x080012f2   0x00000002   PAD
    0x080012f4   0x080012f4   0x00000060   Code   RO         4128    i.UART_CheckIdleState  stm32f0xx_hal_uart.o
    0x08001354   0x08001354   0x00000148   Code   RO         4143    i.UART_SetConfig    stm32f0xx_hal_uart.o
    0x0800149c   0x0800149c   0x0000009c   Code   RO         4146    i.UART_WaitOnFlagUntilTimeout  stm32f0xx_hal_uart.o
    0x08001538   0x08001538   0x00000030   Code   RO         2459    i.__ARM_common_ll_muluu  stm32f0xx_hal_rcc.o
    0x08001568   0x08001568   0x00000044   Code   RO          769    i.__NVIC_SetPriority  stm32f0xx_hal_cortex.o
    0x080015ac   0x080015ac   0x00000048   Code   RO         5681    i._init_box         RTX_CM0.lib(rt_membox.o)
    0x080015f4   0x080015f4   0x00000024   Code   RO          212    i._mutex_acquire    rtx_conf_cm.o
    0x08001618   0x08001618   0x0000001c   Code   RO          214    i._mutex_release    rtx_conf_cm.o
    0x08001634   0x08001634   0x00000058   Code   RO            7    i.bsp_led_config    main.o
    0x0800168c   0x0800168c   0x0000002e   Code   RO         4590    i.isrMessageGet     RTX_CM0.lib(rt_cmsis.o)
    0x080016ba   0x080016ba   0x00000030   Code   RO         4591    i.isrMessagePut     RTX_CM0.lib(rt_cmsis.o)
    0x080016ea   0x080016ea   0x0000004c   Code   RO         5536    i.isr_mbx_receive   RTX_CM0.lib(rt_mailbox.o)
    0x08001736   0x08001736   0x0000000c   Code   RO         5537    i.isr_mbx_send      RTX_CM0.lib(rt_mailbox.o)
    0x08001742   0x08001742   0x00000002   PAD
    0x08001744   0x08001744   0x00000074   Code   RO            8    i.main              main.o
    0x080017b8   0x080017b8   0x0000001c   Code   RO         4594    i.osDelay           RTX_CM0.lib(rt_cmsis.o)
    0x080017d4   0x080017d4   0x00000028   Code   RO         4595    i.osKernelInitialize  RTX_CM0.lib(rt_cmsis.o)
    0x080017fc   0x080017fc   0x0000006c   Code   RO         4597    i.osKernelStart     RTX_CM0.lib(rt_cmsis.o)
    0x08001868   0x08001868   0x0000001c   Code   RO         4606    i.osMessageGet      RTX_CM0.lib(rt_cmsis.o)
    0x08001884   0x08001884   0x00000034   Code   RO         4623    i.osThreadCreate    RTX_CM0.lib(rt_cmsis.o)
    0x080018b8   0x080018b8   0x00000018   Code   RO         4624    i.osThreadExit      RTX_CM0.lib(rt_cmsis.o)
    0x080018d0   0x080018d0   0x00000010   Code   RO         4630    i.osTimerCall       RTX_CM0.lib(rt_cmsis.o)
    0x080018e0   0x080018e0   0x0000002c   Code   RO         4635    i.osTimerThread     RTX_CM0.lib(rt_cmsis.o)
    0x0800190c   0x0800190c   0x00000002   Code   RO          215    i.os_error          rtx_conf_cm.o
    0x0800190e   0x0800190e   0x00000002   Code   RO          216    i.os_idle_demon     rtx_conf_cm.o
    0x08001910   0x08001910   0x0000002c   Code   RO         5328    i.os_tick_init      RTX_CM0.lib(rt_system.o)
    0x0800193c   0x0800193c   0x00000002   Code   RO         5329    i.os_tick_irqack    RTX_CM0.lib(rt_system.o)
    0x0800193e   0x0800193e   0x0000001e   Code   RO         5682    i.rt_alloc_box      RTX_CM0.lib(rt_membox.o)
    0x0800195c   0x0800195c   0x00000042   Code   RO         5710    i.rt_alloc_mem      RTX_CM0.lib(rt_memory.o)
    0x0800199e   0x0800199e   0x00000002   PAD
    0x080019a0   0x080019a0   0x00000038   Code   RO         5209    i.rt_block          RTX_CM0.lib(rt_task.o)
    0x080019d8   0x080019d8   0x00000044   Code   RO         5659    i.rt_chk_robin      RTX_CM0.lib(rt_robin.o)
    0x08001a1c   0x08001a1c   0x00000074   Code   RO         5460    i.rt_dec_dly        RTX_CM0.lib(rt_list.o)
    0x08001a90   0x08001a90   0x00000040   Code   RO         5210    i.rt_dispatch       RTX_CM0.lib(rt_task.o)
    0x08001ad0   0x08001ad0   0x0000000a   Code   RO         5626    i.rt_dly_wait       RTX_CM0.lib(rt_time.o)
    0x08001ada   0x08001ada   0x00000002   PAD
    0x08001adc   0x08001adc   0x00000050   Code   RO         5421    i.rt_evt_psh        RTX_CM0.lib(rt_event.o)
    0x08001b2c   0x08001b2c   0x00000026   Code   RO         5683    i.rt_free_box       RTX_CM0.lib(rt_membox.o)
    0x08001b52   0x08001b52   0x00000030   Code   RO         5711    i.rt_free_mem       RTX_CM0.lib(rt_memory.o)
    0x08001b82   0x08001b82   0x0000002a   Code   RO         5461    i.rt_get_first      RTX_CM0.lib(rt_list.o)
    0x08001bac   0x08001bac   0x00000008   Code   RO         4640    i.rt_id2obj         RTX_CM0.lib(rt_cmsis.o)
    0x08001bb4   0x08001bb4   0x00000048   Code   RO         5211    i.rt_init_context   RTX_CM0.lib(rt_task.o)
    0x08001bfc   0x08001bfc   0x0000001c   Code   RO         5712    i.rt_init_mem       RTX_CM0.lib(rt_memory.o)
    0x08001c18   0x08001c18   0x00000018   Code   RO         5660    i.rt_init_robin     RTX_CM0.lib(rt_robin.o)
    0x08001c30   0x08001c30   0x00000078   Code   RO         5734    i.rt_init_stack     RTX_CM0.lib(hal_cm.o)
    0x08001ca8   0x08001ca8   0x00000008   Code   RO         5538    i.rt_mbx_check      RTX_CM0.lib(rt_mailbox.o)
    0x08001cb0   0x08001cb0   0x00000024   Code   RO         5539    i.rt_mbx_init       RTX_CM0.lib(rt_mailbox.o)
    0x08001cd4   0x08001cd4   0x000000d0   Code   RO         5540    i.rt_mbx_psh        RTX_CM0.lib(rt_mailbox.o)
    0x08001da4   0x08001da4   0x000000b0   Code   RO         5542    i.rt_mbx_wait       RTX_CM0.lib(rt_mailbox.o)
    0x08001e54   0x08001e54   0x00000044   Code   RO         4641    i.rt_ms2tick        RTX_CM0.lib(rt_cmsis.o)
    0x08001e98   0x08001e98   0x000000d8   Code   RO         5295    i.rt_mut_release    RTX_CM0.lib(rt_mutex.o)
    0x08001f70   0x08001f70   0x00000080   Code   RO         5296    i.rt_mut_wait       RTX_CM0.lib(rt_mutex.o)
    0x08001ff0   0x08001ff0   0x00000070   Code   RO         5332    i.rt_pop_req        RTX_CM0.lib(rt_system.o)
    0x08002060   0x08002060   0x00000020   Code   RO         5333    i.rt_psh_req        RTX_CM0.lib(rt_system.o)
    0x08002080   0x08002080   0x00000040   Code   RO         5463    i.rt_psq_enq        RTX_CM0.lib(rt_list.o)
    0x080020c0   0x080020c0   0x00000050   Code   RO         5464    i.rt_put_dly        RTX_CM0.lib(rt_list.o)
    0x08002110   0x08002110   0x0000003c   Code   RO         5465    i.rt_put_prio       RTX_CM0.lib(rt_list.o)
    0x0800214c   0x0800214c   0x00000014   Code   RO         5466    i.rt_put_rdy_first  RTX_CM0.lib(rt_list.o)
    0x08002160   0x08002160   0x00000030   Code   RO         5467    i.rt_resort_prio    RTX_CM0.lib(rt_list.o)
    0x08002190   0x08002190   0x00000006   Code   RO         5735    i.rt_ret_val        RTX_CM0.lib(hal_cm.o)
    0x08002196   0x08002196   0x00000008   Code   RO         5736    i.rt_ret_val2       RTX_CM0.lib(hal_cm.o)
    0x0800219e   0x0800219e   0x0000002a   Code   RO         5468    i.rt_rmv_dly        RTX_CM0.lib(rt_list.o)
    0x080021c8   0x080021c8   0x00000034   Code   RO         5469    i.rt_rmv_list       RTX_CM0.lib(rt_list.o)
    0x080021fc   0x080021fc   0x00000034   Code   RO         5587    i.rt_sem_psh        RTX_CM0.lib(rt_semaphore.o)
    0x08002230   0x08002230   0x00000028   Code   RO         5335    i.rt_stk_check      RTX_CM0.lib(rt_system.o)
    0x08002258   0x08002258   0x00000010   Code   RO         5212    i.rt_switch_req     RTX_CM0.lib(rt_task.o)
    0x08002268   0x08002268   0x000000c8   Code   RO         5213    i.rt_sys_init       RTX_CM0.lib(rt_task.o)
    0x08002330   0x08002330   0x00000064   Code   RO         5214    i.rt_sys_start      RTX_CM0.lib(rt_task.o)
    0x08002394   0x08002394   0x0000003c   Code   RO         5337    i.rt_systick        RTX_CM0.lib(rt_system.o)
    0x080023d0   0x080023d0   0x00000012   Code   RO         4642    i.rt_tid2ptcb       RTX_CM0.lib(rt_cmsis.o)
    0x080023e2   0x080023e2   0x00000002   PAD
    0x080023e4   0x080023e4   0x00000038   Code   RO         4643    i.rt_timer_insert   RTX_CM0.lib(rt_cmsis.o)
    0x0800241c   0x0800241c   0x00000078   Code   RO         5215    i.rt_tsk_create     RTX_CM0.lib(rt_task.o)
    0x08002494   0x08002494   0x00000158   Code   RO         5216    i.rt_tsk_delete     RTX_CM0.lib(rt_task.o)
    0x080025ec   0x080025ec   0x00000080   Code   RO         5218    i.rt_tsk_prio       RTX_CM0.lib(rt_task.o)
    0x0800266c   0x0800266c   0x00000010   Code   RO         5219    i.rt_tsk_self       RTX_CM0.lib(rt_task.o)
    0x0800267c   0x0800267c   0x00000012   Code   RO         4645    i.svcDelay          RTX_CM0.lib(rt_cmsis.o)
    0x0800268e   0x0800268e   0x00000002   PAD
    0x08002690   0x08002690   0x00000078   Code   RO         4646    i.svcKernelInitialize  RTX_CM0.lib(rt_cmsis.o)
    0x08002708   0x08002708   0x0000004c   Code   RO         4648    i.svcKernelStart    RTX_CM0.lib(rt_cmsis.o)
    0x08002754   0x08002754   0x0000002a   Code   RO         4651    i.svcMessageCreate  RTX_CM0.lib(rt_cmsis.o)
    0x0800277e   0x0800277e   0x0000003c   Code   RO         4652    i.svcMessageGet     RTX_CM0.lib(rt_cmsis.o)
    0x080027ba   0x080027ba   0x00000002   PAD
    0x080027bc   0x080027bc   0x00000074   Code   RO         4666    i.svcThreadCreate   RTX_CM0.lib(rt_cmsis.o)
    0x08002830   0x08002830   0x0000001c   Code   RO         4667    i.svcThreadGetId    RTX_CM0.lib(rt_cmsis.o)
    0x0800284c   0x0800284c   0x0000003c   Code   RO         4670    i.svcThreadTerminate  RTX_CM0.lib(rt_cmsis.o)
    0x08002888   0x08002888   0x0000001c   Code   RO         4672    i.svcTimerCall      RTX_CM0.lib(rt_cmsis.o)
    0x080028a4   0x080028a4   0x00000058   Code   RO         4681    i.sysTimerTick      RTX_CM0.lib(rt_cmsis.o)
    0x080028fc   0x080028fc   0x00000088   Code   RO            9    i.uart1_config      main.o
    0x08002984   0x08002984   0x00000020   Data   RO           11    .constdata          main.o
    0x080029a4   0x080029a4   0x00000002   Data   RO          224    .constdata          rtx_conf_cm.o
    0x080029a6   0x080029a6   0x00000002   PAD
    0x080029a8   0x080029a8   0x00000004   Data   RO          225    .constdata          rtx_conf_cm.o
    0x080029ac   0x080029ac   0x00000004   Data   RO          226    .constdata          rtx_conf_cm.o
    0x080029b0   0x080029b0   0x00000004   Data   RO          230    .constdata          rtx_conf_cm.o
    0x080029b4   0x080029b4   0x00000001   Data   RO          231    .constdata          rtx_conf_cm.o
    0x080029b5   0x080029b5   0x00000003   PAD
    0x080029b8   0x080029b8   0x00000010   Data   RO          232    .constdata          rtx_conf_cm.o
    0x080029c8   0x080029c8   0x00000002   Data   RO          233    .constdata          rtx_conf_cm.o
    0x080029ca   0x080029ca   0x00000002   PAD
    0x080029cc   0x080029cc   0x00000004   Data   RO          234    .constdata          rtx_conf_cm.o
    0x080029d0   0x080029d0   0x00000004   Data   RO          235    .constdata          rtx_conf_cm.o
    0x080029d4   0x080029d4   0x00000001   Data   RO          236    .constdata          rtx_conf_cm.o
    0x080029d5   0x080029d5   0x00000003   PAD
    0x080029d8   0x080029d8   0x00000010   Data   RO          237    .constdata          rtx_conf_cm.o
    0x080029e8   0x080029e8   0x00000008   Data   RO          238    .constdata          rtx_conf_cm.o
    0x080029f0   0x080029f0   0x00000002   Data   RO          239    .constdata          rtx_conf_cm.o
    0x080029f2   0x080029f2   0x00000002   PAD
    0x080029f4   0x080029f4   0x00000010   Data   RO          240    .constdata          rtx_conf_cm.o
    0x08002a04   0x08002a04   0x00000010   Data   RO         4558    .constdata          system_stm32f0xx.o
    0x08002a14   0x08002a14   0x00000008   Data   RO         4559    .constdata          system_stm32f0xx.o
    0x08002a1c   0x08002a1c   0x00000020   Data   RO         5971    Region$$Table       anon$$obj.o


    Execution Region RW_IRAM1 (Exec base: 0x20000000, Load base: 0x08002a3c, Size: 0x00001698, Max: 0x00002000, ABSOLUTE)

    Exec Addr    Load Addr    Size         Type   Attr      Idx    E Section Name        Object

    0x20000000   0x08002a3c   0x00000008   Data   RW           13    .data               main.o
    0x20000008   0x08002a44   0x00000004   Data   RW          242    .data               rtx_conf_cm.o
    0x2000000c   0x08002a48   0x00000004   Data   RW          243    .data               rtx_conf_cm.o
    0x20000010   0x08002a4c   0x00000004   Data   RW          244    .data               rtx_conf_cm.o
    0x20000014   0x08002a50   0x0000000c   Data   RW          319    .data               stm32f0xx_hal.o
    0x20000020   0x08002a5c   0x00000004   Data   RW         4560    .data               system_stm32f0xx.o
    0x20000024   0x08002a60   0x00000008   Data   RW         4684    .data               RTX_CM0.lib(rt_cmsis.o)
    0x2000002c   0x08002a68   0x00000008   Data   RW         5221    .data               RTX_CM0.lib(rt_task.o)
    0x20000034   0x08002a70   0x00000008   Data   RW         5340    .data               RTX_CM0.lib(rt_system.o)
    0x2000003c   0x08002a78   0x00000004   Data   RW         5630    .data               RTX_CM0.lib(rt_time.o)
    0x20000040   0x08002a7c   0x00000008   Data   RW         5661    .data               RTX_CM0.lib(rt_robin.o)
    0x20000048        -       0x00000080   Zero   RW           10    .bss                main.o
    0x200000c8        -       0x00000020   Zero   RW          217    .bss                rtx_conf_cm.o
    0x200000e8        -       0x000000dc   Zero   RW          218    .bss                rtx_conf_cm.o
    0x200001c4   0x08002a84   0x00000004   PAD
    0x200001c8        -       0x00000970   Zero   RW          219    .bss                rtx_conf_cm.o
    0x20000b38        -       0x00000408   Zero   RW          220    .bss                rtx_conf_cm.o
    0x20000f40        -       0x00000084   Zero   RW          221    .bss                rtx_conf_cm.o
    0x20000fc4        -       0x00000010   Zero   RW          222    .bss                rtx_conf_cm.o
    0x20000fd4        -       0x00000034   Zero   RW         5220    .bss                RTX_CM0.lib(rt_task.o)
    0x20001008        -       0x00000030   Zero   RW         5470    .bss                RTX_CM0.lib(rt_list.o)
    0x20001038        -       0x00000060   Zero   RW         5774    .bss                c_p.l(libspace.o)
    0x20001098        -       0x00000200   Zero   RW         4548    HEAP                startup_stm32f051x8.o
    0x20001298        -       0x00000400   Zero   RW         4547    STACK               startup_stm32f051x8.o


==============================================================================

Image component sizes


      Code (inc. data)   RO Data    RW Data    ZI Data      Debug   Object Name

       734        178         32          8        128     296731   main.o
        96         28         84         12       3848       9223   rtx_conf_cm.o
        56         26        188          0       1536        636   startup_stm32f051x8.o
       114         22          0         12          0       8149   stm32f0xx_hal.o
       124         18          0          0          0       9912   stm32f0xx_hal_cortex.o
       352         26          0          0          0       3253   stm32f0xx_hal_gpio.o
      1376         92          0          0          0       5121   stm32f0xx_hal_rcc.o
       248         12          0          0          0       1680   stm32f0xx_hal_rcc_ex.o
      1156         34          0          0          0       8619   stm32f0xx_hal_uart.o
         2          0         24          4          0       1395   system_stm32f0xx.o

    ----------------------------------------------------------------------
      4268        436        372         36       5516     344719   Object Totals
         0          0         32          0          0          0   (incl. Generated)
        10          0         12          0          4          0   (incl. Padding)

    ----------------------------------------------------------------------

      Code (inc. data)   RO Data    RW Data    ZI Data      Debug   Library Member Name

       134         14          0          0          0       1655   hal_cm.o
       356         40          0          0          0        828   hal_cm0.o
      1220        146          0          8          0      32390   rt_cmsis.o
        80          6          0          0          0        617   rt_event.o
       524         34          0          0         48       7981   rt_list.o
       516         16          0          0          0       3777   rt_mailbox.o
       140          0          0          0          0       1925   rt_membox.o
       142          0          0          0          0       2275   rt_memory.o
       344         20          0          0          0       1599   rt_mutex.o
        92         22          0          8          0       1098   rt_robin.o
        52          4          0          0          0        545   rt_semaphore.o
       290         54          0          8          0       5955   rt_system.o
      1116        178          0          8         52       9137   rt_task.o
        10          0          0          4          0        656   rt_time.o
         4          4          0          0          0        196   svc_table.o
         8          0          0          0          0         68   __main.o
        36          0          0          0          0         76   __printf_nopercent.o
         0          0          0          0          0          0   __rtentry.o
        20          0          0          0          0          0   __rtentry2.o
         6          0          0          0          0          0   __rtentry4.o
        60          8          0          0          0          0   __scatter.o
        26          0          0          0          0          0   __scatter_copy.o
        28          0          0          0          0          0   __scatter_zi.o
        48          6          0          0          0         88   _printf_char_common.o
        10          0          0          0          0         60   _sputc.o
       346          0          0          0          0         92   aeabi_sdiv.o
        16          0          0          0          0         68   exit.o
         6          0          0          0          0        136   heapauxi.o
         0          0          0          0          0          0   indicate_semi.o
         2          0          0          0          0          0   libinit.o
         2          0          0          0          0          0   libinit2.o
         2          0          0          0          0          0   libshutdown.o
         2          0          0          0          0          0   libshutdown2.o
         8          4          0          0         96         68   libspace.o
       258          0          0          0          0         88   lludiv.o
        40          4          0          0          0         84   noretval__2sprintf.o
        64          0          0          0          0        108   rt_memclr.o
        56          0          0          0          0         68   rt_memcpy.o
         2          0          0          0          0          0   rtexit.o
        10          0          0          0          0          0   rtexit2.o
        12          4          0          0          0         60   sys_exit.o
        62          0          0          0          0         80   sys_stackheap_outer.o
         2          0          0          0          0         68   use_no_semi.o

    ----------------------------------------------------------------------
      6172        564          0         36        196      71846   Library Totals
        20          0          0          0          0          0   (incl. Padding)

    ----------------------------------------------------------------------

      Code (inc. data)   RO Data    RW Data    ZI Data      Debug   Library Name

      5020        538          0         36        100      70634   RTX_CM0.lib
      1132         26          0          0         96       1212   c_p.l

    ----------------------------------------------------------------------
      6172        564          0         36        196      71846   Library Totals

    ----------------------------------------------------------------------

==============================================================================


      Code (inc. data)   RO Data    RW Data    ZI Data      Debug   

     10440       1000        372         72       5712     411417   Grand Totals
     10440       1000        372         72       5712     411417   ELF Image Totals
     10440       1000        372         72          0          0   ROM Totals

==============================================================================

    Total RO  Size (Code + RO Data)                10812 (  10.56kB)
    Total RW  Size (RW Data + ZI Data)              5784 (   5.65kB)
    Total ROM Size (Code + RO Data + RW Data)      10884 (  10.63kB)

==============================================================================

