Component: ARM Compiler 5.06 update 6 (build 750) Tool: armlink [4d35ed]

==============================================================================

Section Cross References

    blinky.o(i.app_main) refers to eventrecorder.o(i.EventRecorderInitialize) for EventRecorderInitialize
    blinky.o(i.app_main) refers to eventrecorder.o(i.EventRecorderEnable) for EventRecorderEnable
    blinky.o(i.app_main) refers to led_stm32f051-discovery.o(i.LED_Initialize) for LED_Initialize
    blinky.o(i.app_main) refers to buttons_stm32f051-discovery.o(i.Buttons_Initialize) for Buttons_Initialize
    blinky.o(i.app_main) refers to rtx_thread.o(i.osThreadNew) for osThreadNew
    blinky.o(i.app_main) refers to blinky.o(i.thrBUT) for thrBUT
    blinky.o(i.app_main) refers to blinky.o(.data) for .data
    blinky.o(i.app_main) refers to blinky.o(i.thrLED) for thrLED
    blinky.o(i.thrBUT) refers to buttons_stm32f051-discovery.o(i.Buttons_GetCount) for Buttons_GetCount
    blinky.o(i.thrBUT) refers to rtx_delay.o(i.osDelay) for osDelay
    blinky.o(i.thrBUT) refers to buttons_stm32f051-discovery.o(i.Buttons_GetState) for Buttons_GetState
    blinky.o(i.thrBUT) refers to rtx_thread.o(i.osThreadFlagsSet) for osThreadFlagsSet
    blinky.o(i.thrBUT) refers to blinky.o(.data) for .data
    blinky.o(i.thrLED) refers to led_stm32f051-discovery.o(i.LED_GetCount) for LED_GetCount
    blinky.o(i.thrLED) refers to rtx_thread.o(i.osThreadFlagsWait) for osThreadFlagsWait
    blinky.o(i.thrLED) refers to led_stm32f051-discovery.o(i.LED_On) for LED_On
    blinky.o(i.thrLED) refers to led_stm32f051-discovery.o(i.LED_Off) for LED_Off
    blinky.o(.constdata) refers to blinky.o(.bss) for app_main_stk
    main.o(i.HAL_GetTick) refers to rtx_kernel.o(i.osKernelGetState) for osKernelGetState
    main.o(i.HAL_GetTick) refers to rtx_kernel.o(i.osKernelGetTickCount) for osKernelGetTickCount
    main.o(i.HAL_GetTick) refers to system_stm32f0xx.o(.data) for SystemCoreClock
    main.o(i.HAL_GetTick) refers to main.o(.data) for .data
    main.o(i.MX_GPIO_Init) refers to stm32f0xx_hal_gpio.o(i.HAL_GPIO_WritePin) for HAL_GPIO_WritePin
    main.o(i.MX_GPIO_Init) refers to stm32f0xx_hal_gpio.o(i.HAL_GPIO_Init) for HAL_GPIO_Init
    main.o(i.SystemClock_Config) refers to stm32f0xx_hal_rcc.o(i.HAL_RCC_OscConfig) for HAL_RCC_OscConfig
    main.o(i.SystemClock_Config) refers to main.o(i._Error_Handler) for _Error_Handler
    main.o(i.SystemClock_Config) refers to stm32f0xx_hal_rcc.o(i.HAL_RCC_ClockConfig) for HAL_RCC_ClockConfig
    main.o(i.SystemClock_Config) refers to stm32f0xx_hal_rcc.o(i.HAL_RCC_GetHCLKFreq) for HAL_RCC_GetHCLKFreq
    main.o(i.SystemClock_Config) refers to aeabi_sdiv.o(.text) for __aeabi_uidivmod
    main.o(i.SystemClock_Config) refers to stm32f0xx_hal_cortex.o(i.HAL_SYSTICK_Config) for HAL_SYSTICK_Config
    main.o(i.SystemClock_Config) refers to stm32f0xx_hal_cortex.o(i.HAL_SYSTICK_CLKSourceConfig) for HAL_SYSTICK_CLKSourceConfig
    main.o(i.SystemClock_Config) refers to stm32f0xx_hal_cortex.o(i.HAL_NVIC_SetPriority) for HAL_NVIC_SetPriority
    main.o(i.main) refers to stm32f0xx_hal.o(i.HAL_Init) for HAL_Init
    main.o(i.main) refers to main.o(i.SystemClock_Config) for SystemClock_Config
    main.o(i.main) refers to system_stm32f0xx.o(i.SystemCoreClockUpdate) for SystemCoreClockUpdate
    main.o(i.main) refers to main.o(i.MX_GPIO_Init) for MX_GPIO_Init
    main.o(i.main) refers to rtx_kernel.o(i.osKernelInitialize) for osKernelInitialize
    main.o(i.main) refers to rtx_thread.o(i.osThreadNew) for osThreadNew
    main.o(i.main) refers to rtx_kernel.o(i.osKernelStart) for osKernelStart
    main.o(i.main) refers to blinky.o(.constdata) for app_main_attr
    main.o(i.main) refers to blinky.o(i.app_main) for app_main
    buttons_stm32f051-discovery.o(i.Buttons_GetState) refers to stm32f0xx_hal_gpio.o(i.HAL_GPIO_ReadPin) for HAL_GPIO_ReadPin
    buttons_stm32f051-discovery.o(i.Buttons_GetState) refers to buttons_stm32f051-discovery.o(.constdata) for .constdata
    led_stm32f051-discovery.o(i.LED_Off) refers to stm32f0xx_hal_gpio.o(i.HAL_GPIO_WritePin) for HAL_GPIO_WritePin
    led_stm32f051-discovery.o(i.LED_Off) refers to led_stm32f051-discovery.o(.constdata) for .constdata
    led_stm32f051-discovery.o(i.LED_On) refers to stm32f0xx_hal_gpio.o(i.HAL_GPIO_WritePin) for HAL_GPIO_WritePin
    led_stm32f051-discovery.o(i.LED_On) refers to led_stm32f051-discovery.o(.constdata) for .constdata
    led_stm32f051-discovery.o(i.LED_SetOut) refers to led_stm32f051-discovery.o(i.LED_On) for LED_On
    led_stm32f051-discovery.o(i.LED_SetOut) refers to led_stm32f051-discovery.o(i.LED_Off) for LED_Off
    irq_cm0.o(.text) refers to rtx_system.o(i.osRtxPendSV_Handler) for osRtxPendSV_Handler
    irq_cm0.o(.text) refers to rtx_system.o(i.osRtxTick_Handler) for osRtxTick_Handler
    irq_cm0.o(.text) refers to rtx_kernel.o(.data.os) for osRtxInfo
    irq_cm0.o(.text) refers to rtx_lib.o(.constdata) for osRtxUserSVC
[...]
    i.OS_Tick_Setup                          0x080018cc   Section        0  os_systick.o(i.OS_Tick_Setup)
    i.SystemClock_Config                     0x08001920   Section        0  main.o(i.SystemClock_Config)
    i.SystemCoreClockUpdate                  0x080019c8   Section        0  system_stm32f0xx.o(i.SystemCoreClockUpdate)
    i.SystemInit                             0x08001a44   Section        0  system_stm32f0xx.o(i.SystemInit)
    i.ThreadFlagsCheck                       0x08001aa0   Section        0  rtx_thread.o(i.ThreadFlagsCheck)
    ThreadFlagsCheck                         0x08001aa1   Thumb Code    78  rtx_thread.o(i.ThreadFlagsCheck)
    i.ThreadFlagsSet                         0x08001aee   Section        0  rtx_thread.o(i.ThreadFlagsSet)
    ThreadFlagsSet                           0x08001aef   Thumb Code    22  rtx_thread.o(i.ThreadFlagsSet)
    i.TimerInsert                            0x08001b04   Section        0  rtx_timer.o(i.TimerInsert)
    TimerInsert                              0x08001b05   Thumb Code    56  rtx_timer.o(i.TimerInsert)
    i.TimerUnlink                            0x08001b40   Section        0  rtx_timer.o(i.TimerUnlink)
    TimerUnlink                              0x08001b41   Thumb Code    18  rtx_timer.o(i.TimerUnlink)
    i._Error_Handler                         0x08001b58   Section        0  main.o(i._Error_Handler)
    i.__ARM_clz                              0x08001b5a   Section        0  rtx_mempool.o(i.__ARM_clz)
    i.__ARM_common_switch8                   0x08001b88   Section        0  rtx_system.o(i.__ARM_common_switch8)
    i.__NVIC_SetPriority                     0x08001ba4   Section        0  stm32f0xx_hal_cortex.o(i.__NVIC_SetPriority)
    __NVIC_SetPriority                       0x08001ba5   Thumb Code    60  stm32f0xx_hal_cortex.o(i.__NVIC_SetPriority)
    i._mutex_acquire                         0x08001be8   Section        0  rtx_lib.o(i._mutex_acquire)
    __tagsym$$used                           0x08001be9   Number         0  rtx_lib.o(i._mutex_acquire)
    i._mutex_free                            0x08001c00   Section        0  rtx_lib.o(i._mutex_free)
    __tagsym$$used                           0x08001c01   Number         0  rtx_lib.o(i._mutex_free)
    i._mutex_initialize                      0x08001c0a   Section        0  rtx_lib.o(i._mutex_initialize)
    __tagsym$$used                           0x08001c0b   Number         0  rtx_lib.o(i._mutex_initialize)
    i._mutex_release                         0x08001c2c   Section        0  rtx_lib.o(i._mutex_release)
    __tagsym$$used                           0x08001c2d   Number         0  rtx_lib.o(i._mutex_release)
    i._platform_post_stackheap_init          0x08001c40   Section        0  rtx_lib.o(i._platform_post_stackheap_init)
    i.app_main                               0x08001c48   Section        0  blinky.o(i.app_main)
    i.atomic_inc32                           0x08001c94   Section        0  eventrecorder.o(i.atomic_inc32)
    atomic_inc32                             0x08001c95   Thumb Code    22  eventrecorder.o(i.atomic_inc32)
    i.crc16_ccitt                            0x08001cac   Section        0  eventrecorder.o(i.crc16_ccitt)
    crc16_ccitt                              0x08001cad   Thumb Code    50  eventrecorder.o(i.crc16_ccitt)
    i.isr_queue_get                          0x08001ce8   Section        0  rtx_system.o(i.isr_queue_get)
    isr_queue_get                            0x08001ce9   Thumb Code    52  rtx_system.o(i.isr_queue_get)
    i.isr_queue_put                          0x08001d20   Section        0  rtx_system.o(i.isr_queue_put)
    isr_queue_put                            0x08001d21   Thumb Code    64  rtx_system.o(i.isr_queue_put)
    i.main                                   0x08001d64   Section        0  main.o(i.main)
    i.osDelay                                0x08001d90   Section        0  rtx_delay.o(i.osDelay)
    i.osKernelGetState                       0x08001dc4   Section        0  rtx_kernel.o(i.osKernelGetState)
    i.osKernelGetTickCount                   0x08001df4   Section        0  rtx_kernel.o(i.osKernelGetTickCount)
    i.osKernelInitialize                     0x08001e18   Section        0  rtx_kernel.o(i.osKernelInitialize)
    i.osKernelStart                          0x08001e4c   Section        0  rtx_kernel.o(i.osKernelStart)
    i.osMessageQueueGet                      0x08001e7c   Section        0  rtx_msgqueue.o(i.osMessageQueueGet)
    i.osMessageQueueNew                      0x08001f18   Section        0  rtx_msgqueue.o(i.osMessageQueueNew)
    i.osMessageQueuePut                      0x08001f58   Section        0  rtx_msgqueue.o(i.osMessageQueuePut)
    i.osMutexAcquire                         0x08001ff8   Section        0  rtx_mutex.o(i.osMutexAcquire)
    i.osMutexDelete                          0x08002034   Section        0  rtx_mutex.o(i.osMutexDelete)
    i.osMutexNew                             0x0800206c   Section        0  rtx_mutex.o(i.osMutexNew)
    i.osMutexRelease                         0x080020a0   Section        0  rtx_mutex.o(i.osMutexRelease)
    i.osRtxErrorNotify                       0x080020d8   Section        0  rtx_config.o(i.osRtxErrorNotify)
    i.osRtxIdleThread                        0x080020da   Section        0  rtx_config.o(i.osRtxIdleThread)
    i.osRtxKernelPreInit                     0x080020dc   Section        0  rtx_kernel.o(i.osRtxKernelPreInit)
    i.osRtxMemoryAlloc                       0x080020de   Section        0  rtx_memory.o(i.osRtxMemoryAlloc)
    i.osRtxMemoryFree                        0x0800216e   Section        0  rtx_memory.o(i.osRtxMemoryFree)
    i.osRtxMemoryInit                        0x080021c8   Section        0  rtx_memory.o(i.osRtxMemoryInit)
    i.osRtxMemoryPoolAlloc                   0x08002208   Section        0  rtx_mempool.o(i.osRtxMemoryPoolAlloc)
    i.osRtxMemoryPoolFree                    0x08002242   Section        0  rtx_mempool.o(i.osRtxMemoryPoolFree)
    i.osRtxMemoryPoolInit                    0x08002284   Section        0  rtx_mempool.o(i.osRtxMemoryPoolInit)
    i.osRtxMessageQueuePostProcess           0x080022d0   Section        0  rtx_msgqueue.o(i.osRtxMessageQueuePostProcess)
    osRtxMessageQueuePostProcess             0x080022d1   Thumb Code   238  rtx_msgqueue.o(i.osRtxMessageQueuePostProcess)
    i.osRtxMutexOwnerRelease                 0x080023be   Section        0  rtx_mutex.o(i.osRtxMutexOwnerRelease)
    i.osRtxPendSV_Handler                    0x08002418   Section        0  rtx_system.o(i.osRtxPendSV_Handler)
    i.osRtxPostProcess                       0x08002468   Section        0  rtx_system.o(i.osRtxPostProcess)
    i.osRtxThreadBlock                       0x080024a0   Section        0  rtx_thread.o(i.osRtxThreadBlock)
    osRtxThreadBlock                         0x080024a1   Thumb Code    50  rtx_thread.o(i.osRtxThreadBlock)
    i.osRtxThreadDelayInsert                 0x080024d8   Section        0  rtx_thread.o(i.osRtxThreadDelayInsert)
    osRtxThreadDelayInsert                   0x080024d9   Thumb Code    94  rtx_thread.o(i.osRtxThreadDelayInsert)
    i.osRtxThreadDelayRemove                 0x0800253c   Section        0  rtx_thread.o(i.osRtxThreadDelayRemove)
    osRtxThreadDelayRemove                   0x0800253d   Thumb Code    80  rtx_thread.o(i.osRtxThreadDelayRemove)
    i.osRtxThreadDelayTick                   0x08002590   Section        0  rtx_thread.o(i.osRtxThreadDelayTick)
    i.osRtxThreadDispatch                    0x08002658   Section        0  rtx_thread.o(i.osRtxThreadDispatch)
    i.osRtxThreadFree                        0x080026c4   Section        0  rtx_thread.o(i.osRtxThreadFree)
    osRtxThreadFree                          0x080026c5   Thumb Code    76  rtx_thread.o(i.osRtxThreadFree)
    i.osRtxThreadListGet                     0x08002714   Section        0  rtx_thread.o(i.osRtxThreadListGet)
    i.osRtxThreadListPut                     0x0800272a   Section        0  rtx_thread.o(i.osRtxThreadListPut)
    i.osRtxThreadListRemove                  0x08002752   Section        0  rtx_thread.o(i.osRtxThreadListRemove)
    i.osRtxThreadListRoot                    0x0800276c   Section        0  rtx_thread.o(i.osRtxThreadListRoot)
    osRtxThreadListRoot                      0x0800276d   Thumb Code    12  rtx_thread.o(i.osRtxThreadListRoot)
    i.osRtxThreadListSort                    0x08002778   Section        0  rtx_thread.o(i.osRtxThreadListSort)
    i.osRtxThreadPostProcess                 0x080027a2   Section        0  rtx_thread.o(i.osRtxThreadPostProcess)
    osRtxThreadPostProcess                   0x080027a3   Thumb Code    56  rtx_thread.o(i.osRtxThreadPostProcess)
    i.osRtxThreadReadyPut                    0x080027dc   Section        0  rtx_thread.o(i.osRtxThreadReadyPut)
    i.osRtxThreadRegPtr                      0x080027f0   Section        0  rtx_thread.o(i.osRtxThreadRegPtr)
    i.osRtxThreadStackCheck                  0x080027f8   Section        0  rtx_thread.o(i.osRtxThreadStackCheck)
    i.osRtxThreadStartup                     0x08002824   Section        0  rtx_thread.o(i.osRtxThreadStartup)
    i.osRtxThreadSwitch                      0x08002864   Section        0  rtx_thread.o(i.osRtxThreadSwitch)
    i.osRtxThreadWaitEnter                   0x08002880   Section        0  rtx_thread.o(i.osRtxThreadWaitEnter)
    i.osRtxThreadWaitExit                    0x080028c4   Section        0  rtx_thread.o(i.osRtxThreadWaitExit)
    i.osRtxTick_Handler                      0x080028f8   Section        0  rtx_system.o(i.osRtxTick_Handler)
    i.osRtxTimerThread                       0x08002978   Section        0  rtx_timer.o(i.osRtxTimerThread)
    i.osRtxTimerTick                         0x080029c0   Section        0  rtx_timer.o(i.osRtxTimerTick)
    osRtxTimerTick                           0x080029c1   Thumb Code    84  rtx_timer.o(i.osRtxTimerTick)
    i.osThreadExit                           0x08002a18   Section        0  rtx_thread.o(i.osThreadExit)
    i.osThreadFlagsSet                       0x08002a30   Section        0  rtx_thread.o(i.osThreadFlagsSet)
    i.osThreadFlagsWait                      0x08002aa8   Section        0  rtx_thread.o(i.osThreadFlagsWait)
    i.osThreadNew                            0x08002aec   Section        0  rtx_thread.o(i.osThreadNew)
    i.os_kernel_is_active                    0x08002b2c   Section        0  rtx_lib.o(i.os_kernel_is_active)
    os_kernel_is_active                      0x08002b2d   Thumb Code    26  rtx_lib.o(i.os_kernel_is_active)
    i.svcRtxDelay                            0x08002b4c   Section        0  rtx_delay.o(i.svcRtxDelay)
    svcRtxDelay                              0x08002b4d   Thumb Code    40  rtx_delay.o(i.svcRtxDelay)
    i.svcRtxKernelGetState                   0x08002b78   Section        0  rtx_kernel.o(i.svcRtxKernelGetState)
    svcRtxKernelGetState                     0x08002b79   Thumb Code    16  rtx_kernel.o(i.svcRtxKernelGetState)
    i.svcRtxKernelGetTickCount               0x08002b8c   Section        0  rtx_kernel.o(i.svcRtxKernelGetTickCount)
    svcRtxKernelGetTickCount                 0x08002b8d   Thumb Code    14  rtx_kernel.o(i.svcRtxKernelGetTickCount)
    i.svcRtxKernelInitialize                 0x08002ba0   Section        0  rtx_kernel.o(i.svcRtxKernelInitialize)
    svcRtxKernelInitialize                   0x08002ba1   Thumb Code   338  rtx_kernel.o(i.svcRtxKernelInitialize)
    i.svcRtxKernelStart                      0x08002cfc   Section        0  rtx_kernel.o(i.svcRtxKernelStart)
    svcRtxKernelStart                        0x08002cfd   Thumb Code   146  rtx_kernel.o(i.svcRtxKernelStart)
    i.svcRtxMessageQueueGet                  0x08002da0   Section        0  rtx_msgqueue.o(i.svcRtxMessageQueueGet)
    svcRtxMessageQueueGet                    0x08002da1   Thumb Code   270  rtx_msgqueue.o(i.svcRtxMessageQueueGet)
    i.svcRtxMessageQueueNew                  0x08002eb4   Section        0  rtx_msgqueue.o(i.svcRtxMessageQueueNew)
    svcRtxMessageQueueNew                    0x08002eb5   Thumb Code   380  rtx_msgqueue.o(i.svcRtxMessageQueueNew)
    i.svcRtxMessageQueuePut                  0x08003038   Section        0  rtx_msgqueue.o(i.svcRtxMessageQueuePut)
    svcRtxMessageQueuePut                    0x08003039   Thumb Code   250  rtx_msgqueue.o(i.svcRtxMessageQueuePut)
    i.svcRtxMutexAcquire                     0x08003138   Section        0  rtx_mutex.o(i.svcRtxMutexAcquire)
    svcRtxMutexAcquire                       0x08003139   Thumb Code   228  rtx_mutex.o(i.svcRtxMutexAcquire)
    i.svcRtxMutexDelete                      0x08003224   Section        0  rtx_mutex.o(i.svcRtxMutexDelete)
    svcRtxMutexDelete                        0x08003225   Thumb Code   194  rtx_mutex.o(i.svcRtxMutexDelete)
    i.svcRtxMutexNew                         0x080032ec   Section        0  rtx_mutex.o(i.svcRtxMutexNew)
    svcRtxMutexNew                           0x080032ed   Thumb Code   150  rtx_mutex.o(i.svcRtxMutexNew)
    i.svcRtxMutexRelease                     0x08003388   Section        0  rtx_mutex.o(i.svcRtxMutexRelease)
    svcRtxMutexRelease                       0x08003389   Thumb Code   250  rtx_mutex.o(i.svcRtxMutexRelease)
    i.svcRtxThreadExit                       0x08003488   Section        0  rtx_thread.o(i.svcRtxThreadExit)
    svcRtxThreadExit                         0x08003489   Thumb Code   110  rtx_thread.o(i.svcRtxThreadExit)
    i.svcRtxThreadFlagsSet                   0x080034fc   Section        0  rtx_thread.o(i.svcRtxThreadFlagsSet)
    svcRtxThreadFlagsSet                     0x080034fd   Thumb Code   142  rtx_thread.o(i.svcRtxThreadFlagsSet)
    i.svcRtxThreadFlagsWait                  0x0800358c   Section        0  rtx_thread.o(i.svcRtxThreadFlagsWait)
    svcRtxThreadFlagsWait                    0x0800358d   Thumb Code   142  rtx_thread.o(i.svcRtxThreadFlagsWait)
    i.svcRtxThreadNew                        0x08003620   Section        0  rtx_thread.o(i.svcRtxThreadNew)
    svcRtxThreadNew                          0x08003621   Thumb Code   536  rtx_thread.o(i.svcRtxThreadNew)
    i.thrBUT                                 0x08003850   Section        0  blinky.o(i.thrBUT)
    thrBUT                                   0x08003851   Thumb Code    36  blinky.o(i.thrBUT)
    i.thrLED                                 0x08003878   Section        0  blinky.o(i.thrLED)
    thrLED                                   0x08003879   Thumb Code    52  blinky.o(i.thrLED)
    .constdata                               0x080038ac   Section       36  blinky.o(.constdata)
    .constdata                               0x080038d0   Section        8  buttons_stm32f051-discovery.o(.constdata)
    PIN_CONFIG                               0x080038d0   Data           8  buttons_stm32f051-discovery.o(.constdata)
    .constdata                               0x080038d8   Section       16  led_stm32f051-discovery.o(.constdata)
    PIN_CONFIG                               0x080038d8   Data          16  led_stm32f051-discovery.o(.constdata)
    .constdata                               0x080038e8   Section       36  rtx_lib.o(.constdata)
    os_idle_thread_attr                      0x080038e8   Data          36  rtx_lib.o(.constdata)
    .constdata                               0x0800390c   Section       36  rtx_lib.o(.constdata)
    os_timer_thread_attr                     0x0800390c   Data          36  rtx_lib.o(.constdata)
    .constdata                               0x08003930   Section       24  rtx_lib.o(.constdata)
    os_timer_mq_attr                         0x08003930   Data          24  rtx_lib.o(.constdata)
    .constdata                               0x08003948   Section        4  rtx_lib.o(.constdata)
    .constdata                               0x0800394c   Section       24  eventrecorder.o(.constdata)
    __tagsym$$used                           0x0800394c   Number         0  eventrecorder.o(.constdata)
    .constdata                               0x08003964   Section       16  system_stm32f0xx.o(.constdata)
    .conststrlit                             0x08003974   Section       11  rtx_kernel.o(.conststrlit)
    .rodata                                  0x08003980   Section      160  rtx_lib.o(.rodata)
    __tagsym$$used                           0x08003980   Number         0  rtx_lib.o(.rodata)
    __tagsym$$used                           0x080039e8   Number         0  rtx_lib.o(.rodata)
    .bss.os                                  0x20000000   Section     1024  rtx_lib.o(.bss.os)
    os_mem                                   0x20000000   Data        1024  rtx_lib.o(.bss.os)
    .bss.os                                  0x20000400   Section       64  rtx_lib.o(.bss.os)
    os_isr_queue                             0x20000400   Data          64  rtx_lib.o(.bss.os)
    .bss.os.msgqueue.cb                      0x20000440   Section       52  rtx_lib.o(.bss.os.msgqueue.cb)
    os_timer_mq_cb                           0x20000440   Data          52  rtx_lib.o(.bss.os.msgqueue.cb)
    .bss.os.msgqueue.mem                     0x20000474   Section       80  rtx_lib.o(.bss.os.msgqueue.mem)
    os_timer_mq_data                         0x20000474   Data          80  rtx_lib.o(.bss.os.msgqueue.mem)
    .bss.os.thread.cb                        0x200004c4   Section       68  rtx_lib.o(.bss.os.thread.cb)
    os_idle_thread_cb                        0x200004c4   Data          68  rtx_lib.o(.bss.os.thread.cb)
    .bss.os.thread.cb                        0x20000508   Section       68  rtx_lib.o(.bss.os.thread.cb)
    os_timer_thread_cb                       0x20000508   Data          68  rtx_lib.o(.bss.os.thread.cb)
    .bss.os.thread.stack                     0x20000550   Section      200  rtx_lib.o(.bss.os.thread.stack)
    os_idle_thread_stack                     0x20000550   Data         200  rtx_lib.o(.bss.os.thread.stack)
    .bss.os.thread.stack                     0x20000618   Section      200  rtx_lib.o(.bss.os.thread.stack)
    os_timer_thread_stack                    0x20000618   Data         200  rtx_lib.o(.bss.os.thread.stack)
    .data                                    0x200006e0   Section       12  blinky.o(.data)
    delay_val                                0x200006e0   Data           4  blinky.o(.data)
    tid_thrLED                               0x200006e4   Data           4  blinky.o(.data)
    tid_thrBUT                               0x200006e8   Data           4  blinky.o(.data)
    .data                                    0x200006ec   Section        4  main.o(.data)
    ticks                                    0x200006ec   Data           4  main.o(.data)
    .data                                    0x200006f0   Section        1  rtx_lib.o(.data)
    os_kernel_active                         0x200006f0   Data           1  rtx_lib.o(.data)
    .data                                    0x200006f1   Section        1  os_systick.o(.data)
    PendST                                   0x200006f1   Data           1  os_systick.o(.data)
    .data                                    0x200006f4   Section        4  system_stm32f0xx.o(.data)
    .data.os                                 0x200006f8   Section      164  rtx_kernel.o(.data.os)
    .bss                                     0x200007a0   Section      512  blinky.o(.bss)
    .bss                                     0x200009a0   Section       96  libspace.o(.bss)
    .bss.noinit                              0x20000a00   Section     1252  eventrecorder.o(.bss.noinit)
    TimeStamp                                0x20000a00   Data           4  eventrecorder.o(.bss.noinit)
    EventBuffer                              0x20000a10   Data        1024  eventrecorder.o(.bss.noinit)
    EventFilter                              0x20000e10   Data         128  eventrecorder.o(.bss.noinit)
    EventStatus                              0x20000ec0   Data          36  eventrecorder.o(.bss.noinit)
    HEAP                                     0x20000ee8   Section      512  startup_stm32f051x8.o(HEAP)
    Heap_Mem                                 0x20000ee8   Data         512  startup_stm32f051x8.o(HEAP)
    STACK                                    0x200010e8   Section     1024  startup_stm32f051x8.o(STACK)
    Stack_Mem                                0x200010e8   Data        1024  startup_stm32f051x8.o(STACK)
    __initial_sp                             0x200014e8   Data           0  startup_stm32f051x8.o(STACK)

    Global Symbols

    Symbol Name                              Value     Ov Type        Size  Object(Section)

    BuildAttributes$$THM_ISAv3M$S$PE$A:L22$X:L11$S22$IEEE1$IW$USESV6$~STKCKD$USESV7$~SHL$OSPACE$ROPI$EBA8$UX$STANDARDLIB$REQ8$PRES8$EABIv2 0x00000000   Number         0  anon$$obj.o ABSOLUTE
    __ARM_use_no_argv                        0x00000000   Number         0  main.o ABSOLUTE
    .bss.os.evflags.cb$$Base                  - Undefined Weak Reference
    .bss.os.evflags.cb$$Limit                 - Undefined Weak Reference
    .bss.os.mempool.cb$$Base                  - Undefined Weak Reference
    .bss.os.mempool.cb$$Limit                 - Undefined Weak Reference
    .bss.os.mutex.cb$$Base                    - Undefined Weak Reference
    .bss.os.mutex.cb$$Limit                   - Undefined Weak Reference
    .bss.os.semaphore.cb$$Base                - Undefined Weak Reference
    .bss.os.semaphore.cb$$Limit               - Undefined Weak Reference
    .bss.os.timer.cb$$Base                    - Undefined Weak Reference
    .bss.os.timer.cb$$Limit                   - Undefined Weak Reference
    __ARM_exceptions_init                     - Undefined Weak Reference
    __alloca_initialize                       - Undefined Weak Reference
    __arm_preinit_                            - Undefined Weak Reference
    __cpp_initialize__aeabi_                  - Undefined Weak Reference
    __cxa_finalize                            - Undefined Weak Reference
    __rt_locale                               - Undefined Weak Reference
    __sigvec_lookup                           - Undefined Weak Reference
    _atexit_init                              - Undefined Weak Reference
    _call_atexit_fns                          - Undefined Weak Reference
    _clock_init                               - Undefined Weak Reference
    _fp_trap_init                             - Undefined Weak Reference
    _fp_trap_shutdown                         - Undefined Weak Reference
    _get_lc_collate                           - Undefined Weak Reference
    _get_lc_ctype                             - Undefined Weak Reference
    _get_lc_monetary                          - Undefined Weak Reference
    _get_lc_numeric                           - Undefined Weak Reference
    _get_lc_time                              - Undefined Weak Reference
    _getenv_init                              - Undefined Weak Reference
    _handle_redirection                       - Undefined Weak Reference
    _init_alloc                               - Undefined Weak Reference
    _init_user_alloc                          - Undefined Weak Reference
    _initio                                   - Undefined Weak Reference
    _rand_init                                - Undefined Weak Reference
    _signal_finish                            - Undefined Weak Reference
    _signal_init                              - Undefined Weak Reference
    _terminate_alloc                          - Undefined Weak Reference
    _terminate_user_alloc                     - Undefined Weak Reference
    _terminateio                              - Undefined Weak Reference
    __Vectors_Size                           0x000000bc   Number         0  startup_stm32f051x8.o ABSOLUTE
    __Vectors                                0x08000000   Data           4  startup_stm32f051x8.o(RESET)
    __Vectors_End                            0x080000bc   Data           0  startup_stm32f051x8.o(RESET)
    __main                                   0x080000bd   Thumb Code     8  __main.o(!!!main)
    __scatterload                            0x080000c5   Thumb Code     0  __scatter.o(!!!scatter)
    __scatterload_rt2                        0x080000c5   Thumb Code    52  __scatter.o(!!!scatter)
    __scatterload_rt2_thumb_only             0x080000c5   Thumb Code     0  __scatter.o(!!!scatter)
    __scatterload_null                       0x080000d5   Thumb Code     0  __scatter.o(!!!scatter)
    __scatterload_zeroinit                   0x08000101   Thumb Code    28  __scatter_zi.o(!!handler_zi)
    __rt_lib_init                            0x0800011d   Thumb Code     0  libinit.o(.ARM.Collect$$libinit$$00000000)
    __rt_lib_init_alloca_1                   0x0800011f   Thumb Code     0  libinit2.o(.ARM.Collect$$libinit$$0000002E)
    __rt_lib_init_argv_1                     0x0800011f   Thumb Code     0  libinit2.o(.ARM.Collect$$libinit$$0000002C)
    __rt_lib_init_atexit_1                   0x0800011f   Thumb Code     0  libinit2.o(.ARM.Collect$$libinit$$0000001B)
    __rt_lib_init_clock_1                    0x0800011f   Thumb Code     0  libinit2.o(.ARM.Collect$$libinit$$00000021)
    __rt_lib_init_cpp_1                      0x0800011f   Thumb Code     0  libinit2.o(.ARM.Collect$$libinit$$00000032)
    __rt_lib_init_exceptions_1               0x0800011f   Thumb Code     0  libinit2.o(.ARM.Collect$$libinit$$00000030)
    __rt_lib_init_fp_1                       0x0800011f   Thumb Code     0  libinit2.o(.ARM.Collect$$libinit$$00000002)
    __rt_lib_init_fp_trap_1                  0x0800011f   Thumb Code     0  libinit2.o(.ARM.Collect$$libinit$$0000001F)
    __rt_lib_init_getenv_1                   0x0800011f   Thumb Code     0  libinit2.o(.ARM.Collect$$libinit$$00000023)
    __rt_lib_init_heap_1                     0x0800011f   Thumb Code     0  libinit2.o(.ARM.Collect$$libinit$$0000000A)
    __rt_lib_init_lc_collate_1               0x0800011f   Thumb Code     0  libinit2.o(.ARM.Collect$$libinit$$00000011)
    __rt_lib_init_lc_ctype_1                 0x0800011f   Thumb Code     0  libinit2.o(.ARM.Collect$$libinit$$00000013)
    __rt_lib_init_lc_monetary_1              0x0800011f   Thumb Code     0  libinit2.o(.ARM.Collect$$libinit$$00000015)
    __rt_lib_init_lc_numeric_1               0x0800011f   Thumb Code     0  libinit2.o(.ARM.Collect$$libinit$$00000017)
    __rt_lib_init_lc_time_1                  0x0800011f   Thumb Code     0  libinit2.o(.ARM.Collect$$libinit$$00000019)
    __rt_lib_init_preinit_1                  0x0800011f   Thumb Code     0  libinit2.o(.ARM.Collect$$libinit$$00000004)
    __rt_lib_init_rand_1                     0x0800011f   Thumb Code     0  libinit2.o(.ARM.Collect$$libinit$$0000000E)
    __rt_lib_init_return                     0x0800011f   Thumb Code     0  libinit2.o(.ARM.Collect$$libinit$$00000033)
    __rt_lib_init_signal_1                   0x0800011f   Thumb Code     0  libinit2.o(.ARM.Collect$$libinit$$0000001D)
    __rt_lib_init_stdio_1                    0x0800011f   Thumb Code     0  libinit2.o(.ARM.Collect$$libinit$$00000025)
    __rt_lib_init_user_alloc_1               0x0800011f   Thumb Code     0  libinit2.o(.ARM.Collect$$libinit$$0000000C)
    __rt_lib_shutdown                        0x08000121   Thumb Code     0  libshutdown.o(.ARM.Collect$$libshutdown$$00000000)
    __rt_lib_shutdown_cpp_1                  0x08000123   Thumb Code     0  libshutdown2.o(.ARM.Collect$$libshutdown$$00000002)
    __rt_lib_shutdown_fp_trap_1              0x08000123   Thumb Code     0  libshutdown2.o(.ARM.Collect$$libshutdown$$00000007)
    __rt_lib_shutdown_heap_1                 0x08000123   Thumb Code     0  libshutdown2.o(.ARM.Collect$$libshutdown$$0000000F)
    __rt_lib_shutdown_return                 0x08000123   Thumb Code     0  libshutdown2.o(.ARM.Collect$$libshutdown$$00000010)
    __rt_lib_shutdown_signal_1               0x08000123   Thumb Code     0  libshutdown2.o(.ARM.Collect$$libshutdown$$0000000A)
    __rt_lib_shutdown_stdio_1                0x08000123   Thumb Code     0  libshutdown2.o(.ARM.Collect$$libshutdown$$00000004)
    __rt_lib_shutdown_user_alloc_1           0x08000123   Thumb Code     0  libshutdown2.o(.ARM.Collect$$libshutdown$$0000000C)
    __rt_entry                               0x08000125   Thumb Code     0  __rtentry.o(.ARM.Collect$$rtentry$$00000000)
    __rt_entry_presh_1                       0x08000125   Thumb Code     0  __rtentry2.o(.ARM.Collect$$rtentry$$00000002)
    __rt_entry_sh                            0x08000125   Thumb Code     0  __rtentry4.o(.ARM.Collect$$rtentry$$00000004)
    __rt_entry_postsh_1                      0x0800012b   Thumb Code     0  __rtentry2.o(.ARM.Collect$$rtentry$$00000008)
    __rt_entry_li                            0x08000133   Thumb Code     0  __rtentry2.o(.ARM.Collect$$rtentry$$0000000A)
    __rt_entry_main                          0x08000137   Thumb Code     0  __rtentry2.o(.ARM.Collect$$rtentry$$0000000D)
    __rt_entry_postli_1                      0x08000137   Thumb Code     0  __rtentry2.o(.ARM.Collect$$rtentry$$0000000C)
    __rt_exit                                0x0800013f   Thumb Code     0  rtexit.o(.ARM.Collect$$rtexit$$00000000)
    __rt_exit_ls                             0x08000141   Thumb Code     0  rtexit2.o(.ARM.Collect$$rtexit$$00000003)
    __rt_exit_prels_1                        0x08000141   Thumb Code     0  rtexit2.o(.ARM.Collect$$rtexit$$00000002)
    __rt_exit_exit                           0x08000145   Thumb Code     0  rtexit2.o(.ARM.Collect$$rtexit$$00000004)
    __aeabi_memcpy4                          0x0800014d   Thumb Code    56  rt_memcpy.o(.emb_text)
    __aeabi_memcpy8                          0x0800014d   Thumb Code     0  rt_memcpy.o(.emb_text)
    SVC_Handler                              0x08000185   Thumb Code   132  irq_cm0.o(.text)
    PendSV_Handler                           0x08000209   Thumb Code    12  irq_cm0.o(.text)
    SysTick_Handler                          0x08000215   Thumb Code    12  irq_cm0.o(.text)
    Reset_Handler                            0x08000229   Thumb Code     8  startup_stm32f051x8.o(.text)
    ADC1_COMP_IRQHandler                     0x0800023b   Thumb Code     0  startup_stm32f051x8.o(.text)
    CEC_IRQHandler                           0x0800023b   Thumb Code     0  startup_stm32f051x8.o(.text)
    DMA1_Channel1_IRQHandler                 0x0800023b   Thumb Code     0  startup_stm32f051x8.o(.text)
    DMA1_Channel2_3_IRQHandler               0x0800023b   Thumb Code     0  startup_stm32f051x8.o(.text)
    DMA1_Channel4_5_IRQHandler               0x0800023b   Thumb Code     0  startup_stm32f051x8.o(.text)
    EXTI0_1_IRQHandler                       0x0800023b   Thumb Code     0  startup_stm32f051x8.o(.text)
    EXTI2_3_IRQHandler                       0x0800023b   Thumb Code     0  startup_stm32f051x8.o(.text)
    EXTI4_15_IRQHandler                      0x0800023b   Thumb Code     0  startup_stm32f051x8.o(.text)
    FLASH_IRQHandler                         0x0800023b   Thumb Code     0  startup_stm32f051x8.o(.text)
    I2C1_IRQHandler                          0x0800023b   Thumb Code     0  startup_stm32f051x8.o(.text)
    I2C2_IRQHandler                          0x0800023b   Thumb Code     0  startup_stm32f051x8.o(.text)
    PVD_IRQHandler                           0x0800023b   Thumb Code     0  startup_stm32f051x8.o(.text)
    RCC_IRQHandler                           0x0800023b   Thumb Code     0  startup_stm32f051x8.o(.text)
    RTC_IRQHandler                           0x0800023b   Thumb Code     0  startup_stm32f051x8.o(.text)
    SPI1_IRQHandler                          0x0800023b   Thumb Code     0  startup_stm32f051x8.o(.text)
    SPI2_IRQHandler                          0x0800023b   Thumb Code     0  startup_stm32f051x8.o(.text)
    TIM14_IRQHandler                         0x0800023b   Thumb Code     0  startup_stm32f051x8.o(.text)
    TIM15_IRQHandler                         0x0800023b   Thumb Code     0  startup_stm32f051x8.o(.text)
    TIM16_IRQHandler                         0x0800023b   Thumb Code     0  startup_stm32f051x8.o(.text)
    TIM17_IRQHandler                         0x0800023b   Thumb Code     0  startup_stm32f051x8.o(.text)
    TIM1_BRK_UP_TRG_COM_IRQHandler           0x0800023b   Thumb Code     0  startup_stm32f051x8.o(.text)
    TIM1_CC_IRQHandler                       0x0800023b   Thumb Code     0  startup_stm32f051x8.o(.text)
    TIM2_IRQHandler                          0x0800023b   Thumb Code     0  startup_stm32f051x8.o(.text)
    TIM3_IRQHandler                          0x0800023b   Thumb Code     0  startup_stm32f051x8.o(.text)
    TIM6_DAC_IRQHandler                      0x0800023b   Thumb Code     0  startup_stm32f051x8.o(.text)
    TSC_IRQHandler                           0x0800023b   Thumb Code     0  startup_stm32f051x8.o(.text)
    USART1_IRQHandler                        0x0800023b   Thumb Code     0  startup_stm32f051x8.o(.text)
    USART2_IRQHandler                        0x0800023b   Thumb Code     0  startup_stm32f051x8.o(.text)
    WWDG_IRQHandler                          0x0800023b   Thumb Code     0  startup_stm32f051x8.o(.text)
    __user_initial_stackheap                 0x0800023d   Thumb Code     0  startup_stm32f051x8.o(.text)
    __aeabi_memcpy                           0x08000261   Thumb Code   130  rt_memcpy.o(.text)
    __rt_memcpy                              0x08000261   Thumb Code     0  rt_memcpy.o(.text)
    _memset_w                                0x080002e3   Thumb Code    26  rt_memclr.o(.text)
    _memset                                  0x080002fd   Thumb Code    30  rt_memclr.o(.text)
    __aeabi_memclr                           0x0800031b   Thumb Code     4  rt_memclr.o(.text)
    __rt_memclr                              0x0800031b   Thumb Code     0  rt_memclr.o(.text)
    __aeabi_memclr4                          0x0800031f   Thumb Code     0  rt_memclr.o(.text)
    __aeabi_memclr8                          0x0800031f   Thumb Code     0  rt_memclr.o(.text)
    __rt_memclr_w                            0x0800031f   Thumb Code     4  rt_memclr.o(.text)
    __aeabi_uidiv                            0x08000323   Thumb Code     0  aeabi_sdiv.o(.text)
    __aeabi_uidivmod                         0x08000323   Thumb Code    20  aeabi_sdiv.o(.text)
    __aeabi_idiv                             0x08000337   Thumb Code     0  aeabi_sdiv.o(.text)
    __aeabi_idivmod                          0x08000337   Thumb Code   326  aeabi_sdiv.o(.text)
    __use_two_region_memory                  0x0800047d   Thumb Code     2  heapauxi.o(.text)
    __rt_heap_escrow$2region                 0x0800047f   Thumb Code     2  heapauxi.o(.text)
    __rt_heap_expand$2region                 0x08000481   Thumb Code     2  heapauxi.o(.text)
    __user_setup_stackheap                   0x08000483   Thumb Code    62  sys_stackheap_outer.o(.text)
    exit                                     0x080004c1   Thumb Code    16  exit.o(.text)
    __user_libspace                          0x080004d1   Thumb Code     8  libspace.o(.text)
    __user_perproc_libspace                  0x080004d1   Thumb Code     0  libspace.o(.text)
    _sys_exit                                0x080004d9   Thumb Code     8  sys_exit.o(.text)
    __I$use$semihosting                      0x080004e5   Thumb Code     0  use_no_semi.o(.text)
    __use_no_semihosting_swi                 0x080004e5   Thumb Code     2  use_no_semi.o(.text)
    __decompress                             0x080004e7   Thumb Code     0  __dczerorl.o(.text)
    __decompress0                            0x080004e7   Thumb Code    58  __dczerorl.o(.text)
    __semihosting_library_function           0x080004e7   Thumb Code     0  indicate_semi.o(.text)
    Buttons_GetCount                         0x08000521   Thumb Code     4  buttons_stm32f051-discovery.o(i.Buttons_GetCount)
    Buttons_GetState                         0x08000525   Thumb Code    44  buttons_stm32f051-discovery.o(i.Buttons_GetState)
    Buttons_Initialize                       0x08000555   Thumb Code     4  buttons_stm32f051-discovery.o(i.Buttons_Initialize)
    EventRecord2                             0x080005bd   Thumb Code    64  eventrecorder.o(i.EventRecord2)
    EventRecord4                             0x080005fd   Thumb Code   100  eventrecorder.o(i.EventRecord4)
    EventRecorderEnable                      0x0800073d   Thumb Code    78  eventrecorder.o(i.EventRecorderEnable)
    EventRecorderInitialize                  0x08000791   Thumb Code   216  eventrecorder.o(i.EventRecorderInitialize)
    EventRecorderStart                       0x0800087d   Thumb Code    38  eventrecorder.o(i.EventRecorderStart)
    EventRecorderTimerGetCount               0x080008ad   Thumb Code    10  eventrecorder.o(i.EventRecorderTimerGetCount)
    EventRecorderTimerGetFreq                0x080008bd   Thumb Code     4  eventrecorder.o(i.EventRecorderTimerGetFreq)
    EventRecorderTimerSetup                  0x080008c1   Thumb Code    10  eventrecorder.o(i.EventRecorderTimerSetup)
    EvrRtxDelay                              0x080008d1   Thumb Code    14  rtx_evr.o(i.EvrRtxDelay)
    EvrRtxDelayCompleted                     0x080008e5   Thumb Code    14  rtx_evr.o(i.EvrRtxDelayCompleted)
    EvrRtxDelayError                         0x080008f9   Thumb Code    16  rtx_evr.o(i.EvrRtxDelayError)
    EvrRtxDelayStarted                       0x08000909   Thumb Code    14  rtx_evr.o(i.EvrRtxDelayStarted)
    EvrRtxEventFlagsWaitTimeout              0x0800091d   Thumb Code    14  rtx_evr.o(i.EvrRtxEventFlagsWaitTimeout)
    EvrRtxKernelError                        0x08000931   Thumb Code    16  rtx_evr.o(i.EvrRtxKernelError)
    EvrRtxKernelGetState                     0x08000941   Thumb Code    14  rtx_evr.o(i.EvrRtxKernelGetState)
    EvrRtxKernelGetTickCount                 0x08000955   Thumb Code    14  rtx_evr.o(i.EvrRtxKernelGetTickCount)
    EvrRtxKernelInitialize                   0x08000969   Thumb Code    14  rtx_evr.o(i.EvrRtxKernelInitialize)
    EvrRtxKernelInitialized                  0x0800097d   Thumb Code    14  rtx_evr.o(i.EvrRtxKernelInitialized)
    EvrRtxKernelStart                        0x08000991   Thumb Code    14  rtx_evr.o(i.EvrRtxKernelStart)
    EvrRtxKernelStarted                      0x080009a5   Thumb Code    14  rtx_evr.o(i.EvrRtxKernelStarted)
    EvrRtxMemoryAlloc                        0x080009b9   Thumb Code    18  rtx_evr.o(i.EvrRtxMemoryAlloc)
    EvrRtxMemoryBlockAlloc                   0x080009d1   Thumb Code    14  rtx_evr.o(i.EvrRtxMemoryBlockAlloc)
    EvrRtxMemoryBlockFree                    0x080009e5   Thumb Code    22  rtx_evr.o(i.EvrRtxMemoryBlockFree)
    EvrRtxMemoryBlockInit                    0x08000a01   Thumb Code    18  rtx_evr.o(i.EvrRtxMemoryBlockInit)
    EvrRtxMemoryFree                         0x08000a19   Thumb Code    22  rtx_evr.o(i.EvrRtxMemoryFree)
    EvrRtxMemoryInit                         0x08000a35   Thumb Code    24  rtx_evr.o(i.EvrRtxMemoryInit)
    EvrRtxMemoryPoolAllocTimeout             0x08000a4d   Thumb Code    14  rtx_evr.o(i.EvrRtxMemoryPoolAllocTimeout)
    EvrRtxMessageQueueCreated                0x08000a61   Thumb Code    14  rtx_evr.o(i.EvrRtxMessageQueueCreated)
    EvrRtxMessageQueueError                  0x08000a75   Thumb Code    16  rtx_evr.o(i.EvrRtxMessageQueueError)
    EvrRtxMessageQueueGet                    0x08000a85   Thumb Code    18  rtx_evr.o(i.EvrRtxMessageQueueGet)
    EvrRtxMessageQueueGetPending             0x08000a9d   Thumb Code    22  rtx_evr.o(i.EvrRtxMessageQueueGetPending)
    EvrRtxMessageQueueGetTimeout             0x08000ab9   Thumb Code    14  rtx_evr.o(i.EvrRtxMessageQueueGetTimeout)
    EvrRtxMessageQueueInsertPending          0x08000acd   Thumb Code    14  rtx_evr.o(i.EvrRtxMessageQueueInsertPending)
    EvrRtxMessageQueueInserted               0x08000ae1   Thumb Code    14  rtx_evr.o(i.EvrRtxMessageQueueInserted)
    EvrRtxMessageQueueNew                    0x08000af5   Thumb Code    22  rtx_evr.o(i.EvrRtxMessageQueueNew)
    EvrRtxMessageQueueNotInserted            0x08000b11   Thumb Code    14  rtx_evr.o(i.EvrRtxMessageQueueNotInserted)
    EvrRtxMessageQueueNotRetrieved           0x08000b25   Thumb Code    14  rtx_evr.o(i.EvrRtxMessageQueueNotRetrieved)
    EvrRtxMessageQueuePut                    0x08000b39   Thumb Code    18  rtx_evr.o(i.EvrRtxMessageQueuePut)
    EvrRtxMessageQueuePutPending             0x08000b51   Thumb Code    22  rtx_evr.o(i.EvrRtxMessageQueuePutPending)
    EvrRtxMessageQueuePutTimeout             0x08000b6d   Thumb Code    14  rtx_evr.o(i.EvrRtxMessageQueuePutTimeout)
    EvrRtxMessageQueueRetrieved              0x08000b81   Thumb Code    14  rtx_evr.o(i.EvrRtxMessageQueueRetrieved)
    EvrRtxMutexAcquire                       0x08000b95   Thumb Code    14  rtx_evr.o(i.EvrRtxMutexAcquire)
    EvrRtxMutexAcquirePending                0x08000ba9   Thumb Code    14  rtx_evr.o(i.EvrRtxMutexAcquirePending)
    EvrRtxMutexAcquireTimeout                0x08000bbd   Thumb Code    14  rtx_evr.o(i.EvrRtxMutexAcquireTimeout)
    EvrRtxMutexAcquired                      0x08000bd1   Thumb Code    14  rtx_evr.o(i.EvrRtxMutexAcquired)
    EvrRtxMutexCreated                       0x08000be5   Thumb Code    14  rtx_evr.o(i.EvrRtxMutexCreated)
    EvrRtxMutexDelete                        0x08000bf9   Thumb Code    14  rtx_evr.o(i.EvrRtxMutexDelete)
    EvrRtxMutexDestroyed                     0x08000c0d   Thumb Code    14  rtx_evr.o(i.EvrRtxMutexDestroyed)
    EvrRtxMutexError                         0x08000c21   Thumb Code    16  rtx_evr.o(i.EvrRtxMutexError)
    EvrRtxMutexNew                           0x08000c31   Thumb Code    14  rtx_evr.o(i.EvrRtxMutexNew)
    EvrRtxMutexNotAcquired                   0x08000c45   Thumb Code    14  rtx_evr.o(i.EvrRtxMutexNotAcquired)
    EvrRtxMutexRelease                       0x08000c59   Thumb Code    14  rtx_evr.o(i.EvrRtxMutexRelease)
    EvrRtxMutexReleased                      0x08000c6d   Thumb Code    14  rtx_evr.o(i.EvrRtxMutexReleased)
    EvrRtxSemaphoreAcquireTimeout            0x08000c81   Thumb Code    14  rtx_evr.o(i.EvrRtxSemaphoreAcquireTimeout)
    EvrRtxThreadBlocked                      0x08000c95   Thumb Code    14  rtx_evr.o(i.EvrRtxThreadBlocked)
    EvrRtxThreadCreated                      0x08000ca9   Thumb Code    30  rtx_evr.o(i.EvrRtxThreadCreated)
    EvrRtxThreadDestroyed                    0x08000ccd   Thumb Code    14  rtx_evr.o(i.EvrRtxThreadDestroyed)
    EvrRtxThreadError                        0x08000ce1   Thumb Code    16  rtx_evr.o(i.EvrRtxThreadError)
    EvrRtxThreadExit                         0x08000cf1   Thumb Code    14  rtx_evr.o(i.EvrRtxThreadExit)
    EvrRtxThreadFlagsError                   0x08000d05   Thumb Code    16  rtx_evr.o(i.EvrRtxThreadFlagsError)
    EvrRtxThreadFlagsSet                     0x08000d15   Thumb Code    14  rtx_evr.o(i.EvrRtxThreadFlagsSet)
    EvrRtxThreadFlagsSetDone                 0x08000d29   Thumb Code    14  rtx_evr.o(i.EvrRtxThreadFlagsSetDone)
    EvrRtxThreadFlagsWait                    0x08000d3d   Thumb Code    22  rtx_evr.o(i.EvrRtxThreadFlagsWait)
    EvrRtxThreadFlagsWaitCompleted           0x08000d59   Thumb Code    18  rtx_evr.o(i.EvrRtxThreadFlagsWaitCompleted)
    EvrRtxThreadFlagsWaitNotCompleted        0x08000d71   Thumb Code    14  rtx_evr.o(i.EvrRtxThreadFlagsWaitNotCompleted)
    EvrRtxThreadFlagsWaitPending             0x08000d85   Thumb Code    22  rtx_evr.o(i.EvrRtxThreadFlagsWaitPending)
    EvrRtxThreadFlagsWaitTimeout             0x08000da1   Thumb Code    14  rtx_evr.o(i.EvrRtxThreadFlagsWaitTimeout)
    EvrRtxThreadJoined                       0x08000db5   Thumb Code    14  rtx_evr.o(i.EvrRtxThreadJoined)
    EvrRtxThreadNew                          0x08000dc9   Thumb Code    22  rtx_evr.o(i.EvrRtxThreadNew)
    EvrRtxThreadPreempted                    0x08000de5   Thumb Code    14  rtx_evr.o(i.EvrRtxThreadPreempted)
    EvrRtxThreadSwitched                     0x08000df9   Thumb Code    14  rtx_evr.o(i.EvrRtxThreadSwitched)
    EvrRtxThreadUnblocked                    0x08000e0d   Thumb Code    14  rtx_evr.o(i.EvrRtxThreadUnblocked)
    EvrRtxTimerCallback                      0x08000e21   Thumb Code    14  rtx_evr.o(i.EvrRtxTimerCallback)
    HAL_GPIO_Init                            0x08000e51   Thumb Code   304  stm32f0xx_hal_gpio.o(i.HAL_GPIO_Init)
    HAL_GPIO_ReadPin                         0x08000f99   Thumb Code    14  stm32f0xx_hal_gpio.o(i.HAL_GPIO_ReadPin)
    HAL_GPIO_WritePin                        0x08000fa7   Thumb Code    12  stm32f0xx_hal_gpio.o(i.HAL_GPIO_WritePin)
    HAL_GetTick                              0x08000fb5   Thumb Code    66  main.o(i.HAL_GetTick)
    HAL_Init                                 0x08001001   Thumb Code    26  stm32f0xx_hal.o(i.HAL_Init)
    HAL_InitTick                             0x08001021   Thumb Code    34  stm32f0xx_hal.o(i.HAL_InitTick)
    HAL_MspInit                              0x08001045   Thumb Code    50  stm32f0xx_hal_msp.o(i.HAL_MspInit)
    HAL_NVIC_SetPriority                     0x0800107d   Thumb Code     8  stm32f0xx_hal_cortex.o(i.HAL_NVIC_SetPriority)
    HAL_RCC_ClockConfig                      0x08001085   Thumb Code   304  stm32f0xx_hal_rcc.o(i.HAL_RCC_ClockConfig)
    HAL_RCC_GetHCLKFreq                      0x080011c9   Thumb Code     6  stm32f0xx_hal_rcc.o(i.HAL_RCC_GetHCLKFreq)
    HAL_RCC_GetSysClockFreq                  0x080011d5   Thumb Code    94  stm32f0xx_hal_rcc.o(i.HAL_RCC_GetSysClockFreq)
    HAL_RCC_OscConfig                        0x08001261   Thumb Code   968  stm32f0xx_hal_rcc.o(i.HAL_RCC_OscConfig)
    HAL_SYSTICK_CLKSourceConfig              0x08001635   Thumb Code    24  stm32f0xx_hal_cortex.o(i.HAL_SYSTICK_CLKSourceConfig)
    HAL_SYSTICK_Config                       0x08001651   Thumb Code    38  stm32f0xx_hal_cortex.o(i.HAL_SYSTICK_Config)
    HardFault_Handler                        0x08001681   Thumb Code     2  stm32f0xx_it.o(i.HardFault_Handler)
    LED_GetCount                             0x080016fb   Thumb Code     4  led_stm32f051-discovery.o(i.LED_GetCount)
    LED_Initialize                           0x080016ff   Thumb Code     4  led_stm32f051-discovery.o(i.LED_Initialize)
    LED_Off                                  0x08001705   Thumb Code    50  led_stm32f051-discovery.o(i.LED_Off)
    LED_On                                   0x0800173d   Thumb Code    50  led_stm32f051-discovery.o(i.LED_On)
    NMI_Handler                              0x08001889   Thumb Code     2  stm32f0xx_it.o(i.NMI_Handler)
    OS_Tick_AcknowledgeIRQ                   0x0800188d   Thumb Code     6  os_systick.o(i.OS_Tick_AcknowledgeIRQ)
    OS_Tick_Enable                           0x08001899   Thumb Code    32  os_systick.o(i.OS_Tick_Enable)
    OS_Tick_GetIRQn                          0x080018c5   Thumb Code     6  os_systick.o(i.OS_Tick_GetIRQn)
    OS_Tick_Setup                            0x080018cd   Thumb Code    66  os_systick.o(i.OS_Tick_Setup)
    SystemClock_Config                       0x08001921   Thumb Code   114  main.o(i.SystemClock_Config)
    SystemCoreClockUpdate                    0x080019c9   Thumb Code   104  system_stm32f0xx.o(i.SystemCoreClockUpdate)
    SystemInit                               0x08001a45   Thumb Code    78  system_stm32f0xx.o(i.SystemInit)
    _Error_Handler                           0x08001b59   Thumb Code     2  main.o(i._Error_Handler)
    __ARM_clz                                0x08001b5b   Thumb Code    46  rtx_mempool.o(i.__ARM_clz)
    __ARM_common_switch8                     0x08001b89   Thumb Code    26  rtx_system.o(i.__ARM_common_switch8)
    _mutex_acquire                           0x08001be9   Thumb Code    24  rtx_lib.o(i._mutex_acquire)
    _mutex_free                              0x08001c01   Thumb Code    10  rtx_lib.o(i._mutex_free)
    _mutex_initialize                        0x08001c0b   Thumb Code    34  rtx_lib.o(i._mutex_initialize)
    _mutex_release                           0x08001c2d   Thumb Code    20  rtx_lib.o(i._mutex_release)
    _platform_post_stackheap_init            0x08001c41   Thumb Code     8  rtx_lib.o(i._platform_post_stackheap_init)
    app_main                                 0x08001c49   Thumb Code    64  blinky.o(i.app_main)
    main                                     0x08001d65   Thumb Code    36  main.o(i.main)
    osDelay                                  0x08001d91   Thumb Code    48  rtx_delay.o(i.osDelay)
    osKernelGetState                         0x08001dc5   Thumb Code    44  rtx_kernel.o(i.osKernelGetState)
    osKernelGetTickCount                     0x08001df5   Thumb Code    30  rtx_kernel.o(i.osKernelGetTickCount)
    osKernelInitialize                       0x08001e19   Thumb Code    46  rtx_kernel.o(i.osKernelInitialize)
    osKernelStart                            0x08001e4d   Thumb Code    42  rtx_kernel.o(i.osKernelStart)
    osMessageQueueGet                        0x08001e7d   Thumb Code   152  rtx_msgqueue.o(i.osMessageQueueGet)
    osMessageQueueNew                        0x08001f19   Thumb Code    60  rtx_msgqueue.o(i.osMessageQueueNew)
    osMessageQueuePut                        0x08001f59   Thumb Code   156  rtx_msgqueue.o(i.osMessageQueuePut)
    osMutexAcquire                           0x08001ff9   Thumb Code    56  rtx_mutex.o(i.osMutexAcquire)
    osMutexDelete                            0x08002035   Thumb Code    50  rtx_mutex.o(i.osMutexDelete)
    osMutexNew                               0x0800206d   Thumb Code    48  rtx_mutex.o(i.osMutexNew)
    osMutexRelease                           0x080020a1   Thumb Code    50  rtx_mutex.o(i.osMutexRelease)
    osRtxErrorNotify                         0x080020d9   Thumb Code     2  rtx_config.o(i.osRtxErrorNotify)
    osRtxIdleThread                          0x080020db   Thumb Code     2  rtx_config.o(i.osRtxIdleThread)
    osRtxKernelPreInit                       0x080020dd   Thumb Code     2  rtx_kernel.o(i.osRtxKernelPreInit)
    osRtxMemoryAlloc                         0x080020df   Thumb Code   144  rtx_memory.o(i.osRtxMemoryAlloc)
    osRtxMemoryFree                          0x0800216f   Thumb Code    90  rtx_memory.o(i.osRtxMemoryFree)
    osRtxMemoryInit                          0x080021c9   Thumb Code    64  rtx_memory.o(i.osRtxMemoryInit)
    osRtxMemoryPoolAlloc                     0x08002209   Thumb Code    58  rtx_mempool.o(i.osRtxMemoryPoolAlloc)
    osRtxMemoryPoolFree                      0x08002243   Thumb Code    66  rtx_mempool.o(i.osRtxMemoryPoolFree)
    osRtxMemoryPoolInit                      0x08002285   Thumb Code    76  rtx_mempool.o(i.osRtxMemoryPoolInit)
    osRtxMutexOwnerRelease                   0x080023bf   Thumb Code    88  rtx_mutex.o(i.osRtxMutexOwnerRelease)
    osRtxPendSV_Handler                      0x08002419   Thumb Code    74  rtx_system.o(i.osRtxPendSV_Handler)
    osRtxPostProcess                         0x08002469   Thumb Code    48  rtx_system.o(i.osRtxPostProcess)
    osRtxThreadDelayTick                     0x08002591   Thumb Code   196  rtx_thread.o(i.osRtxThreadDelayTick)
    osRtxThreadDispatch                      0x08002659   Thumb Code   102  rtx_thread.o(i.osRtxThreadDispatch)
    osRtxThreadListGet                       0x08002715   Thumb Code    22  rtx_thread.o(i.osRtxThreadListGet)
    osRtxThreadListPut                       0x0800272b   Thumb Code    40  rtx_thread.o(i.osRtxThreadListPut)
    osRtxThreadListRemove                    0x08002753   Thumb Code    26  rtx_thread.o(i.osRtxThreadListRemove)
    osRtxThreadListSort                      0x08002779   Thumb Code    42  rtx_thread.o(i.osRtxThreadListSort)
    osRtxThreadReadyPut                      0x080027dd   Thumb Code    16  rtx_thread.o(i.osRtxThreadReadyPut)
    osRtxThreadRegPtr                        0x080027f1   Thumb Code     6  rtx_thread.o(i.osRtxThreadRegPtr)
    osRtxThreadStackCheck                    0x080027f9   Thumb Code    34  rtx_thread.o(i.osRtxThreadStackCheck)
    osRtxThreadStartup                       0x08002825   Thumb Code    48  rtx_thread.o(i.osRtxThreadStartup)
    osRtxThreadSwitch                        0x08002865   Thumb Code    24  rtx_thread.o(i.osRtxThreadSwitch)
    osRtxThreadWaitEnter                     0x08002881   Thumb Code    64  rtx_thread.o(i.osRtxThreadWaitEnter)
    osRtxThreadWaitExit                      0x080028c5   Thumb Code    50  rtx_thread.o(i.osRtxThreadWaitExit)
    osRtxTick_Handler                        0x080028f9   Thumb Code   122  rtx_system.o(i.osRtxTick_Handler)
    osRtxTimerThread                         0x08002979   Thumb Code    58  rtx_timer.o(i.osRtxTimerThread)
    osThreadExit                             0x08002a19   Thumb Code    20  rtx_thread.o(i.osThreadExit)
    osThreadFlagsSet                         0x08002a31   Thumb Code   116  rtx_thread.o(i.osThreadFlagsSet)
    osThreadFlagsWait                        0x08002aa9   Thumb Code    62  rtx_thread.o(i.osThreadFlagsWait)
    osThreadNew                              0x08002aed   Thumb Code    60  rtx_thread.o(i.osThreadNew)
    app_main_attr                            0x080038ac   Data          36  blinky.o(.constdata)
    osRtxUserSVC                             0x08003948   Data           4  rtx_lib.o(.constdata)
    EventRecorderInfo                        0x0800394c   Data          24  eventrecorder.o(.constdata)
    AHBPrescTable                            0x08003964   Data          16  system_stm32f0xx.o(.constdata)
    osRtxConfig                              0x08003980   Data         104  rtx_lib.o(.rodata)
    os_cb_sections                           0x080039e8   Data          56  rtx_lib.o(.rodata)
    Region$$Table$$Base                      0x08003a20   Number         0  anon$$obj.o(Region$$Table)
    Region$$Table$$Limit                     0x08003a40   Number         0  anon$$obj.o(Region$$Table)
    .bss.os.msgqueue.cb$$Base                0x20000440   Number         0  rtx_lib.o(.bss.os.msgqueue.cb)
    .bss.os.msgqueue.cb$$Limit               0x20000474   Number         0  rtx_lib.o(.bss.os.msgqueue.cb)
    .bss.os.thread.cb$$Base                  0x200004c4   Number         0  rtx_lib.o(.bss.os.thread.cb)
    .bss.os.thread.cb$$Limit                 0x2000054c   Number         0  rtx_lib.o(.bss.os.thread.cb)
    SystemCoreClock                          0x200006f4   Data           4  system_stm32f0xx.o(.data)
    osRtxInfo                                0x200006f8   Data         164  rtx_kernel.o(.data.os)
    app_main_stk                             0x200007a0   Data         512  blinky.o(.bss)
    __libspace_start                         0x200009a0   Data          96  libspace.o(.bss)
    __temporary_stack_top$libspace           0x20000a00   Data           0  libspace.o(.bss)



==============================================================================

Memory Map of the image

  Image Entry point : 0x080000bd

  Load Region LR_IROM1 (Base: 0x08000000, Size: 0x000041dc, Max: 0x00010000, ABSOLUTE, COMPRESSED[0x00003a60])

    Execution Region ER_IROM1 (Exec base: 0x08000000, Load base: 0x08000000, Size: 0x00003a40, Max: 0x00010000, ABSOLUTE)

    Exec Addr    Load Addr    Size         Type   Attr      Idx    E Section Name        Object

    0x08000000   0x08000000   0x000000bc   Data   RO         5032    RESET               startup_stm32f051x8.o
    0x080000bc   0x080000bc   0x00000008   Code   RO         5107  * !!!main             c_p.l(__main.o)
    0x080000c4   0x080000c4   0x0000003c   Code   RO         5276    !!!scatter          c_p.l(__scatter.o)
    0x08000100   0x08000100   0x0000001c   Code   RO         5278    !!handler_zi        c_p.l(__scatter_zi.o)
    0x0800011c   0x0800011c   0x00000002   Code   RO         5143    .ARM.Collect$$libinit$$00000000  c_p.l(libinit.o)
    0x0800011e   0x0800011e   0x00000000   Code   RO         5157    .ARM.Collect$$libinit$$00000002  c_p.l(libinit2.o)
    0x0800011e   0x0800011e   0x00000000   Code   RO         5159    .ARM.Collect$$libinit$$00000004  c_p.l(libinit2.o)
    0x0800011e   0x0800011e   0x00000000   Code   RO         5162    .ARM.Collect$$libinit$$0000000A  c_p.l(libinit2.o)
    0x0800011e   0x0800011e   0x00000000   Code   RO         5164    .ARM.Collect$$libinit$$0000000C  c_p.l(libinit2.o)
    0x0800011e   0x0800011e   0x00000000   Code   RO         5166    .ARM.Collect$$libinit$$0000000E  c_p.l(libinit2.o)
    0x0800011e   0x0800011e   0x00000000   Code   RO         5169    .ARM.Collect$$libinit$$00000011  c_p.l(libinit2.o)
    0x0800011e   0x0800011e   0x00000000   Code   RO         5171    .ARM.Collect$$libinit$$00000013  c_p.l(libinit2.o)
    0x0800011e   0x0800011e   0x00000000   Code   RO         5173    .ARM.Collect$$libinit$$00000015  c_p.l(libinit2.o)
    0x0800011e   0x0800011e   0x00000000   Code   RO         5175    .ARM.Collect$$libinit$$00000017  c_p.l(libinit2.o)
    0x0800011e   0x0800011e   0x00000000   Code   RO         5177    .ARM.Collect$$libinit$$00000019  c_p.l(libinit2.o)
    0x0800011e   0x0800011e   0x00000000   Code   RO         5179    .ARM.Collect$$libinit$$0000001B  c_p.l(libinit2.o)
    0x0800011e   0x0800011e   0x00000000   Code   RO         5181    .ARM.Collect$$libinit$$0000001D  c_p.l(libinit2.o)
    0x0800011e   0x0800011e   0x00000000   Code   RO         5183    .ARM.Collect$$libinit$$0000001F  c_p.l(libinit2.o)
    0x0800011e   0x0800011e   0x00000000   Code   RO         5185    .ARM.Collect$$libinit$$00000021  c_p.l(libinit2.o)
    0x0800011e   0x0800011e   0x00000000   Code   RO         5187    .ARM.Collect$$libinit$$00000023  c_p.l(libinit2.o)
    0x0800011e   0x0800011e   0x00000000   Code   RO         5189    .ARM.Collect$$libinit$$00000025  c_p.l(libinit2.o)
    0x0800011e   0x0800011e   0x00000000   Code   RO         5193    .ARM.Collect$$libinit$$0000002C  c_p.l(libinit2.o)
    0x0800011e   0x0800011e   0x00000000   Code   RO         5195    .ARM.Collect$$libinit$$0000002E  c_p.l(libinit2.o)
    0x0800011e   0x0800011e   0x00000000   Code   RO         5197    .ARM.Collect$$libinit$$00000030  c_p.l(libinit2.o)
    0x0800011e   0x0800011e   0x00000000   Code   RO         5199    .ARM.Collect$$libinit$$00000032  c_p.l(libinit2.o)
    0x0800011e   0x0800011e   0x00000002   Code   RO         5200    .ARM.Collect$$libinit$$00000033  c_p.l(libinit2.o)
    0x08000120   0x08000120   0x00000002   Code   RO         5231    .ARM.Collect$$libshutdown$$00000000  c_p.l(libshutdown.o)
    0x08000122   0x08000122   0x00000000   Code   RO         5257    .ARM.Collect$$libshutdown$$00000002  c_p.l(libshutdown2.o)
    0x08000122   0x08000122   0x00000000   Code   RO         5259    .ARM.Collect$$libshutdown$$00000004  c_p.l(libshutdown2.o)
    0x08000122   0x08000122   0x00000000   Code   RO         5262    .ARM.Collect$$libshutdown$$00000007  c_p.l(libshutdown2.o)
    0x08000122   0x08000122   0x00000000   Code   RO         5265    .ARM.Collect$$libshutdown$$0000000A  c_p.l(libshutdown2.o)
    0x08000122   0x08000122   0x00000000   Code   RO         5267    .ARM.Collect$$libshutdown$$0000000C  c_p.l(libshutdown2.o)
    0x08000122   0x08000122   0x00000000   Code   RO         5270    .ARM.Collect$$libshutdown$$0000000F  c_p.l(libshutdown2.o)
    0x08000122   0x08000122   0x00000002   Code   RO         5271    .ARM.Collect$$libshutdown$$00000010  c_p.l(libshutdown2.o)
    0x08000124   0x08000124   0x00000000   Code   RO         5109    .ARM.Collect$$rtentry$$00000000  c_p.l(__rtentry.o)
    0x08000124   0x08000124   0x00000000   Code   RO         5115    .ARM.Collect$$rtentry$$00000002  c_p.l(__rtentry2.o)
    0x08000124   0x08000124   0x00000006   Code   RO         5127    .ARM.Collect$$rtentry$$00000004  c_p.l(__rtentry4.o)
    0x0800012a   0x0800012a   0x00000008   Code   RO         5116    .ARM.Collect$$rtentry$$00000008  c_p.l(__rtentry2.o)
    0x08000132   0x08000132   0x00000004   Code   RO         5118    .ARM.Collect$$rtentry$$0000000A  c_p.l(__rtentry2.o)
    0x08000136   0x08000136   0x00000000   Code   RO         5120    .ARM.Collect$$rtentry$$0000000C  c_p.l(__rtentry2.o)
    0x08000136   0x08000136   0x00000008   Code   RO         5121    .ARM.Collect$$rtentry$$0000000D  c_p.l(__rtentry2.o)
    0x0800013e   0x0800013e   0x00000002   Code   RO         5148    .ARM.Collect$$rtexit$$00000000  c_p.l(rtexit.o)
    0x08000140   0x08000140   0x00000000   Code   RO         5204    .ARM.Collect$$rtexit$$00000002  c_p.l(rtexit2.o)
    0x08000140   0x08000140   0x00000004   Code   RO         5205    .ARM.Collect$$rtexit$$00000003  c_p.l(rtexit2.o)
    0x08000144   0x08000144   0x00000006   Code   RO         5206    .ARM.Collect$$rtexit$$00000004  c_p.l(rtexit2.o)
    0x0800014a   0x0800014a   0x00000002   PAD
    0x0800014c   0x0800014c   0x00000038   Code   RO         5095    .emb_text           c_p.l(rt_memcpy.o)
    0x08000184   0x08000184   0x000000a4   Code   RO          317    .text               irq_cm0.o
    0x08000228   0x08000228   0x00000038   Code   RO         5033    .text               startup_stm32f051x8.o
    0x08000260   0x08000260   0x00000082   Code   RO         5096    .text               c_p.l(rt_memcpy.o)
    0x080002e2   0x080002e2   0x00000040   Code   RO         5099    .text               c_p.l(rt_memclr.o)
    0x08000322   0x08000322   0x0000015a   Code   RO         5101    .text               c_p.l(aeabi_sdiv.o)
    0x0800047c   0x0800047c   0x00000006   Code   RO         5105    .text               c_p.l(heapauxi.o)
    0x08000482   0x08000482   0x0000003e   Code   RO         5131    .text               c_p.l(sys_stackheap_outer.o)
    0x080004c0   0x080004c0   0x00000010   Code   RO         5134    .text               c_p.l(exit.o)
    0x080004d0   0x080004d0   0x00000008   Code   RO         5144    .text               c_p.l(libspace.o)
    0x080004d8   0x080004d8   0x0000000c   Code   RO         5201    .text               c_p.l(sys_exit.o)
    0x080004e4   0x080004e4   0x00000002   Code   RO         5220    .text               c_p.l(use_no_semi.o)
    0x080004e6   0x080004e6   0x00000000   Code   RO         5222    .text               c_p.l(indicate_semi.o)
    0x080004e6   0x080004e6   0x0000003a   Code   RO         5274    .text               c_p.l(__dczerorl.o)
    0x08000520   0x08000520   0x00000004   Code   RO          223    i.Buttons_GetCount  buttons_stm32f051-discovery.o
    0x08000524   0x08000524   0x00000030   Code   RO          224    i.Buttons_GetState  buttons_stm32f051-discovery.o
    0x08000554   0x08000554   0x00000004   Code   RO          225    i.Buttons_Initialize  buttons_stm32f051-discovery.o
    0x08000558   0x08000558   0x00000028   Code   RO         3073    i.EventCheckFilter  eventrecorder.o
    0x08000580   0x08000580   0x0000003c   Code   RO         3074    i.EventGetTS        eventrecorder.o
    0x080005bc   0x080005bc   0x00000040   Code   RO         3075    i.EventRecord2      eventrecorder.o
    0x080005fc   0x080005fc   0x00000068   Code   RO         3076    i.EventRecord4      eventrecorder.o
    0x08000664   0x08000664   0x000000d8   Code   RO         3078    i.EventRecordItem   eventrecorder.o
    0x0800073c   0x0800073c   0x00000054   Code   RO         3081    i.EventRecorderEnable  eventrecorder.o
    0x08000790   0x08000790   0x000000ec   Code   RO         3082    i.EventRecorderInitialize  eventrecorder.o
    0x0800087c   0x0800087c   0x00000030   Code   RO         3083    i.EventRecorderStart  eventrecorder.o
    0x080008ac   0x080008ac   0x00000010   Code   RO         3085    i.EventRecorderTimerGetCount  eventrecorder.o
    0x080008bc   0x080008bc   0x00000004   Code   RO         3086    i.EventRecorderTimerGetFreq  eventrecorder.o
    0x080008c0   0x080008c0   0x00000010   Code   RO         3087    i.EventRecorderTimerSetup  eventrecorder.o
    0x080008d0   0x080008d0   0x00000014   Code   RO          533    i.EvrRtxDelay       rtx_evr.o
    0x080008e4   0x080008e4   0x00000014   Code   RO          534    i.EvrRtxDelayCompleted  rtx_evr.o
    0x080008f8   0x080008f8   0x00000010   Code   RO          535    i.EvrRtxDelayError  rtx_evr.o
    0x08000908   0x08000908   0x00000014   Code   RO          536    i.EvrRtxDelayStarted  rtx_evr.o
    0x0800091c   0x0800091c   0x00000014   Code   RO          554    i.EvrRtxEventFlagsWaitTimeout  rtx_evr.o
    0x08000930   0x08000930   0x00000010   Code   RO          555    i.EvrRtxKernelError  rtx_evr.o
    0x08000940   0x08000940   0x00000014   Code   RO          557    i.EvrRtxKernelGetState  rtx_evr.o
    0x08000954   0x08000954   0x00000014   Code   RO          560    i.EvrRtxKernelGetTickCount  rtx_evr.o
    0x08000968   0x08000968   0x00000014   Code   RO          563    i.EvrRtxKernelInitialize  rtx_evr.o
    0x0800097c   0x0800097c   0x00000014   Code   RO          564    i.EvrRtxKernelInitialized  rtx_evr.o
    0x08000990   0x08000990   0x00000014   Code   RO          571    i.EvrRtxKernelStart  rtx_evr.o
    0x080009a4   0x080009a4   0x00000014   Code   RO          572    i.EvrRtxKernelStarted  rtx_evr.o
    0x080009b8   0x080009b8   0x00000018   Code   RO          577    i.EvrRtxMemoryAlloc  rtx_evr.o
    0x080009d0   0x080009d0   0x00000014   Code   RO          578    i.EvrRtxMemoryBlockAlloc  rtx_evr.o
    0x080009e4   0x080009e4   0x0000001c   Code   RO          579    i.EvrRtxMemoryBlockFree  rtx_evr.o
    0x08000a00   0x08000a00   0x00000018   Code   RO          580    i.EvrRtxMemoryBlockInit  rtx_evr.o
    0x08000a18   0x08000a18   0x0000001c   Code   RO          581    i.EvrRtxMemoryFree  rtx_evr.o
    0x08000a34   0x08000a34   0x00000018   Code   RO          582    i.EvrRtxMemoryInit  rtx_evr.o
    0x08000a4c   0x08000a4c   0x00000014   Code   RO          586    i.EvrRtxMemoryPoolAllocTimeout  rtx_evr.o
    0x08000a60   0x08000a60   0x00000014   Code   RO          601    i.EvrRtxMessageQueueCreated  rtx_evr.o
    0x08000a74   0x08000a74   0x00000010   Code   RO          604    i.EvrRtxMessageQueueError  rtx_evr.o
    0x08000a84   0x08000a84   0x00000018   Code   RO          605    i.EvrRtxMessageQueueGet  rtx_evr.o
    0x08000a9c   0x08000a9c   0x0000001c   Code   RO          610    i.EvrRtxMessageQueueGetPending  rtx_evr.o
    0x08000ab8   0x08000ab8   0x00000014   Code   RO          612    i.EvrRtxMessageQueueGetTimeout  rtx_evr.o
    0x08000acc   0x08000acc   0x00000014   Code   RO          613    i.EvrRtxMessageQueueInsertPending  rtx_evr.o
    0x08000ae0   0x08000ae0   0x00000014   Code   RO          614    i.EvrRtxMessageQueueInserted  rtx_evr.o
    0x08000af4   0x08000af4   0x0000001c   Code   RO          615    i.EvrRtxMessageQueueNew  rtx_evr.o
    0x08000b10   0x08000b10   0x00000014   Code   RO          616    i.EvrRtxMessageQueueNotInserted  rtx_evr.o
    0x08000b24   0x08000b24   0x00000014   Code   RO          617    i.EvrRtxMessageQueueNotRetrieved  rtx_evr.o
    0x08000b38   0x08000b38   0x00000018   Code   RO          618    i.EvrRtxMessageQueuePut  rtx_evr.o
    0x08000b50   0x08000b50   0x0000001c   Code   RO          619    i.EvrRtxMessageQueuePutPending  rtx_evr.o
    0x08000b6c   0x08000b6c   0x00000014   Code   RO          620    i.EvrRtxMessageQueuePutTimeout  rtx_evr.o
    0x08000b80   0x08000b80   0x00000014   Code   RO          623    i.EvrRtxMessageQueueRetrieved  rtx_evr.o
    0x08000b94   0x08000b94   0x00000014   Code   RO          624    i.EvrRtxMutexAcquire  rtx_evr.o
    0x08000ba8   0x08000ba8   0x00000014   Code   RO          625    i.EvrRtxMutexAcquirePending  rtx_evr.o
    0x08000bbc   0x08000bbc   0x00000014   Code   RO          626    i.EvrRtxMutexAcquireTimeout  rtx_evr.o
    0x08000bd0   0x08000bd0   0x00000014   Code   RO          627    i.EvrRtxMutexAcquired  rtx_evr.o
    0x08000be4   0x08000be4   0x00000014   Code   RO          628    i.EvrRtxMutexCreated  rtx_evr.o
    0x08000bf8   0x08000bf8   0x00000014   Code   RO          629    i.EvrRtxMutexDelete  rtx_evr.o
    0x08000c0c   0x08000c0c   0x00000014   Code   RO          630    i.EvrRtxMutexDestroyed  rtx_evr.o
    0x08000c20   0x08000c20   0x00000010   Code   RO          631    i.EvrRtxMutexError  rtx_evr.o
    0x08000c30   0x08000c30   0x00000014   Code   RO          634    i.EvrRtxMutexNew    rtx_evr.o
    0x08000c44   0x08000c44   0x00000014   Code   RO          635    i.EvrRtxMutexNotAcquired  rtx_evr.o
    0x08000c58   0x08000c58   0x00000014   Code   RO          636    i.EvrRtxMutexRelease  rtx_evr.o
    0x08000c6c   0x08000c6c   0x00000014   Code   RO          637    i.EvrRtxMutexReleased  rtx_evr.o
    0x08000c80   0x08000c80   0x00000014   Code   RO          640    i.EvrRtxSemaphoreAcquireTimeout  rtx_evr.o
    0x08000c94   0x08000c94   0x00000014   Code   RO          652    i.EvrRtxThreadBlocked  rtx_evr.o
    0x08000ca8   0x08000ca8   0x00000024   Code   RO          653    i.EvrRtxThreadCreated  rtx_evr.o
    0x08000ccc   0x08000ccc   0x00000014   Code   RO          654    i.EvrRtxThreadDestroyed  rtx_evr.o
    0x08000ce0   0x08000ce0   0x00000010   Code   RO          658    i.EvrRtxThreadError  rtx_evr.o
    0x08000cf0   0x08000cf0   0x00000014   Code   RO          659    i.EvrRtxThreadExit  rtx_evr.o
    0x08000d04   0x08000d04   0x00000010   Code   RO          662    i.EvrRtxThreadFlagsError  rtx_evr.o
    0x08000d14   0x08000d14   0x00000014   Code   RO          664    i.EvrRtxThreadFlagsSet  rtx_evr.o
    0x08000d28   0x08000d28   0x00000014   Code   RO          665    i.EvrRtxThreadFlagsSetDone  rtx_evr.o
    0x08000d3c   0x08000d3c   0x0000001c   Code   RO          666    i.EvrRtxThreadFlagsWait  rtx_evr.o
    0x08000d58   0x08000d58   0x00000018   Code   RO          667    i.EvrRtxThreadFlagsWaitCompleted  rtx_evr.o
    0x08000d70   0x08000d70   0x00000014   Code   RO          668    i.EvrRtxThreadFlagsWaitNotCompleted  rtx_evr.o
    0x08000d84   0x08000d84   0x0000001c   Code   RO          669    i.EvrRtxThreadFlagsWaitPending  rtx_evr.o
    0x08000da0   0x08000da0   0x00000014   Code   RO          670    i.EvrRtxThreadFlagsWaitTimeout  rtx_evr.o
    0x08000db4   0x08000db4   0x00000014   Code   RO          680    i.EvrRtxThreadJoined  rtx_evr.o
    0x08000dc8   0x08000dc8   0x0000001c   Code   RO          681    i.EvrRtxThreadNew   rtx_evr.o
    0x08000de4   0x08000de4   0x00000014   Code   RO          682    i.EvrRtxThreadPreempted  rtx_evr.o
    0x08000df8   0x08000df8   0x00000014   Code   RO          689    i.EvrRtxThreadSwitched  rtx_evr.o
    0x08000e0c   0x08000e0c   0x00000014   Code   RO          691    i.EvrRtxThreadUnblocked  rtx_evr.o
    0x08000e20   0x08000e20   0x00000014   Code   RO          693    i.EvrRtxTimerCallback  rtx_evr.o
    0x08000e34   0x08000e34   0x0000001c   Code   RO         3088    i.GetContext        eventrecorder.o
    0x08000e50   0x08000e50   0x00000148   Code   RO         3850    i.HAL_GPIO_Init     stm32f0xx_hal_gpio.o
    0x08000f98   0x08000f98   0x0000000e   Code   RO         3852    i.HAL_GPIO_ReadPin  stm32f0xx_hal_gpio.o
    0x08000fa6   0x08000fa6   0x0000000c   Code   RO         3854    i.HAL_GPIO_WritePin  stm32f0xx_hal_gpio.o
    0x08000fb2   0x08000fb2   0x00000002   PAD
    0x08000fb4   0x08000fb4   0x0000004c   Code   RO          139    i.HAL_GetTick       main.o
    0x08001000   0x08001000   0x00000020   Code   RO         3207    i.HAL_Init          stm32f0xx_hal.o
    0x08001020   0x08001020   0x00000022   Code   RO         3208    i.HAL_InitTick      stm32f0xx_hal.o
    0x08001042   0x08001042   0x00000002   PAD
    0x08001044   0x08001044   0x00000038   Code   RO         5039    i.HAL_MspInit       stm32f0xx_hal_msp.o
    0x0800107c   0x0800107c   0x00000008   Code   RO         3406    i.HAL_NVIC_SetPriority  stm32f0xx_hal_cortex.o
    0x08001084   0x08001084   0x00000144   Code   RO         4584    i.HAL_RCC_ClockConfig  stm32f0xx_hal_rcc.o
    0x080011c8   0x080011c8   0x0000000c   Code   RO         4589    i.HAL_RCC_GetHCLKFreq  stm32f0xx_hal_rcc.o
    0x080011d4   0x080011d4   0x0000008c   Code   RO         4592    i.HAL_RCC_GetSysClockFreq  stm32f0xx_hal_rcc.o
    0x08001260   0x08001260   0x000003d4   Code   RO         4595    i.HAL_RCC_OscConfig  stm32f0xx_hal_rcc.o
    0x08001634   0x08001634   0x0000001c   Code   RO         3408    i.HAL_SYSTICK_CLKSourceConfig  stm32f0xx_hal_cortex.o
    0x08001650   0x08001650   0x00000030   Code   RO         3410    i.HAL_SYSTICK_Config  stm32f0xx_hal_cortex.o
    0x08001680   0x08001680   0x00000002   Code   RO          194    i.HardFault_Handler  stm32f0xx_it.o
    0x08001682   0x08001682   0x0000000c   Code   RO          323    i.IsIrqMasked       rtx_delay.o
    0x0800168e   0x0800168e   0x0000000c   Code   RO         1582    i.IsIrqMasked       rtx_kernel.o
    0x0800169a   0x0800169a   0x0000000c   Code   RO         2049    i.IsIrqMasked       rtx_msgqueue.o
    0x080016a6   0x080016a6   0x0000000c   Code   RO         2209    i.IsIrqMasked       rtx_mutex.o
    0x080016b2   0x080016b2   0x0000000c   Code   RO         2469    i.IsIrqMasked       rtx_thread.o
    0x080016be   0x080016be   0x0000000c   Code   RO          324    i.IsIrqMode         rtx_delay.o
    0x080016ca   0x080016ca   0x0000000c   Code   RO         1583    i.IsIrqMode         rtx_kernel.o
    0x080016d6   0x080016d6   0x0000000c   Code   RO         2050    i.IsIrqMode         rtx_msgqueue.o
    0x080016e2   0x080016e2   0x0000000c   Code   RO         2210    i.IsIrqMode         rtx_mutex.o
    0x080016ee   0x080016ee   0x0000000c   Code   RO         2470    i.IsIrqMode         rtx_thread.o
    0x080016fa   0x080016fa   0x00000004   Code   RO          266    i.LED_GetCount      led_stm32f051-discovery.o
    0x080016fe   0x080016fe   0x00000004   Code   RO          267    i.LED_Initialize    led_stm32f051-discovery.o
    0x08001702   0x08001702   0x00000002   PAD
    0x08001704   0x08001704   0x00000038   Code   RO          268    i.LED_Off           led_stm32f051-discovery.o
    0x0800173c   0x0800173c   0x00000038   Code   RO          269    i.LED_On            led_stm32f051-discovery.o
    0x08001774   0x08001774   0x00000064   Code   RO          140    i.MX_GPIO_Init      main.o
    0x080017d8   0x080017d8   0x0000003c   Code   RO         2051    i.MessageQueueGet   rtx_msgqueue.o
    0x08001814   0x08001814   0x00000054   Code   RO         2052    i.MessageQueuePut   rtx_msgqueue.o
    0x08001868   0x08001868   0x00000020   Code   RO         2053    i.MessageQueueRemove  rtx_msgqueue.o
    0x08001888   0x08001888   0x00000002   Code   RO          195    i.NMI_Handler       stm32f0xx_it.o
    0x0800188a   0x0800188a   0x00000002   PAD
    0x0800188c   0x0800188c   0x0000000c   Code   RO         2977    i.OS_Tick_AcknowledgeIRQ  os_systick.o
    0x08001898   0x08001898   0x0000002c   Code   RO         2979    i.OS_Tick_Enable    os_systick.o
    0x080018c4   0x080018c4   0x00000006   Code   RO         2982    i.OS_Tick_GetIRQn   os_systick.o
    0x080018ca   0x080018ca   0x00000002   PAD
    0x080018cc   0x080018cc   0x00000054   Code   RO         2985    i.OS_Tick_Setup     os_systick.o
    0x08001920   0x08001920   0x000000a8   Code   RO          141    i.SystemClock_Config  main.o
    0x080019c8   0x080019c8   0x0000007c   Code   RO         5059    i.SystemCoreClockUpdate  system_stm32f0xx.o
    0x08001a44   0x08001a44   0x0000005c   Code   RO         5060    i.SystemInit        system_stm32f0xx.o
    0x08001aa0   0x08001aa0   0x0000004e   Code   RO         2471    i.ThreadFlagsCheck  rtx_thread.o
    0x08001aee   0x08001aee   0x00000016   Code   RO         2473    i.ThreadFlagsSet    rtx_thread.o
    0x08001b04   0x08001b04   0x0000003c   Code   RO         2860    i.TimerInsert       rtx_timer.o
    0x08001b40   0x08001b40   0x00000018   Code   RO         2862    i.TimerUnlink       rtx_timer.o
    0x08001b58   0x08001b58   0x00000002   Code   RO          142    i._Error_Handler    main.o
    0x08001b5a   0x08001b5a   0x0000002e   Code   RO         2039    i.__ARM_clz         rtx_mempool.o
    0x08001b88   0x08001b88   0x0000001a   Code   RO         2453    i.__ARM_common_switch8  rtx_system.o
    0x08001ba2   0x08001ba2   0x00000002   PAD
    0x08001ba4   0x08001ba4   0x00000044   Code   RO         3412    i.__NVIC_SetPriority  stm32f0xx_hal_cortex.o
    0x08001be8   0x08001be8   0x00000018   Code   RO         1783    i._mutex_acquire    rtx_lib.o
    0x08001c00   0x08001c00   0x0000000a   Code   RO         1784    i._mutex_free       rtx_lib.o
    0x08001c0a   0x08001c0a   0x00000022   Code   RO         1785    i._mutex_initialize  rtx_lib.o
    0x08001c2c   0x08001c2c   0x00000014   Code   RO         1786    i._mutex_release    rtx_lib.o
    0x08001c40   0x08001c40   0x00000008   Code   RO         1787    i._platform_post_stackheap_init  rtx_lib.o
    0x08001c48   0x08001c48   0x0000004c   Code   RO            3    i.app_main          blinky.o
    0x08001c94   0x08001c94   0x00000016   Code   RO         3089    i.atomic_inc32      eventrecorder.o
    0x08001caa   0x08001caa   0x00000002   PAD
    0x08001cac   0x08001cac   0x0000003c   Code   RO         3090    i.crc16_ccitt       eventrecorder.o
    0x08001ce8   0x08001ce8   0x00000038   Code   RO         2416    i.isr_queue_get     rtx_system.o
    0x08001d20   0x08001d20   0x00000044   Code   RO         2417    i.isr_queue_put     rtx_system.o
    0x08001d64   0x08001d64   0x0000002c   Code   RO          143    i.main              main.o
    0x08001d90   0x08001d90   0x00000034   Code   RO          325    i.osDelay           rtx_delay.o
    0x08001dc4   0x08001dc4   0x00000030   Code   RO         1587    i.osKernelGetState  rtx_kernel.o
    0x08001df4   0x08001df4   0x00000024   Code   RO         1590    i.osKernelGetTickCount  rtx_kernel.o
    0x08001e18   0x08001e18   0x00000034   Code   RO         1592    i.osKernelInitialize  rtx_kernel.o
    0x08001e4c   0x08001e4c   0x00000030   Code   RO         1596    i.osKernelStart     rtx_kernel.o
    0x08001e7c   0x08001e7c   0x0000009c   Code   RO         2055    i.osMessageQueueGet  rtx_msgqueue.o
    0x08001f18   0x08001f18   0x00000040   Code   RO         2061    i.osMessageQueueNew  rtx_msgqueue.o
    0x08001f58   0x08001f58   0x000000a0   Code   RO         2062    i.osMessageQueuePut  rtx_msgqueue.o
    0x08001ff8   0x08001ff8   0x0000003c   Code   RO         2211    i.osMutexAcquire    rtx_mutex.o
    0x08002034   0x08002034   0x00000038   Code   RO         2212    i.osMutexDelete     rtx_mutex.o
    0x0800206c   0x0800206c   0x00000034   Code   RO         2215    i.osMutexNew        rtx_mutex.o
    0x080020a0   0x080020a0   0x00000038   Code   RO         2216    i.osMutexRelease    rtx_mutex.o
    0x080020d8   0x080020d8   0x00000002   Code   RO         3047    i.osRtxErrorNotify  rtx_config.o
    0x080020da   0x080020da   0x00000002   Code   RO         3048    i.osRtxIdleThread   rtx_config.o
    0x080020dc   0x080020dc   0x00000002   Code   RO         1599    i.osRtxKernelPreInit  rtx_kernel.o
    0x080020de   0x080020de   0x00000090   Code   RO         1860    i.osRtxMemoryAlloc  rtx_memory.o
    0x0800216e   0x0800216e   0x0000005a   Code   RO         1861    i.osRtxMemoryFree   rtx_memory.o
    0x080021c8   0x080021c8   0x00000040   Code   RO         1862    i.osRtxMemoryInit   rtx_memory.o
    0x08002208   0x08002208   0x0000003a   Code   RO         1909    i.osRtxMemoryPoolAlloc  rtx_mempool.o
    0x08002242   0x08002242   0x00000042   Code   RO         1910    i.osRtxMemoryPoolFree  rtx_mempool.o
    0x08002284   0x08002284   0x0000004c   Code   RO         1911    i.osRtxMemoryPoolInit  rtx_mempool.o
    0x080022d0   0x080022d0   0x000000ee   Code   RO         2064    i.osRtxMessageQueuePostProcess  rtx_msgqueue.o
    0x080023be   0x080023be   0x00000058   Code   RO         2217    i.osRtxMutexOwnerRelease  rtx_mutex.o
    0x08002416   0x08002416   0x00000002   PAD
    0x08002418   0x08002418   0x00000050   Code   RO         2418    i.osRtxPendSV_Handler  rtx_system.o
    0x08002468   0x08002468   0x00000038   Code   RO         2419    i.osRtxPostProcess  rtx_system.o
    0x080024a0   0x080024a0   0x00000038   Code   RO         2474    i.osRtxThreadBlock  rtx_thread.o
    0x080024d8   0x080024d8   0x00000064   Code   RO         2475    i.osRtxThreadDelayInsert  rtx_thread.o
    0x0800253c   0x0800253c   0x00000054   Code   RO         2476    i.osRtxThreadDelayRemove  rtx_thread.o
    0x08002590   0x08002590   0x000000c8   Code   RO         2477    i.osRtxThreadDelayTick  rtx_thread.o
    0x08002658   0x08002658   0x0000006c   Code   RO         2478    i.osRtxThreadDispatch  rtx_thread.o
    0x080026c4   0x080026c4   0x00000050   Code   RO         2479    i.osRtxThreadFree   rtx_thread.o
    0x08002714   0x08002714   0x00000016   Code   RO         2480    i.osRtxThreadListGet  rtx_thread.o
    0x0800272a   0x0800272a   0x00000028   Code   RO         2481    i.osRtxThreadListPut  rtx_thread.o
    0x08002752   0x08002752   0x0000001a   Code   RO         2482    i.osRtxThreadListRemove  rtx_thread.o
    0x0800276c   0x0800276c   0x0000000c   Code   RO         2483    i.osRtxThreadListRoot  rtx_thread.o
    0x08002778   0x08002778   0x0000002a   Code   RO         2484    i.osRtxThreadListSort  rtx_thread.o
    0x080027a2   0x080027a2   0x00000038   Code   RO         2486    i.osRtxThreadPostProcess  rtx_thread.o
    0x080027da   0x080027da   0x00000002   PAD
    0x080027dc   0x080027dc   0x00000014   Code   RO         2487    i.osRtxThreadReadyPut  rtx_thread.o
    0x080027f0   0x080027f0   0x00000006   Code   RO         2488    i.osRtxThreadRegPtr  rtx_thread.o
    0x080027f6   0x080027f6   0x00000002   PAD
    0x080027f8   0x080027f8   0x0000002c   Code   RO         2489    i.osRtxThreadStackCheck  rtx_thread.o
    0x08002824   0x08002824   0x00000040   Code   RO         2490    i.osRtxThreadStartup  rtx_thread.o
    0x08002864   0x08002864   0x0000001c   Code   RO         2491    i.osRtxThreadSwitch  rtx_thread.o
    0x08002880   0x08002880   0x00000044   Code   RO         2492    i.osRtxThreadWaitEnter  rtx_thread.o
    0x080028c4   0x080028c4   0x00000032   Code   RO         2493    i.osRtxThreadWaitExit  rtx_thread.o
    0x080028f6   0x080028f6   0x00000002   PAD
    0x080028f8   0x080028f8   0x00000080   Code   RO         2420    i.osRtxTick_Handler  rtx_system.o
    0x08002978   0x08002978   0x00000048   Code   RO         2863    i.osRtxTimerThread  rtx_timer.o
    0x080029c0   0x080029c0   0x00000058   Code   RO         2864    i.osRtxTimerTick    rtx_timer.o
    0x08002a18   0x08002a18   0x00000018   Code   RO         2496    i.osThreadExit      rtx_thread.o
    0x08002a30   0x08002a30   0x00000078   Code   RO         2499    i.osThreadFlagsSet  rtx_thread.o
    0x08002aa8   0x08002aa8   0x00000044   Code   RO         2500    i.osThreadFlagsWait  rtx_thread.o
    0x08002aec   0x08002aec   0x00000040   Code   RO         2509    i.osThreadNew       rtx_thread.o
    0x08002b2c   0x08002b2c   0x00000020   Code   RO         1788    i.os_kernel_is_active  rtx_lib.o
    0x08002b4c   0x08002b4c   0x0000002c   Code   RO          327    i.svcRtxDelay       rtx_delay.o
    0x08002b78   0x08002b78   0x00000014   Code   RO         1601    i.svcRtxKernelGetState  rtx_kernel.o
    0x08002b8c   0x08002b8c   0x00000014   Code   RO         1604    i.svcRtxKernelGetTickCount  rtx_kernel.o
    0x08002ba0   0x08002ba0   0x0000015c   Code   RO         1606    i.svcRtxKernelInitialize  rtx_kernel.o
    0x08002cfc   0x08002cfc   0x000000a4   Code   RO         1610    i.svcRtxKernelStart  rtx_kernel.o
    0x08002da0   0x08002da0   0x00000114   Code   RO         2066    i.svcRtxMessageQueueGet  rtx_msgqueue.o
    0x08002eb4   0x08002eb4   0x00000184   Code   RO         2072    i.svcRtxMessageQueueNew  rtx_msgqueue.o
    0x08003038   0x08003038   0x00000100   Code   RO         2073    i.svcRtxMessageQueuePut  rtx_msgqueue.o
    0x08003138   0x08003138   0x000000ec   Code   RO         2218    i.svcRtxMutexAcquire  rtx_mutex.o
    0x08003224   0x08003224   0x000000c8   Code   RO         2219    i.svcRtxMutexDelete  rtx_mutex.o
    0x080032ec   0x080032ec   0x0000009c   Code   RO         2222    i.svcRtxMutexNew    rtx_mutex.o
    0x08003388   0x08003388   0x00000100   Code   RO         2223    i.svcRtxMutexRelease  rtx_mutex.o
    0x08003488   0x08003488   0x00000074   Code   RO         2517    i.svcRtxThreadExit  rtx_thread.o
    0x080034fc   0x080034fc   0x0000008e   Code   RO         2520    i.svcRtxThreadFlagsSet  rtx_thread.o
    0x0800358a   0x0800358a   0x00000002   PAD
    0x0800358c   0x0800358c   0x00000094   Code   RO         2521    i.svcRtxThreadFlagsWait  rtx_thread.o
    0x08003620   0x08003620   0x00000230   Code   RO         2530    i.svcRtxThreadNew   rtx_thread.o
    0x08003850   0x08003850   0x00000028   Code   RO            4    i.thrBUT            blinky.o
    0x08003878   0x08003878   0x00000034   Code   RO            5    i.thrLED            blinky.o
    0x080038ac   0x080038ac   0x00000024   Data   RO            7    .constdata          blinky.o
    0x080038d0   0x080038d0   0x00000008   Data   RO          227    .constdata          buttons_stm32f051-discovery.o
    0x080038d8   0x080038d8   0x00000010   Data   RO          272    .constdata          led_stm32f051-discovery.o
    0x080038e8   0x080038e8   0x00000024   Data   RO         1798    .constdata          rtx_lib.o
    0x0800390c   0x0800390c   0x00000024   Data   RO         1799    .constdata          rtx_lib.o
    0x08003930   0x08003930   0x00000018   Data   RO         1800    .constdata          rtx_lib.o
    0x08003948   0x08003948   0x00000004   Data   RO         1801    .constdata          rtx_lib.o
    0x0800394c   0x0800394c   0x00000018   Data   RO         3092    .constdata          eventrecorder.o
    0x08003964   0x08003964   0x00000010   Data   RO         5061    .constdata          system_stm32f0xx.o
    0x08003974   0x08003974   0x0000000b   Data   RO         1613    .conststrlit        rtx_kernel.o
    0x0800397f   0x0800397f   0x00000001   PAD
    0x08003980   0x08003980   0x000000a0   Data   RO         1804    .rodata             rtx_lib.o
    0x08003a20   0x08003a20   0x00000020   Data   RO         5272    Region$$Table       anon$$obj.o


    Execution Region RW_IRAM1 (Exec base: 0x20000000, Load base: 0x08003a40, Size: 0x000014e8, Max: 0x00002000, ABSOLUTE, COMPRESSED[0x00000020])

    Exec Addr    Load Addr    Size         Type   Attr      Idx    E Section Name        Object

    0x20000000   COMPRESSED   0x00000400   Data   RW         1789    .bss.os             rtx_lib.o
    0x20000400   COMPRESSED   0x00000040   Data   RW         1790    .bss.os             rtx_lib.o
    0x20000440   COMPRESSED   0x00000034   Data   RW         1792    .bss.os.msgqueue.cb  rtx_lib.o
    0x20000474   COMPRESSED   0x00000050   Data   RW         1793    .bss.os.msgqueue.mem  rtx_lib.o
    0x200004c4   COMPRESSED   0x00000044   Data   RW         1794    .bss.os.thread.cb   rtx_lib.o
    0x20000508   COMPRESSED   0x00000044   Data   RW         1795    .bss.os.thread.cb   rtx_lib.o
    0x2000054c   COMPRESSED   0x00000004   PAD
    0x20000550   COMPRESSED   0x000000c8   Data   RW         1796    .bss.os.thread.stack  rtx_lib.o
    0x20000618   COMPRESSED   0x000000c8   Data   RW         1797    .bss.os.thread.stack  rtx_lib.o
    0x200006e0   COMPRESSED   0x0000000c   Data   RW            8    .data               blinky.o
    0x200006ec   COMPRESSED   0x00000004   Data   RW          144    .data               main.o
    0x200006f0   COMPRESSED   0x00000001   Data   RW         1803    .data               rtx_lib.o
    0x200006f1   COMPRESSED   0x00000001   Data   RW         2986    .data               os_systick.o
    0x200006f2   COMPRESSED   0x00000002   PAD
    0x200006f4   COMPRESSED   0x00000004   Data   RW         5063    .data               system_stm32f0xx.o
    0x200006f8   COMPRESSED   0x000000a4   Data   RW         1614    .data.os            rtx_kernel.o
    0x2000079c   COMPRESSED   0x00000004   PAD
    0x200007a0        -       0x00000200   Zero   RW            6    .bss                blinky.o
    0x200009a0        -       0x00000060   Zero   RW         5145    .bss                c_p.l(libspace.o)
    0x20000a00        -       0x000004e4   Zero   RW         3091    .bss.noinit         eventrecorder.o
    0x20000ee4   COMPRESSED   0x00000004   PAD
    0x20000ee8        -       0x00000200   Zero   RW         5031    HEAP                startup_stm32f051x8.o
    0x200010e8        -       0x00000400   Zero   RW         5030    STACK               startup_stm32f051x8.o


==============================================================================

Image component sizes


      Code (inc. data)   RO Data    RW Data    ZI Data      Debug   Object Name

       168         16         36         12        512     262652   blinky.o
        56          4          8          0          0       2963   buttons_stm32f051-discovery.o
       998         88         24          0       1252      16150   eventrecorder.o
       164          8          0          0          0        660   irq_cm0.o
       120         12         16          0          0       3655   led_stm32f051-discovery.o
       390         80          0          4          0       3623   main.o
       146         36          0          1          0       2480   os_systick.o
         4          0          0          0          0        953   rtx_config.o
       120          8          0          0          0      21685   rtx_delay.o
      1380        348          0          0          0      52484   rtx_evr.o
       762         60         11        164          0      23289   rtx_kernel.o
       128          6        260       1757          0      12578   rtx_lib.o
       298          0          0          0          0       4799   rtx_memory.o
       246          0          0          0          0       2843   rtx_mempool.o
      1738         32          0          0          0      19660   rtx_msgqueue.o
      1184         46          0          0          0      12300   rtx_mutex.o
       414         40          0          0          0      11425   rtx_system.o
      2472        122          0          0          0      30765   rtx_thread.o
       244         28          0          0          0       3311   rtx_timer.o
        56         26        188          0       1536        884   startup_stm32f051x8.o
        66          6          0          0          0       1230   stm32f0xx_hal.o
       152         22          0          0          0      10618   stm32f0xx_hal_cortex.o
       354         24          0          0          0       3275   stm32f0xx_hal_gpio.o
        56          6          0          0          0       1222   stm32f0xx_hal_msp.o
      1456         84          0          0          0       5394   stm32f0xx_hal_rcc.o
         4          0          0          0          0       1010   stm32f0xx_it.o
       216         34         16          4          0       2599   system_stm32f0xx.o

    ----------------------------------------------------------------------
     13416       1136        592       1948       3308     514507   Object Totals
         0          0         32          0          0          0   (incl. Generated)
        24          0          1          6          8          0   (incl. Padding)

    ----------------------------------------------------------------------

      Code (inc. data)   RO Data    RW Data    ZI Data      Debug   Library Member Name

        58          0          0          0          0          0   __dczerorl.o
         8          0          0          0          0         68   __main.o
         0          0          0          0          0          0   __rtentry.o
        20          0          0          0          0          0   __rtentry2.o
         6          0          0          0          0          0   __rtentry4.o
        60          8          0          0          0          0   __scatter.o
        28          0          0          0          0          0   __scatter_zi.o
       346          0          0          0          0         92   aeabi_sdiv.o
        16          0          0          0          0         68   exit.o
         6          0          0          0          0        136   heapauxi.o
         0          0          0          0          0          0   indicate_semi.o
         2          0          0          0          0          0   libinit.o
         2          0          0          0          0          0   libinit2.o
         2          0          0          0          0          0   libshutdown.o
         2          0          0          0          0          0   libshutdown2.o
         8          4          0          0         96         68   libspace.o
        64          0          0          0          0        108   rt_memclr.o
       186          0          0          0          0        144   rt_memcpy.o
         2          0          0          0          0          0   rtexit.o
        10          0          0          0          0          0   rtexit2.o
        12          4          0          0          0         60   sys_exit.o
        62          0          0          0          0         80   sys_stackheap_outer.o
         2          0          0          0          0         68   use_no_semi.o

    ----------------------------------------------------------------------
       904         16          0          0         96        892   Library Totals
         2          0          0          0          0          0   (incl. Padding)

    ----------------------------------------------------------------------

      Code (inc. data)   RO Data    RW Data    ZI Data      Debug   Library Name

       902         16          0          0         96        892   c_p.l

    ----------------------------------------------------------------------
       904         16          0          0         96        892   Library Totals

    ----------------------------------------------------------------------

==============================================================================


      Code (inc. data)   RO Data    RW Data    ZI Data      Debug   

     14320       1152        592       1948       3404     506003   Grand Totals
     14320       1152        592         32       3404     506003   ELF Image Totals (compressed)
     14320       1152        592         32          0          0   ROM Totals

==============================================================================

    Total RO  Size (Code + RO Data)                14912 (  14.56kB)
    Total RW  Size (RW Data + ZI Data)              5352 (   5.23kB)
    Total ROM Size (Code + RO Data + RW Data)      14944 (  14.59kB)

==============================================================================

