<html>
<body>
<pre>
<h1>µVision Build Log</h1>
<h2>Tool Versions:</h2>
IDE-Version: •ÏVision V5.27.1.0
Copyright (C) 2019 ARM Ltd and ARM Germany GmbH. All rights reserved.
License Information: j hwan, none, LIC=----
 
Tool Versions:
Toolchain:       MDK-Lite  Version: 5.29.0.0
Toolchain Path:  C:\Keil_v5\ARM\ARMCC\Bin
C Compiler:      Armcc.exe V5.06 update 6 (build 750)
Assembler:       Armasm.exe V5.06 update 6 (build 750)
Linker/Locator:  ArmLink.exe V5.06 update 6 (build 750)
Library Manager: ArmAr.exe V5.06 update 6 (build 750)
Hex Converter:   FromElf.exe V5.06 update 6 (build 750)
CPU DLL:         SARMCM3.DLL V5.29.0.0
Dialog DLL:      DARMCM1.DLL V1.19.2.0
Target DLL:      STLink\ST-LINKIII-KEIL_SWO.dll V3.0.7.0
Dialog DLL:      TARMCM1.DLL V1.14.1.0
 
<h2>Project:</h2>
E:\Stm32f0DevelopDoc\CMSIS_RTOS_BLINKY\MDK\Boards\ST\STM32F051-Discovery\Blinky\Blinky.uvprojx
Project File Date:  12/18/2019

<h2>Output:</h2>
*** Using Compiler 'V5.06 update 6 (build 750)', folder: 'C:\Keil_v5\ARM\ARMCC\Bin'
Rebuild target 'Debug'
assembling irq_cm0.s...
compiling stm32f0xx_it.c...
compiling rtx_delay.c...
compiling Blinky.c...
compiling Buttons_STM32F051-Discovery.c...
compiling main.c...
compiling LED_STM32F051-Discovery.c...
compiling rtx_evflags.c...
compiling rtx_lib.c...
compiling rtx_memory.c...
compiling rtx_mempool.c...
compiling rtx_msgqueue.c...
compiling rtx_kernel.c...
compiling rtx_evr.c...
compiling rtx_mutex.c...
compiling rtx_semaphore.c...
compiling rtx_system.c...
compiling os_systick.c...
compiling RTX_Config.c...
compiling rtx_timer.c...
compiling EventRecorder.c...
C:\Users\redmk\AppData\Local\Arm\Packs\Keil\ARM_Compiler\1.6.2\Source\EventRecorder.c(660): warning:  #1215-D: #warning directive: "Invalid Time Stamp Source selected in EventRecorderConf.h!"
  #warning "Invalid Time Stamp Source selected in EventRecorderConf.h!"
C:\Users\redmk\AppData\Local\Arm\Packs\Keil\ARM_Compiler\1.6.2\Source\EventRecorder.c: 1 warning, 0 errors
compiling rtx_thread.c...
compiling stm32f0xx_hal_adc.c...
compiling stm32f0xx_hal.c...
compiling stm32f0xx_hal_adc_ex.c...
compiling stm32f0xx_hal_can.c...
compiling stm32f0xx_hal_cec.c...
compiling stm32f0xx_hal_comp.c...
compiling stm32f0xx_hal_cortex.c...
compiling stm32f0xx_hal_crc.c...
compiling stm32f0xx_hal_crc_ex.c...
compiling stm32f0xx_hal_dac.c...
compiling stm32f0xx_hal_dac_ex.c...
compiling stm32f0xx_hal_dma.c...
compiling stm32f0xx_hal_flash.c...
compiling stm32f0xx_hal_flash_ex.c...
compiling stm32f0xx_hal_gpio.c...
compiling stm32f0xx_hal_i2s.c...
compiling stm32f0xx_hal_i2c_ex.c...
compiling stm32f0xx_hal_irda.c...
compiling stm32f0xx_hal_iwdg.c...
compiling stm32f0xx_hal_pcd.c...
compiling stm32f0xx_hal_i2c.c...
compiling stm32f0xx_hal_pcd_ex.c...
compiling stm32f0xx_hal_pwr.c...
compiling stm32f0xx_hal_pwr_ex.c...
compiling stm32f0xx_hal_rcc.c...
compiling stm32f0xx_hal_rcc_ex.c...
compiling stm32f0xx_hal_rtc.c...
compiling stm32f0xx_hal_rtc_ex.c...
compiling stm32f0xx_hal_smartcard.c...
compiling stm32f0xx_hal_smartcard_ex.c...
compiling stm32f0xx_hal_smbus.c...
compiling stm32f0xx_hal_spi.c...
compiling stm32f0xx_hal_spi_ex.c...
compiling stm32f0xx_hal_tim_ex.c...
compiling stm32f0xx_hal_tim.c...
compiling stm32f0xx_hal_tsc.c...
compiling stm32f0xx_hal_uart.c...
compiling stm32f0xx_ll_adc.c...
compiling stm32f0xx_ll_comp.c...
compiling stm32f0xx_hal_uart_ex.c...
compiling stm32f0xx_ll_crc.c...
compiling stm32f0xx_hal_usart.c...
compiling stm32f0xx_ll_crs.c...
compiling stm32f0xx_hal_wwdg.c...
compiling stm32f0xx_ll_dma.c...
compiling stm32f0xx_ll_dac.c...
compiling stm32f0xx_ll_exti.c...
compiling stm32f0xx_ll_gpio.c...
compiling stm32f0xx_ll_i2c.c...
compiling stm32f0xx_ll_pwr.c...
compiling stm32f0xx_ll_rcc.c...
compiling stm32f0xx_ll_rtc.c...
compiling stm32f0xx_ll_spi.c...
compiling stm32f0xx_ll_tim.c...
compiling stm32f0xx_ll_usart.c...
compiling stm32f0xx_ll.c...
assembling startup_stm32f051x8.s...
compiling stm32f0xx_ll_utils.c...
compiling stm32f0xx_hal_msp.c...
compiling system_stm32f0xx.c...
linking...
Program Size: Code=14320 RO-data=592 RW-data=1948 ZI-data=3404  
".\Debug\Blinky.axf" - 0 Error(s), 1 Warning(s).

<h2>Software Packages used:</h2>

Package Vendor: ARM
                http://www.keil.com/pack/ARM.CMSIS.5.6.0.pack
                ARM.CMSIS.5.6.0
                CMSIS (Cortex Microcontroller Software Interface Standard)
   * Component: RTOS2 Version: 2.1.3
   * Component: CORE Version: 5.3.0
   * Component: Keil RTX5 Variant: Source Version: 5.5.1

Package Vendor: Keil
                http://www.keil.com/pack/Keil.ARM_Compiler.1.6.2.pack
                Keil.ARM_Compiler.1.6.2
                Keil ARM Compiler extensions for ARM Compiler 5 and ARM Compiler 6
   * Component: Event Recorder Variant: DAP Version: 1.4.0

Package Vendor: Keil
                project-path/Keil.FrameworkCubeMX.1.0.0.pack
                Keil.FrameworkCubeMX.1.0.0
                STM32CubeMX generated pack description
   * Component: STM32CubeMX Version: 1.0.0
   * Component: Startup Version: 1.0.0

Package Vendor: Keil
                http://www.keil.com/pack/Keil.MDK-Middleware.7.10.0.pack
                Keil.MDK-Middleware.7.10.0
                Middleware for Keil MDK-Professional and MDK-Plus
   * Component: Buttons Version: 1.0.0
   * Component: LED Version: 1.0.0

Package Vendor: Keil
                http://www.keil.com/pack/Keil.STM32F0xx_DFP.2.0.0.pack
                Keil.STM32F0xx_DFP.2.0.0
                STMicroelectronics STM32F0 Series Device Support, Drivers and Examples
   * Component: STM32Cube Framework Version: 1.0.0
   * Component: STM32Cube HAL Version: 1.7.0
   * Component: Buttons Version: 1.1.0
   * Component: LED Version: 1.1.0

<h2>Collection of Component include folders:</h2>
  .\RTE\CMSIS
  .\RTE\Compiler
  .\RTE\Device\STM32F051R8Tx
  .\RTE\Device\STM32F051R8Tx\STCubeGenerated\Inc
  .\RTE\_Debug
  C:\Users\redmk\AppData\Local\Arm\Packs\ARM\CMSIS\5.6.0\CMSIS\Core\Include
  C:\Users\redmk\AppData\Local\Arm\Packs\ARM\CMSIS\5.6.0\CMSIS\RTOS2\Include
  C:\Users\redmk\AppData\Local\Arm\Packs\ARM\CMSIS\5.6.0\CMSIS\RTOS2\RTX\Include
  C:\Users\redmk\AppData\Local\Arm\Packs\Keil\ARM_Compiler\1.6.2\Include
  C:\Users\redmk\AppData\Local\Arm\Packs\Keil\MDK-Middleware\7.10.0\Board
  C:\Users\redmk\AppData\Local\Arm\Packs\Keil\STM32F0xx_DFP\2.0.0\Drivers\CMSIS\Device\ST\STM32F0xx\Include
  C:\Users\redmk\AppData\Local\Arm\Packs\Keil\STM32F0xx_DFP\2.0.0\Drivers\STM32F0xx_HAL_Driver\Inc

<h2>Collection of Component Files used:</h2>

   * Component: ::Board Support:Buttons:1.0.0 (API)
      Include file:  Board\Board_Buttons.h

   * Component: ::Board Support:LED:1.0.0 (API)
      Include file:  Board\Board_LED.h

   * Component: ::CMSIS:RTOS2:2.1.3 (API)
      Include file:  CMSIS\RTOS2\Include\cmsis_os2.h

   * Component: ::Device:STM32Cube Framework:1.0.0 (API)

   * Component: ARM::CMSIS:CORE:5.3.0

   * Component: ARM::CMSIS:RTOS2:Keil RTX5:Source:5.5.1
      Include file:  CMSIS\RTOS2\RTX\Config\RTX_Config.h
      Include file:  CMSIS\RTOS2\RTX\Include\rtx_os.h
      Source file:   CMSIS\RTOS2\RTX\Template\Semaphore.c
      Source file:   CMSIS\RTOS2\RTX\Source\rtx_evflags.c
      Source file:   CMSIS\RTOS2\RTX\Source\rtx_msgqueue.c
      Source file:   CMSIS\RTOS2\RTX\Template\Thread.c
      Source file:   CMSIS\RTOS2\RTX\Source\rtx_lib.c
      Source file:   CMSIS\RTOS2\RTX\Source\rtx_system.c
      Source file:   CMSIS\RTOS2\RTX\Template\Timer.c
      Source file:   CMSIS\RTOS2\RTX\Source\rtx_thread.c
      Source file:   CMSIS\RTOS2\RTX\Source\rtx_mutex.c
      Source file:   CMSIS\RTOS2\RTX\Config\RTX_Config.c
      Source file:   CMSIS\RTOS2\RTX\Source\rtx_kernel.c
      Source file:   CMSIS\RTOS2\RTX\Source\rtx_semaphore.c
      Source file:   CMSIS\RTOS2\RTX\Template\svc_user.c
      Source file:   CMSIS\RTOS2\RTX\Source\rtx_evr.c
      Source file:   CMSIS\RTOS2\RTX\Template\MemPool.c
      Source file:   CMSIS\RTOS2\RTX\Source\rtx_timer.c
      Source file:   CMSIS\RTOS2\RTX\Source\rtx_delay.c
      Source file:   CMSIS\RTOS2\RTX\Template\main.c
      Source file:   CMSIS\RTOS2\RTX\Template\MsgQueue.c
      Source file:   CMSIS\RTOS2\RTX\Source\ARM\irq_cm0.s
      Source file:   CMSIS\RTOS2\RTX\Template\Events.c
      Source file:   CMSIS\RTOS2\RTX\Source\rtx_memory.c
      Source file:   CMSIS\RTOS2\RTX\Source\rtx_mempool.c
      Source file:   CMSIS\RTOS2\RTX\Template\Mutex.c
      Source file:   CMSIS\RTOS2\Source\os_systick.c

   * Component: Keil.ARM Compiler::Compiler:Event Recorder:DAP:1.4.0
      Include file:  Include\EventRecorder.h
      Source file:   Source\EventRecorder.c
      Include file:  Config\EventRecorderConf.h

   * Component: Keil.STM32CubeMX::Device:STM32Cube Framework:STM32CubeMX:1.0.0
      Include file:  STCubeGenerated\Inc\stm32f0xx_hal_conf.h
      Source file:   STCubeGenerated\Src\stm32f0xx_hal_msp.c
      Include file:  MX_Device.h

   * Component: Keil.STM32CubeMX::Device:STM32Cube HAL:1.7.0
      Source file:   Drivers\STM32F0xx_HAL_Driver\Src\stm32f0xx_hal_gpio.c
      Source file:   Drivers\STM32F0xx_HAL_Driver\Src\stm32f0xx_hal_i2c.c
      Source file:   Drivers\STM32F0xx_HAL_Driver\Src\stm32f0xx_hal_i2c_ex.c
      Source file:   Drivers\STM32F0xx_HAL_Driver\Src\stm32f0xx_hal_i2s.c
      Source file:   Drivers\STM32F0xx_HAL_Driver\Src\stm32f0xx_hal_adc_ex.c
      Source file:   Drivers\STM32F0xx_HAL_Driver\Src\stm32f0xx_hal_irda.c
      Source file:   Drivers\STM32F0xx_HAL_Driver\Src\stm32f0xx_hal_comp.c
      Source file:   Drivers\STM32F0xx_HAL_Driver\Src\stm32f0xx_hal_dac_ex.c
      Source file:   Drivers\STM32F0xx_HAL_Driver\Src\stm32f0xx_hal_flash.c
      Source file:   MDK\Driver\stm32f0xx_ll.c
      Source file:   Drivers\STM32F0xx_HAL_Driver\Src\stm32f0xx_hal_adc.c
      Source file:   Drivers\STM32F0xx_HAL_Driver\Src\stm32f0xx_hal_can.c
      Source file:   Drivers\STM32F0xx_HAL_Driver\Src\stm32f0xx_hal_cec.c
      Source file:   Drivers\STM32F0xx_HAL_Driver\Src\stm32f0xx_hal_crc.c
      Source file:   Drivers\STM32F0xx_HAL_Driver\Src\stm32f0xx_hal.c
      Source file:   Drivers\STM32F0xx_HAL_Driver\Src\stm32f0xx_hal_crc_ex.c
      Source file:   Drivers\STM32F0xx_HAL_Driver\Src\stm32f0xx_hal_dac.c
      Source file:   Drivers\STM32F0xx_HAL_Driver\Src\stm32f0xx_hal_cortex.c
      Source file:   Drivers\STM32F0xx_HAL_Driver\Src\stm32f0xx_hal_dma.c
      Source file:   Drivers\STM32F0xx_HAL_Driver\Src\stm32f0xx_hal_flash_ex.c
      Source file:   Drivers\STM32F0xx_HAL_Driver\Src\stm32f0xx_ll_comp.c
      Source file:   Drivers\STM32F0xx_HAL_Driver\Src\stm32f0xx_ll_dma.c
      Source file:   Drivers\STM32F0xx_HAL_Driver\Src\stm32f0xx_ll_exti.c
      Source file:   Drivers\STM32F0xx_HAL_Driver\Src\stm32f0xx_ll_gpio.c
      Source file:   Drivers\STM32F0xx_HAL_Driver\Src\stm32f0xx_ll_i2c.c
      Source file:   Drivers\STM32F0xx_HAL_Driver\Src\stm32f0xx_ll_pwr.c
      Source file:   Drivers\STM32F0xx_HAL_Driver\Src\stm32f0xx_ll_rcc.c
      Source file:   Drivers\STM32F0xx_HAL_Driver\Src\stm32f0xx_hal_rcc_ex.c
      Source file:   Drivers\STM32F0xx_HAL_Driver\Src\stm32f0xx_hal_spi.c
      Source file:   Drivers\STM32F0xx_HAL_Driver\Src\stm32f0xx_hal_tim_ex.c
      Source file:   Drivers\STM32F0xx_HAL_Driver\Src\stm32f0xx_hal_pcd_ex.c
      Source file:   Drivers\STM32F0xx_HAL_Driver\Src\stm32f0xx_hal_spi_ex.c
      Source file:   Drivers\STM32F0xx_HAL_Driver\Src\stm32f0xx_hal_tsc.c
      Source file:   Drivers\STM32F0xx_HAL_Driver\Src\stm32f0xx_hal_uart.c
      Source file:   Drivers\STM32F0xx_HAL_Driver\Src\stm32f0xx_ll_crc.c
      Source file:   Drivers\STM32F0xx_HAL_Driver\Src\stm32f0xx_hal_pcd.c
      Source file:   Drivers\STM32F0xx_HAL_Driver\Src\stm32f0xx_hal_rcc.c
      Source file:   Drivers\STM32F0xx_HAL_Driver\Src\stm32f0xx_hal_smartcard_ex.c
      Source file:   Drivers\STM32F0xx_HAL_Driver\Src\stm32f0xx_ll_crs.c
      Source file:   Drivers\STM32F0xx_HAL_Driver\Src\stm32f0xx_hal_iwdg.c
      Source file:   Drivers\STM32F0xx_HAL_Driver\Src\stm32f0xx_hal_pwr_ex.c
      Source file:   Drivers\STM32F0xx_HAL_Driver\Src\stm32f0xx_hal_pwr.c
      Source file:   Drivers\STM32F0xx_HAL_Driver\Src\stm32f0xx_hal_usart.c
      Source file:   Drivers\STM32F0xx_HAL_Driver\Src\stm32f0xx_hal_tim.c
      Source file:   Drivers\STM32F0xx_HAL_Driver\Src\stm32f0xx_hal_smbus.c
      Source file:   Drivers\STM32F0xx_HAL_Driver\Src\stm32f0xx_hal_smartcard.c
      Source file:   Drivers\STM32F0xx_HAL_Driver\Src\stm32f0xx_hal_rtc_ex.c
      Source file:   Drivers\STM32F0xx_HAL_Driver\Src\stm32f0xx_hal_uart_ex.c
      Source file:   Drivers\STM32F0xx_HAL_Driver\Src\stm32f0xx_ll_dac.c
      Source file:   Drivers\STM32F0xx_HAL_Driver\Src\stm32f0xx_hal_rtc.c
      Source file:   Drivers\STM32F0xx_HAL_Driver\Src\stm32f0xx_hal_wwdg.c
      Source file:   Drivers\STM32F0xx_HAL_Driver\Src\stm32f0xx_ll_adc.c
      Source file:   Drivers\STM32F0xx_HAL_Driver\Src\stm32f0xx_ll_utils.c
      Source file:   Drivers\STM32F0xx_HAL_Driver\Src\stm32f0xx_ll_tim.c
      Source file:   Drivers\STM32F0xx_HAL_Driver\Src\stm32f0xx_ll_rtc.c
      Source file:   Drivers\STM32F0xx_HAL_Driver\Src\stm32f0xx_ll_usart.c
      Source file:   Drivers\STM32F0xx_HAL_Driver\Src\stm32f0xx_ll_spi.c

   * Component: Keil.STM32CubeMX::Device:Startup:1.0.0
      Source file:   STCubeGenerated\MDK-ARM\startup_stm32f051x8.s
      Source file:   STCubeGenerated\Src\system_stm32f0xx.c

   * Component: Keil.STM32F051-Discovery::Board Support:Buttons:1.1.0
      Source file:   MDK\Boards\ST\STM32F051-Discovery\Common\Buttons_STM32F051-Discovery.c

   * Component: Keil.STM32F051-Discovery::Board Support:LED:1.1.0
      Source file:   MDK\Boards\ST\STM32F051-Discovery\Common\LED_STM32F051-Discovery.c
Build Time Elapsed:  00:00:09
</pre>
</body>
</html>
