<html>
<body>
<pre>
<h1>µVision Build Log</h1>
<h2>Tool Versions:</h2>
IDE-Version: •ÏVision V5.28.0.0
Copyright (C) 2019 ARM Ltd and ARM Germany GmbH. All rights reserved.
License Information: jang sunghwan, alm, LIC=J5ISZ-J6QXR-QR2EL-DQNUA-3FT8E-5FIH8
 
Tool Versions:
Toolchain:       MDK-ARM Cortex-M0/M0+ for ST  Version: 5.28.0.0
Toolchain Path:  C:\Keil_v5\ARM\ARMCC\Bin
C Compiler:      Armcc.exe V5.06 update 6 (build 750)
Assembler:       Armasm.exe V5.06 update 6 (build 750)
Linker/Locator:  ArmLink.exe V5.06 update 6 (build 750)
Library Manager: ArmAr.exe V5.06 update 6 (build 750)
Hex Converter:   FromElf.exe V5.06 update 6 (build 750)
CPU DLL:         SARMCM3.DLL V5.28.0.0
Dialog DLL:      DARMCM1.DLL V1.19.2.0
Target DLL:      STLink\ST-LINKIII-KEIL_SWO.dll V3.0.6.0
Dialog DLL:      TARMCM1.DLL V1.14.1.0
 
<h2>Project:</h2>
D:\Stm32f0DevelopDoc\Example\rtx_hal_3_rtx_advanced\rtx_hal.uvprojx
Project File Date:  08/06/2020

<h2>Output:</h2>
*** Using Compiler 'V5.06 update 6 (build 750)', folder: 'C:\Keil_v5\ARM\ARMCC\Bin'
Build target 'Target 1'
compiling main.c...
linking...
Program Size: Code=10440 RO-data=372 RW-data=72 ZI-data=5712  
".\Objects\rtx_hal.axf" - 0 Error(s), 0 Warning(s).

<h2>Software Packages used:</h2>

Package Vendor: ARM
                http://www.keil.com/pack/ARM.CMSIS.5.7.0.pack
                ARM.CMSIS.5.7.0
                CMSIS (Cortex Microcontroller Software Interface Standard)
   * Component: RTOS Version: 1.0.0
   * Component: CORE Version: 5.4.0
   * Component: Keil RTX Version: 4.82.0

Package Vendor: Keil
                http://www.keil.com/pack/Keil.STM32F0xx_DFP.2.1.0.pack
                Keil.STM32F0xx_DFP.2.1.0
                STMicroelectronics STM32F0 Series Device Support, Drivers and Examples
   * Component: ADC Version: 1.11.0
   * Component: COMMON Version: 1.11.0
   * Component: COMP Version: 1.11.0
   * Component: CORTEX Version: 1.11.0
   * Component: CRC Version: 1.11.0
   * Component: DAC Version: 1.11.0
   * Component: DMA Version: 1.11.0
   * Component: EXTI Version: 1.11.0
   * Component: FLASH Version: 1.11.0
   * Component: GPIO Version: 1.11.0
   * Component: I2C Version: 1.11.0
   * Component: I2S Version: 1.11.0
   * Component: IWDG Version: 1.11.0
   * Component: PWR Version: 1.11.0
   * Component: RCC Version: 1.11.0
   * Component: RTC Version: 1.11.0
   * Component: SPI Version: 1.11.0
   * Component: TIM Version: 1.11.0
   * Component: UART Version: 1.11.0
   * Component: WWDG Version: 1.11.0
   * Component: Startup Version: 1.0.0

<h2>Collection of Component include folders:</h2>
  .\RTE\Device\STM32F051R8Tx
  .\RTE\_Target_1
  C:\Users\Almus\AppData\Local\Arm\Packs\ARM\CMSIS\5.7.0\CMSIS\Core\Include
  C:\Users\Almus\AppData\Local\Arm\Packs\ARM\CMSIS\5.7.0\CMSIS\RTOS\RTX\INC
  C:\Users\Almus\AppData\Local\Arm\Packs\Keil\STM32F0xx_DFP\2.1.0\Drivers\CMSIS\Device\ST\STM32F0xx\Include
  C:\Users\Almus\AppData\Local\Arm\Packs\Keil\STM32F0xx_DFP\2.1.0\Drivers\STM32F0xx_HAL_Driver\Inc
  C:\Users\Almus\AppData\Local\Arm\Packs\Keil\STM32F0xx_DFP\2.1.0\Drivers\STM32F0xx_HAL_Driver\Inc\Legacy

<h2>Collection of Component Files used:</h2>

   * Component: ::CMSIS:RTOS:1.0.0 (API)

   * Component: ARM::CMSIS:CORE:5.4.0

   * Component: ARM::CMSIS:RTOS:Keil RTX:4.82.0
      Source file:   CMSIS\RTOS\RTX\UserCodeTemplates\MailQueue.c
      Source file:   CMSIS\RTOS\RTX\Templates\RTX_Conf_CM.c
      Source file:   CMSIS\RTOS\RTX\UserCodeTemplates\MemPool.c
      Source file:   CMSIS\RTOS\RTX\UserCodeTemplates\MsgQueue.c
      Source file:   CMSIS\RTOS\RTX\UserCodeTemplates\Mutex.c
      Include file:  CMSIS\RTOS\RTX\UserCodeTemplates\osObjects.h
      Include file:  CMSIS\RTOS\RTX\INC\cmsis_os.h
      Source file:   CMSIS\RTOS\RTX\UserCodeTemplates\Semaphore.c
      Source file:   CMSIS\RTOS\RTX\UserCodeTemplates\main.c
      Source file:   CMSIS\RTOS\RTX\UserCodeTemplates\Thread.c
      Library file:  CMSIS\RTOS\RTX\LIB\ARM\RTX_CM0.lib
      Source file:   CMSIS\RTOS\RTX\SRC\ARM\SVC_Table.s
      Source file:   CMSIS\RTOS\RTX\UserCodeTemplates\Timer.c

   * Component: Keil.Standalone::Device:STM32Cube HAL:ADC:1.11.0
      Source file:   Drivers\STM32F0xx_HAL_Driver\Src\stm32f0xx_hal_adc.c
      Source file:   Drivers\STM32F0xx_HAL_Driver\Src\stm32f0xx_hal_adc_ex.c

   * Component: Keil.Standalone::Device:STM32Cube HAL:COMMON:1.11.0
      Include file:  Drivers\STM32F0xx_HAL_Driver\Inc\Legacy\stm32_hal_legacy.h
      Include file:  Drivers\STM32F0xx_HAL_Driver\Inc\stm32f0xx_hal_def.h
      Include file:  Drivers\STM32F0xx_HAL_Driver\Inc\stm32f0xx_hal.h
      Source file:   Drivers\STM32F0xx_HAL_Driver\Src\stm32f0xx_hal.c
      Include file:  MDK\Templates\Inc\stm32f0xx_hal_conf.h
      Source file:   MDK\Templates\Src\stm32f0xx_hal_msp.c
      Source file:   MDK\Templates\Src\stm32f0xx_it.c
      Include file:  MDK\Templates\Inc\stm32f0xx_it.h
      Include file:  MDK\Templates\Inc\main.h
      Source file:   MDK\Templates\Src\main.c

   * Component: Keil.Standalone::Device:STM32Cube HAL:COMP:1.11.0
      Source file:   Drivers\STM32F0xx_HAL_Driver\Src\stm32f0xx_hal_comp.c

   * Component: Keil.Standalone::Device:STM32Cube HAL:CORTEX:1.11.0
      Source file:   Drivers\STM32F0xx_HAL_Driver\Src\stm32f0xx_hal_cortex.c

   * Component: Keil.Standalone::Device:STM32Cube HAL:CRC:1.11.0
      Source file:   Drivers\STM32F0xx_HAL_Driver\Src\stm32f0xx_hal_crc_ex.c
      Source file:   Drivers\STM32F0xx_HAL_Driver\Src\stm32f0xx_hal_crc.c

   * Component: Keil.Standalone::Device:STM32Cube HAL:DAC:1.11.0
      Source file:   Drivers\STM32F0xx_HAL_Driver\Src\stm32f0xx_hal_dac.c
      Source file:   Drivers\STM32F0xx_HAL_Driver\Src\stm32f0xx_hal_dac_ex.c

   * Component: Keil.Standalone::Device:STM32Cube HAL:DMA:1.11.0
      Source file:   Drivers\STM32F0xx_HAL_Driver\Src\stm32f0xx_hal_dma.c

   * Component: Keil.Standalone::Device:STM32Cube HAL:EXTI:1.11.0
      Source file:   Drivers\STM32F0xx_HAL_Driver\Src\stm32f0xx_hal_exti.c

   * Component: Keil.Standalone::Device:STM32Cube HAL:FLASH:1.11.0
      Source file:   Drivers\STM32F0xx_HAL_Driver\Src\stm32f0xx_hal_flash_ex.c
      Source file:   Drivers\STM32F0xx_HAL_Driver\Src\stm32f0xx_hal_flash.c

   * Component: Keil.Standalone::Device:STM32Cube HAL:GPIO:1.11.0
      Source file:   Drivers\STM32F0xx_HAL_Driver\Src\stm32f0xx_hal_gpio.c

   * Component: Keil.Standalone::Device:STM32Cube HAL:I2C:1.11.0
      Source file:   Drivers\STM32F0xx_HAL_Driver\Src\stm32f0xx_hal_i2c.c
      Source file:   Drivers\STM32F0xx_HAL_Driver\Src\stm32f0xx_hal_i2c_ex.c

   * Component: Keil.Standalone::Device:STM32Cube HAL:I2S:1.11.0
      Source file:   Drivers\STM32F0xx_HAL_Driver\Src\stm32f0xx_hal_i2s.c

   * Component: Keil.Standalone::Device:STM32Cube HAL:IWDG:1.11.0
      Source file:   Drivers\STM32F0xx_HAL_Driver\Src\stm32f0xx_hal_iwdg.c

   * Component: Keil.Standalone::Device:STM32Cube HAL:PWR:1.11.0
      Source file:   Drivers\STM32F0xx_HAL_Driver\Src\stm32f0xx_hal_pwr_ex.c
      Source file:   Drivers\STM32F0xx_HAL_Driver\Src\stm32f0xx_hal_pwr.c

   * Component: Keil.Standalone::Device:STM32Cube HAL:RCC:1.11.0
      Source file:   Drivers\STM32F0xx_HAL_Driver\Src\stm32f0xx_hal_rcc_ex.c
      Source file:   Drivers\STM32F0xx_HAL_Driver\Src\stm32f0xx_hal_rcc.c

   * Component: Keil.Standalone::Device:STM32Cube HAL:RTC:1.11.0
      Source file:   Drivers\STM32F0xx_HAL_Driver\Src\stm32f0xx_hal_rtc.c
      Source file:   Drivers\STM32F0xx_HAL_Driver\Src\stm32f0xx_hal_rtc_ex.c

   * Component: Keil.Standalone::Device:STM32Cube HAL:SPI:1.11.0
      Source file:   Drivers\STM32F0xx_HAL_Driver\Src\stm32f0xx_hal_spi_ex.c
      Source file:   Drivers\STM32F0xx_HAL_Driver\Src\stm32f0xx_hal_spi.c

   * Component: Keil.Standalone::Device:STM32Cube HAL:TIM:1.11.0
      Source file:   Drivers\STM32F0xx_HAL_Driver\Src\stm32f0xx_hal_tim.c
      Source file:   Drivers\STM32F0xx_HAL_Driver\Src\stm32f0xx_hal_tim_ex.c

   * Component: Keil.Standalone::Device:STM32Cube HAL:UART:1.11.0
      Source file:   Drivers\STM32F0xx_HAL_Driver\Src\stm32f0xx_hal_uart.c
      Source file:   Drivers\STM32F0xx_HAL_Driver\Src\stm32f0xx_hal_uart_ex.c

   * Component: Keil.Standalone::Device:STM32Cube HAL:WWDG:1.11.0
      Source file:   Drivers\STM32F0xx_HAL_Driver\Src\stm32f0xx_hal_wwdg.c

   * Component: Keil.Standalone::Device:Startup:1.0.0
      Include file:  Drivers\CMSIS\Device\ST\STM32F0xx\Include\stm32f0xx.h
      Source file:   MDK\Device\Source\ARM\STM32F0xx_OPT.s
      Source file:   Drivers\CMSIS\Device\ST\STM32F0xx\Source\Templates\system_stm32f0xx.c
      Source file:   Drivers\CMSIS\Device\ST\STM32F0xx\Source\Templates\arm\startup_stm32f051x8.s
Build Time Elapsed:  00:00:01
</pre>
</body>
</html>
